[INFO] Scanning for projects...
[INFO] 
[INFO] ------------------------< vn.vuavuive:backend >-------------------------
[INFO] Building Vß╗▒a Vui Vß║╗ Backend 1.0.0
[INFO]   from pom.xml
[INFO] --------------------------------[ jar ]---------------------------------
[INFO] 
[INFO] --- resources:3.3.1:resources (default-resources) @ backend ---
[INFO] Copying 3 resources from src\main\resources to target\classes
[INFO] Copying 1 resource from src\main\resources to target\classes
[INFO] 
[INFO] --- compiler:3.13.0:compile (default-compile) @ backend ---
[INFO] Recompiling the module because of changed source code.
[INFO] Compiling 96 source files with javac [debug parameters release 21] to target\classes
[INFO] /E:/Nam3/TaiLieuHocKi8/APP/VuaVuiVe/app-backend/src/main/java/vn/vuavuive/backend/modules/review/ReviewService.java: E:\Nam3\TaiLieuHocKi8\APP\VuaVuiVe\app-backend\src\main\java\vn\vuavuive\backend\modules\review\ReviewService.java uses unchecked or unsafe operations.
[INFO] /E:/Nam3/TaiLieuHocKi8/APP/VuaVuiVe/app-backend/src/main/java/vn/vuavuive/backend/modules/review/ReviewService.java: Recompile with -Xlint:unchecked for details.
[INFO] Some messages have been simplified; recompile with -Xdiags:verbose to get full output
[INFO] -------------------------------------------------------------
[ERROR] COMPILATION ERROR : 
[INFO] -------------------------------------------------------------
[ERROR] /E:/Nam3/TaiLieuHocKi8/APP/VuaVuiVe/app-backend/src/main/java/vn/vuavuive/backend/config/DataSeeder.java:[136,36] incompatible types: double cannot be converted to java.math.BigDecimal
[ERROR] /E:/Nam3/TaiLieuHocKi8/APP/VuaVuiVe/app-backend/src/main/java/vn/vuavuive/backend/config/DataSeeder.java:[148,36] incompatible types: double cannot be converted to java.math.BigDecimal
[ERROR] /E:/Nam3/TaiLieuHocKi8/APP/VuaVuiVe/app-backend/src/main/java/vn/vuavuive/backend/config/DataSeeder.java:[179,51] incompatible types: java.math.BigDecimal cannot be converted to java.lang.Double
[ERROR] /E:/Nam3/TaiLieuHocKi8/APP/VuaVuiVe/app-backend/src/main/java/vn/vuavuive/backend/config/DataSeeder.java:[190,30] incompatible types: java.lang.Double cannot be converted to java.math.BigDecimal
[ERROR] /E:/Nam3/TaiLieuHocKi8/APP/VuaVuiVe/app-backend/src/main/java/vn/vuavuive/backend/config/DataSeeder.java:[201,28] incompatible types: java.lang.Double cannot be converted to java.math.BigDecimal
[ERROR] /E:/Nam3/TaiLieuHocKi8/APP/VuaVuiVe/app-backend/src/main/java/vn/vuavuive/backend/modules/auth/AuthService.java:[228,17] cannot find symbol
  symbol:   variable UUID
  location: class vn.vuavuive.backend.modules.auth.AuthService
[ERROR] /E:/Nam3/TaiLieuHocKi8/APP/VuaVuiVe/app-backend/src/main/java/vn/vuavuive/backend/modules/auth/AuthService.java:[247,17] cannot find symbol
  symbol:   variable UUID
  location: class vn.vuavuive.backend.modules.auth.AuthService
[ERROR] /E:/Nam3/TaiLieuHocKi8/APP/VuaVuiVe/app-backend/src/main/java/vn/vuavuive/backend/modules/order/OrderService.java:[98,21] cannot find symbol
  symbol:   method product(vn.vuavuive.backend.modules.product.Product)
  location: class vn.vuavuive.backend.modules.order.OrderItem.OrderItemBuilder
[ERROR] /E:/Nam3/TaiLieuHocKi8/APP/VuaVuiVe/app-backend/src/main/java/vn/vuavuive/backend/modules/order/OrderService.java:[114,17] cannot find symbol
  symbol:   method user(vn.vuavuive.backend.modules.user.User)
  location: class vn.vuavuive.backend.modules.order.Order.OrderBuilder
[ERROR] /E:/Nam3/TaiLieuHocKi8/APP/VuaVuiVe/app-backend/src/main/java/vn/vuavuive/backend/modules/order/OrderService.java:[129,17] cannot find symbol
  symbol:   method setOrder(vn.vuavuive.backend.modules.order.Order)
  location: variable item of type vn.vuavuive.backend.modules.order.OrderItem
[ERROR] /E:/Nam3/TaiLieuHocKi8/APP/VuaVuiVe/app-backend/src/main/java/vn/vuavuive/backend/modules/order/OrderService.java:[161,78] incompatible types: java.lang.String cannot be converted to java.util.UUID
[ERROR] /E:/Nam3/TaiLieuHocKi8/APP/VuaVuiVe/app-backend/src/main/java/vn/vuavuive/backend/modules/order/OrderService.java:[162,87] incompatible types: java.lang.String cannot be converted to java.util.UUID
[ERROR] /E:/Nam3/TaiLieuHocKi8/APP/VuaVuiVe/app-backend/src/main/java/vn/vuavuive/backend/modules/order/OrderService.java:[175,34] method findAll in class vn.vuavuive.backend.modules.order.OrderRepository cannot be applied to given types;
  required: no arguments
  found:    org.springframework.data.domain.PageRequest
  reason: actual and formal argument lists differ in length
[ERROR] /E:/Nam3/TaiLieuHocKi8/APP/VuaVuiVe/app-backend/src/main/java/vn/vuavuive/backend/modules/order/OrderService.java:[213,87] incompatible types: java.lang.String cannot be converted to java.util.UUID
[ERROR] /E:/Nam3/TaiLieuHocKi8/APP/VuaVuiVe/app-backend/src/main/java/vn/vuavuive/backend/modules/order/OrderService.java:[217,34] incompatible types: java.lang.String cannot be converted to java.util.UUID
[ERROR] /E:/Nam3/TaiLieuHocKi8/APP/VuaVuiVe/app-backend/src/main/java/vn/vuavuive/backend/modules/order/OrderService.java:[244,35] cannot find symbol
  symbol:   method getProduct()
  location: variable item of type vn.vuavuive.backend.modules.order.OrderItem
[ERROR] /E:/Nam3/TaiLieuHocKi8/APP/VuaVuiVe/app-backend/src/main/java/vn/vuavuive/backend/modules/order/OrderService.java:[337,29] cannot find symbol
  symbol:   method getProduct()
  location: variable item of type vn.vuavuive.backend.modules.order.OrderItem
[ERROR] /E:/Nam3/TaiLieuHocKi8/APP/VuaVuiVe/app-backend/src/main/java/vn/vuavuive/backend/modules/order/OrderService.java:[336,21] cannot find symbol
  symbol:   method getProduct()
  location: variable item of type vn.vuavuive.backend.modules.order.OrderItem
[ERROR] /E:/Nam3/TaiLieuHocKi8/APP/VuaVuiVe/app-backend/src/main/java/vn/vuavuive/backend/modules/order/OrderService.java:[338,44] cannot find symbol
  symbol:   method getProduct()
  location: variable item of type vn.vuavuive.backend.modules.order.OrderItem
[ERROR] /E:/Nam3/TaiLieuHocKi8/APP/VuaVuiVe/app-backend/src/main/java/vn/vuavuive/backend/modules/order/OrderService.java:[386,29] cannot find symbol
  symbol:   method getProduct()
  location: variable item of type vn.vuavuive.backend.modules.order.OrderItem
[ERROR] /E:/Nam3/TaiLieuHocKi8/APP/VuaVuiVe/app-backend/src/main/java/vn/vuavuive/backend/modules/order/OrderService.java:[385,21] cannot find symbol
  symbol:   method getProduct()
  location: variable item of type vn.vuavuive.backend.modules.order.OrderItem
[ERROR] /E:/Nam3/TaiLieuHocKi8/APP/VuaVuiVe/app-backend/src/main/java/vn/vuavuive/backend/modules/order/OrderService.java:[387,44] cannot find symbol
  symbol:   method getProduct()
  location: variable item of type vn.vuavuive.backend.modules.order.OrderItem
[ERROR] /E:/Nam3/TaiLieuHocKi8/APP/VuaVuiVe/app-backend/src/main/java/vn/vuavuive/backend/modules/order/OrderService.java:[397,30] cannot find symbol
  symbol:   method getUser()
  location: variable order of type vn.vuavuive.backend.modules.order.Order
[ERROR] /E:/Nam3/TaiLieuHocKi8/APP/VuaVuiVe/app-backend/src/main/java/vn/vuavuive/backend/modules/order/OrderService.java:[440,17] cannot find symbol
  symbol:   method order(vn.vuavuive.backend.modules.order.Order)
  location: class vn.vuavuive.backend.modules.order.OrderStatusLog.OrderStatusLogBuilder
[ERROR] /E:/Nam3/TaiLieuHocKi8/APP/VuaVuiVe/app-backend/src/main/java/vn/vuavuive/backend/modules/order/OrderService.java:[453,29] cannot find symbol
  symbol:   method getProduct()
  location: variable item of type vn.vuavuive.backend.modules.order.OrderItem
[ERROR] /E:/Nam3/TaiLieuHocKi8/APP/VuaVuiVe/app-backend/src/main/java/vn/vuavuive/backend/modules/order/OrderService.java:[454,29] cannot find symbol
  symbol:   method getProduct()
  location: variable item of type vn.vuavuive.backend.modules.order.OrderItem
[ERROR] /E:/Nam3/TaiLieuHocKi8/APP/VuaVuiVe/app-backend/src/main/java/vn/vuavuive/backend/modules/order/OrderService.java:[455,29] cannot find symbol
  symbol:   method getProduct()
  location: variable item of type vn.vuavuive.backend.modules.order.OrderItem
[ERROR] /E:/Nam3/TaiLieuHocKi8/APP/VuaVuiVe/app-backend/src/main/java/vn/vuavuive/backend/modules/order/OrderService.java:[456,29] cannot find symbol
  symbol:   method getProduct()
  location: variable item of type vn.vuavuive.backend.modules.order.OrderItem
[ERROR] /E:/Nam3/TaiLieuHocKi8/APP/VuaVuiVe/app-backend/src/main/java/vn/vuavuive/backend/modules/order/OrderService.java:[485,42] cannot find symbol
  symbol:   method getUser()
  location: variable order of type vn.vuavuive.backend.modules.order.Order
[ERROR] /E:/Nam3/TaiLieuHocKi8/APP/VuaVuiVe/app-backend/src/main/java/vn/vuavuive/backend/modules/order/OrderService.java:[486,34] cannot find symbol
  symbol:   method getUser()
  location: variable order of type vn.vuavuive.backend.modules.order.Order
[ERROR] /E:/Nam3/TaiLieuHocKi8/APP/VuaVuiVe/app-backend/src/main/java/vn/vuavuive/backend/modules/order/OrderService.java:[487,34] cannot find symbol
  symbol:   method getUser()
  location: variable order of type vn.vuavuive.backend.modules.order.Order
[ERROR] /E:/Nam3/TaiLieuHocKi8/APP/VuaVuiVe/app-backend/src/main/java/vn/vuavuive/backend/modules/order/OrderService.java:[496,28] incompatible types: java.lang.String cannot be converted to java.util.UUID
[ERROR] /E:/Nam3/TaiLieuHocKi8/APP/VuaVuiVe/app-backend/src/main/java/vn/vuavuive/backend/modules/payment/MoMoService.java:[53,19] cannot find symbol
  symbol:   method getUser()
  location: variable order of type vn.vuavuive.backend.modules.order.Order
[ERROR] /E:/Nam3/TaiLieuHocKi8/APP/VuaVuiVe/app-backend/src/main/java/vn/vuavuive/backend/modules/payment/MoMoService.java:[99,17] cannot find symbol
  symbol:   method order(vn.vuavuive.backend.modules.order.Order)
  location: class vn.vuavuive.backend.modules.payment.PaymentTransaction.PaymentTransactionBuilder
[ERROR] /E:/Nam3/TaiLieuHocKi8/APP/VuaVuiVe/app-backend/src/main/java/vn/vuavuive/backend/modules/payment/MoMoService.java:[133,16] cannot find symbol
  symbol:   method getOrder()
  location: variable tx of type vn.vuavuive.backend.modules.payment.PaymentTransaction
[ERROR] /E:/Nam3/TaiLieuHocKi8/APP/VuaVuiVe/app-backend/src/main/java/vn/vuavuive/backend/modules/payment/MoMoService.java:[141,25] cannot find symbol
  symbol:   method getOrder()
  location: variable tx of type vn.vuavuive.backend.modules.payment.PaymentTransaction
[ERROR] /E:/Nam3/TaiLieuHocKi8/APP/VuaVuiVe/app-backend/src/main/java/vn/vuavuive/backend/modules/payment/MoMoService.java:[168,16] cannot find symbol
  symbol:   method getOrder()
  location: variable tx of type vn.vuavuive.backend.modules.payment.PaymentTransaction
[ERROR] /E:/Nam3/TaiLieuHocKi8/APP/VuaVuiVe/app-backend/src/main/java/vn/vuavuive/backend/modules/payment/MoMoService.java:[171,25] cannot find symbol
  symbol:   method getOrder()
  location: variable tx of type vn.vuavuive.backend.modules.payment.PaymentTransaction
[ERROR] /E:/Nam3/TaiLieuHocKi8/APP/VuaVuiVe/app-backend/src/main/java/vn/vuavuive/backend/modules/payment/MoMoService.java:[194,19] cannot find symbol
  symbol:   method getUser()
  location: variable order of type vn.vuavuive.backend.modules.order.Order
[ERROR] /E:/Nam3/TaiLieuHocKi8/APP/VuaVuiVe/app-backend/src/main/java/vn/vuavuive/backend/modules/payment/MoMoService.java:[250,17] cannot find symbol
  symbol:   method order(vn.vuavuive.backend.modules.order.Order)
  location: class vn.vuavuive.backend.modules.payment.PaymentTransaction.PaymentTransactionBuilder
[ERROR] /E:/Nam3/TaiLieuHocKi8/APP/VuaVuiVe/app-backend/src/main/java/vn/vuavuive/backend/modules/payment/MoMoService.java:[285,17] cannot find symbol
  symbol:   method order(vn.vuavuive.backend.modules.order.Order)
  location: class vn.vuavuive.backend.modules.order.OrderStatusLog.OrderStatusLogBuilder
[ERROR] /E:/Nam3/TaiLieuHocKi8/APP/VuaVuiVe/app-backend/src/main/java/vn/vuavuive/backend/modules/order/OrderScheduler.java:[47,43] cannot find symbol
  symbol:   method getProduct()
  location: variable item of type vn.vuavuive.backend.modules.order.OrderItem
[ERROR] /E:/Nam3/TaiLieuHocKi8/APP/VuaVuiVe/app-backend/src/main/java/vn/vuavuive/backend/modules/order/OrderScheduler.java:[59,25] cannot find symbol
  symbol:   method order(vn.vuavuive.backend.modules.order.Order)
  location: class vn.vuavuive.backend.modules.order.OrderStatusLog.OrderStatusLogBuilder
[ERROR] /E:/Nam3/TaiLieuHocKi8/APP/VuaVuiVe/app-backend/src/main/java/vn/vuavuive/backend/modules/product/ProductService.java:[124,17] cannot find symbol
  symbol:   method category(vn.vuavuive.backend.modules.category.Category)
  location: class vn.vuavuive.backend.modules.product.Product.ProductBuilder
[ERROR] /E:/Nam3/TaiLieuHocKi8/APP/VuaVuiVe/app-backend/src/main/java/vn/vuavuive/backend/modules/product/ProductService.java:[145,16] cannot find symbol
  symbol:   method setCategory(vn.vuavuive.backend.modules.category.Category)
  location: variable product of type vn.vuavuive.backend.modules.product.Product
[ERROR] /E:/Nam3/TaiLieuHocKi8/APP/VuaVuiVe/app-backend/src/main/java/vn/vuavuive/backend/modules/product/ProductService.java:[223,18] cannot find symbol
  symbol:   method getCategory()
  location: variable p of type vn.vuavuive.backend.modules.product.Product
[ERROR] /E:/Nam3/TaiLieuHocKi8/APP/VuaVuiVe/app-backend/src/main/java/vn/vuavuive/backend/modules/product/ProductService.java:[222,18] cannot find symbol
  symbol:   method getCategory()
  location: variable p of type vn.vuavuive.backend.modules.product.Product
[ERROR] /E:/Nam3/TaiLieuHocKi8/APP/VuaVuiVe/app-backend/src/main/java/vn/vuavuive/backend/modules/product/ProductService.java:[221,18] cannot find symbol
  symbol:   method getCategory()
  location: variable p of type vn.vuavuive.backend.modules.product.Product
[ERROR] /E:/Nam3/TaiLieuHocKi8/APP/VuaVuiVe/app-backend/src/main/java/vn/vuavuive/backend/modules/recipe/RecipeSeeder.java:[23,29] cannot find symbol
  symbol:   method count()
  location: variable recipeRepository of type vn.vuavuive.backend.modules.recipe.RecipeRepository
[ERROR] /E:/Nam3/TaiLieuHocKi8/APP/VuaVuiVe/app-backend/src/main/java/vn/vuavuive/backend/modules/recipe/RecipeSeeder.java:[565,25] cannot find symbol
  symbol:   method saveAll(java.util.List<vn.vuavuive.backend.modules.recipe.Recipe>)
  location: variable recipeRepository of type vn.vuavuive.backend.modules.recipe.RecipeRepository
[ERROR] /E:/Nam3/TaiLieuHocKi8/APP/VuaVuiVe/app-backend/src/main/java/vn/vuavuive/backend/modules/review/ReviewService.java:[39,31] cannot find symbol
  symbol:   method existsById(java.util.UUID)
  location: variable productRepository of type vn.vuavuive.backend.modules.product.ProductRepository
[ERROR] /E:/Nam3/TaiLieuHocKi8/APP/VuaVuiVe/app-backend/src/main/java/vn/vuavuive/backend/modules/review/ReviewService.java:[73,105] incompatible types: java.lang.String cannot be converted to java.util.UUID
[ERROR] /E:/Nam3/TaiLieuHocKi8/APP/VuaVuiVe/app-backend/src/main/java/vn/vuavuive/backend/modules/review/ReviewService.java:[83,17] cannot find symbol
  symbol:   method user(vn.vuavuive.backend.modules.user.User)
  location: class vn.vuavuive.backend.modules.review.Review.ReviewBuilder
[ERROR] /E:/Nam3/TaiLieuHocKi8/APP/VuaVuiVe/app-backend/src/main/java/vn/vuavuive/backend/modules/review/ReviewService.java:[103,51] incompatible types: java.util.UUID cannot be converted to java.lang.String
[ERROR] /E:/Nam3/TaiLieuHocKi8/APP/VuaVuiVe/app-backend/src/main/java/vn/vuavuive/backend/modules/review/ReviewService.java:[107,33] cannot find symbol
  symbol:   method getUser()
  location: variable review of type vn.vuavuive.backend.modules.review.Review
[ERROR] /E:/Nam3/TaiLieuHocKi8/APP/VuaVuiVe/app-backend/src/main/java/vn/vuavuive/backend/modules/review/ReviewService.java:[128,51] incompatible types: java.util.UUID cannot be converted to java.lang.String
[ERROR] /E:/Nam3/TaiLieuHocKi8/APP/VuaVuiVe/app-backend/src/main/java/vn/vuavuive/backend/modules/review/ReviewService.java:[131,33] cannot find symbol
  symbol:   method getUser()
  location: variable review of type vn.vuavuive.backend.modules.review.Review
[ERROR] /E:/Nam3/TaiLieuHocKi8/APP/VuaVuiVe/app-backend/src/main/java/vn/vuavuive/backend/modules/review/ReviewService.java:[137,25] cannot find symbol
  symbol:   method delete(vn.vuavuive.backend.modules.review.Review)
  location: variable reviewRepository of type vn.vuavuive.backend.modules.review.ReviewRepository
[ERROR] /E:/Nam3/TaiLieuHocKi8/APP/VuaVuiVe/app-backend/src/main/java/vn/vuavuive/backend/modules/review/ReviewService.java:[180,109] incompatible types: java.lang.String cannot be converted to java.util.UUID
[ERROR] /E:/Nam3/TaiLieuHocKi8/APP/VuaVuiVe/app-backend/src/main/java/vn/vuavuive/backend/modules/review/ReviewService.java:[188,25] cannot find symbol
  symbol:   method user(vn.vuavuive.backend.modules.user.User)
  location: class vn.vuavuive.backend.modules.review.Review.ReviewBuilder
[ERROR] /E:/Nam3/TaiLieuHocKi8/APP/VuaVuiVe/app-backend/src/main/java/vn/vuavuive/backend/modules/review/ReviewService.java:[214,117] cannot find symbol
  symbol:   method getProduct()
  location: variable item of type vn.vuavuive.backend.modules.order.OrderItem
[ERROR] /E:/Nam3/TaiLieuHocKi8/APP/VuaVuiVe/app-backend/src/main/java/vn/vuavuive/backend/modules/review/dto/ReviewResponse.java:[22,28] cannot find symbol
  symbol:   method getUser()
  location: variable r of type vn.vuavuive.backend.modules.review.Review
[ERROR] /E:/Nam3/TaiLieuHocKi8/APP/VuaVuiVe/app-backend/src/main/java/vn/vuavuive/backend/modules/review/dto/ReviewResponse.java:[23,28] cannot find symbol
  symbol:   method getUser()
  location: variable r of type vn.vuavuive.backend.modules.review.Review
[ERROR] /E:/Nam3/TaiLieuHocKi8/APP/VuaVuiVe/app-backend/src/main/java/vn/vuavuive/backend/modules/review/dto/ReviewResponse.java:[31,18] cannot find symbol
  symbol:   method getProduct()
  location: variable r of type vn.vuavuive.backend.modules.review.Review
[ERROR] /E:/Nam3/TaiLieuHocKi8/APP/VuaVuiVe/app-backend/src/main/java/vn/vuavuive/backend/modules/review/dto/ReviewResponse.java:[28,18] cannot find symbol
  symbol:   method getUser()
  location: variable r of type vn.vuavuive.backend.modules.review.Review
[ERROR] /E:/Nam3/TaiLieuHocKi8/APP/VuaVuiVe/app-backend/src/main/java/vn/vuavuive/backend/modules/shipper/ShipperService.java:[68,17] cannot find symbol
  symbol:   method user(vn.vuavuive.backend.modules.user.User)
  location: class vn.vuavuive.backend.modules.shipper.Shipper.ShipperBuilder
[ERROR] /E:/Nam3/TaiLieuHocKi8/APP/VuaVuiVe/app-backend/src/main/java/vn/vuavuive/backend/modules/shipper/ShipperService.java:[135,14] cannot find symbol
  symbol:   method setShipper(vn.vuavuive.backend.modules.shipper.Shipper)
  location: variable order of type vn.vuavuive.backend.modules.order.Order
[ERROR] /E:/Nam3/TaiLieuHocKi8/APP/VuaVuiVe/app-backend/src/main/java/vn/vuavuive/backend/modules/shipper/ShipperService.java:[159,18] cannot find symbol
  symbol:   method getShipper()
  location: variable order of type vn.vuavuive.backend.modules.order.Order
[ERROR] /E:/Nam3/TaiLieuHocKi8/APP/VuaVuiVe/app-backend/src/main/java/vn/vuavuive/backend/modules/shipper/ShipperService.java:[159,49] cannot find symbol
  symbol:   method getShipper()
  location: variable order of type vn.vuavuive.backend.modules.order.Order
[ERROR] /E:/Nam3/TaiLieuHocKi8/APP/VuaVuiVe/app-backend/src/main/java/vn/vuavuive/backend/modules/shipper/ShipperService.java:[192,29] cannot find symbol
  symbol:   method getProduct()
  location: variable item of type vn.vuavuive.backend.modules.order.OrderItem
[ERROR] /E:/Nam3/TaiLieuHocKi8/APP/VuaVuiVe/app-backend/src/main/java/vn/vuavuive/backend/modules/shipper/ShipperService.java:[191,21] cannot find symbol
  symbol:   method getProduct()
  location: variable item of type vn.vuavuive.backend.modules.order.OrderItem
[ERROR] /E:/Nam3/TaiLieuHocKi8/APP/VuaVuiVe/app-backend/src/main/java/vn/vuavuive/backend/modules/shipper/ShipperService.java:[229,17] cannot find symbol
  symbol:   method order(vn.vuavuive.backend.modules.order.Order)
  location: class vn.vuavuive.backend.modules.order.OrderStatusLog.OrderStatusLogBuilder
[ERROR] /E:/Nam3/TaiLieuHocKi8/APP/VuaVuiVe/app-backend/src/main/java/vn/vuavuive/backend/modules/shipper/ShipperService.java:[251,24] incompatible types: java.lang.String cannot be converted to java.util.UUID
[ERROR] /E:/Nam3/TaiLieuHocKi8/APP/VuaVuiVe/app-backend/src/main/java/vn/vuavuive/backend/modules/shipper/ShipperService.java:[257,18] cannot find symbol
  symbol:   method getUser()
  location: variable s of type vn.vuavuive.backend.modules.shipper.Shipper
[ERROR] /E:/Nam3/TaiLieuHocKi8/APP/VuaVuiVe/app-backend/src/main/java/vn/vuavuive/backend/modules/shipper/ShipperService.java:[257,40] cannot find symbol
  symbol:   method getUser()
  location: variable s of type vn.vuavuive.backend.modules.shipper.Shipper
[INFO] 75 errors 
[INFO] -------------------------------------------------------------
[INFO] ------------------------------------------------------------------------
[INFO] BUILD FAILURE
[INFO] ------------------------------------------------------------------------
[INFO] Total time:  5.260 s
[INFO] Finished at: 2026-06-26T20:50:19+07:00
[INFO] ------------------------------------------------------------------------
[ERROR] Failed to execute goal org.apache.maven.plugins:maven-compiler-plugin:3.13.0:compile (default-compile) on project backend: Compilation failure: Compilation failure: 
[ERROR] /E:/Nam3/TaiLieuHocKi8/APP/VuaVuiVe/app-backend/src/main/java/vn/vuavuive/backend/config/DataSeeder.java:[136,36] incompatible types: double cannot be converted to java.math.BigDecimal
[ERROR] /E:/Nam3/TaiLieuHocKi8/APP/VuaVuiVe/app-backend/src/main/java/vn/vuavuive/backend/config/DataSeeder.java:[148,36] incompatible types: double cannot be converted to java.math.BigDecimal
[ERROR] /E:/Nam3/TaiLieuHocKi8/APP/VuaVuiVe/app-backend/src/main/java/vn/vuavuive/backend/config/DataSeeder.java:[179,51] incompatible types: java.math.BigDecimal cannot be converted to java.lang.Double
[ERROR] /E:/Nam3/TaiLieuHocKi8/APP/VuaVuiVe/app-backend/src/main/java/vn/vuavuive/backend/config/DataSeeder.java:[190,30] incompatible types: java.lang.Double cannot be converted to java.math.BigDecimal
[ERROR] /E:/Nam3/TaiLieuHocKi8/APP/VuaVuiVe/app-backend/src/main/java/vn/vuavuive/backend/config/DataSeeder.java:[201,28] incompatible types: java.lang.Double cannot be converted to java.math.BigDecimal
[ERROR] /E:/Nam3/TaiLieuHocKi8/APP/VuaVuiVe/app-backend/src/main/java/vn/vuavuive/backend/modules/auth/AuthService.java:[228,17] cannot find symbol
[ERROR]   symbol:   variable UUID
[ERROR]   location: class vn.vuavuive.backend.modules.auth.AuthService
[ERROR] /E:/Nam3/TaiLieuHocKi8/APP/VuaVuiVe/app-backend/src/main/java/vn/vuavuive/backend/modules/auth/AuthService.java:[247,17] cannot find symbol
[ERROR]   symbol:   variable UUID
[ERROR]   location: class vn.vuavuive.backend.modules.auth.AuthService
[ERROR] /E:/Nam3/TaiLieuHocKi8/APP/VuaVuiVe/app-backend/src/main/java/vn/vuavuive/backend/modules/order/OrderService.java:[98,21] cannot find symbol
[ERROR]   symbol:   method product(vn.vuavuive.backend.modules.product.Product)
[ERROR]   location: class vn.vuavuive.backend.modules.order.OrderItem.OrderItemBuilder
[ERROR] /E:/Nam3/TaiLieuHocKi8/APP/VuaVuiVe/app-backend/src/main/java/vn/vuavuive/backend/modules/order/OrderService.java:[114,17] cannot find symbol
[ERROR]   symbol:   method user(vn.vuavuive.backend.modules.user.User)
[ERROR]   location: class vn.vuavuive.backend.modules.order.Order.OrderBuilder
[ERROR] /E:/Nam3/TaiLieuHocKi8/APP/VuaVuiVe/app-backend/src/main/java/vn/vuavuive/backend/modules/order/OrderService.java:[129,17] cannot find symbol
[ERROR]   symbol:   method setOrder(vn.vuavuive.backend.modules.order.Order)
[ERROR]   location: variable item of type vn.vuavuive.backend.modules.order.OrderItem
[ERROR] /E:/Nam3/TaiLieuHocKi8/APP/VuaVuiVe/app-backend/src/main/java/vn/vuavuive/backend/modules/order/OrderService.java:[161,78] incompatible types: java.lang.String cannot be converted to java.util.UUID
[ERROR] /E:/Nam3/TaiLieuHocKi8/APP/VuaVuiVe/app-backend/src/main/java/vn/vuavuive/backend/modules/order/OrderService.java:[162,87] incompatible types: java.lang.String cannot be converted to java.util.UUID
[ERROR] /E:/Nam3/TaiLieuHocKi8/APP/VuaVuiVe/app-backend/src/main/java/vn/vuavuive/backend/modules/order/OrderService.java:[175,34] method findAll in class vn.vuavuive.backend.modules.order.OrderRepository cannot be applied to given types;
[ERROR]   required: no arguments
[ERROR]   found:    org.springframework.data.domain.PageRequest
[ERROR]   reason: actual and formal argument lists differ in length
[ERROR] /E:/Nam3/TaiLieuHocKi8/APP/VuaVuiVe/app-backend/src/main/java/vn/vuavuive/backend/modules/order/OrderService.java:[213,87] incompatible types: java.lang.String cannot be converted to java.util.UUID
[ERROR] /E:/Nam3/TaiLieuHocKi8/APP/VuaVuiVe/app-backend/src/main/java/vn/vuavuive/backend/modules/order/OrderService.java:[217,34] incompatible types: java.lang.String cannot be converted to java.util.UUID
[ERROR] /E:/Nam3/TaiLieuHocKi8/APP/VuaVuiVe/app-backend/src/main/java/vn/vuavuive/backend/modules/order/OrderService.java:[244,35] cannot find symbol
[ERROR]   symbol:   method getProduct()
[ERROR]   location: variable item of type vn.vuavuive.backend.modules.order.OrderItem
[ERROR] /E:/Nam3/TaiLieuHocKi8/APP/VuaVuiVe/app-backend/src/main/java/vn/vuavuive/backend/modules/order/OrderService.java:[337,29] cannot find symbol
[ERROR]   symbol:   method getProduct()
[ERROR]   location: variable item of type vn.vuavuive.backend.modules.order.OrderItem
[ERROR] /E:/Nam3/TaiLieuHocKi8/APP/VuaVuiVe/app-backend/src/main/java/vn/vuavuive/backend/modules/order/OrderService.java:[336,21] cannot find symbol
[ERROR]   symbol:   method getProduct()
[ERROR]   location: variable item of type vn.vuavuive.backend.modules.order.OrderItem
[ERROR] /E:/Nam3/TaiLieuHocKi8/APP/VuaVuiVe/app-backend/src/main/java/vn/vuavuive/backend/modules/order/OrderService.java:[338,44] cannot find symbol
[ERROR]   symbol:   method getProduct()
[ERROR]   location: variable item of type vn.vuavuive.backend.modules.order.OrderItem
[ERROR] /E:/Nam3/TaiLieuHocKi8/APP/VuaVuiVe/app-backend/src/main/java/vn/vuavuive/backend/modules/order/OrderService.java:[386,29] cannot find symbol
[ERROR]   symbol:   method getProduct()
[ERROR]   location: variable item of type vn.vuavuive.backend.modules.order.OrderItem
[ERROR] /E:/Nam3/TaiLieuHocKi8/APP/VuaVuiVe/app-backend/src/main/java/vn/vuavuive/backend/modules/order/OrderService.java:[385,21] cannot find symbol
[ERROR]   symbol:   method getProduct()
[ERROR]   location: variable item of type vn.vuavuive.backend.modules.order.OrderItem
[ERROR] /E:/Nam3/TaiLieuHocKi8/APP/VuaVuiVe/app-backend/src/main/java/vn/vuavuive/backend/modules/order/OrderService.java:[387,44] cannot find symbol
[ERROR]   symbol:   method getProduct()
[ERROR]   location: variable item of type vn.vuavuive.backend.modules.order.OrderItem
[ERROR] /E:/Nam3/TaiLieuHocKi8/APP/VuaVuiVe/app-backend/src/main/java/vn/vuavuive/backend/modules/order/OrderService.java:[397,30] cannot find symbol
[ERROR]   symbol:   method getUser()
[ERROR]   location: variable order of type vn.vuavuive.backend.modules.order.Order
[ERROR] /E:/Nam3/TaiLieuHocKi8/APP/VuaVuiVe/app-backend/src/main/java/vn/vuavuive/backend/modules/order/OrderService.java:[440,17] cannot find symbol
[ERROR]   symbol:   method order(vn.vuavuive.backend.modules.order.Order)
[ERROR]   location: class vn.vuavuive.backend.modules.order.OrderStatusLog.OrderStatusLogBuilder
[ERROR] /E:/Nam3/TaiLieuHocKi8/APP/VuaVuiVe/app-backend/src/main/java/vn/vuavuive/backend/modules/order/OrderService.java:[453,29] cannot find symbol
[ERROR]   symbol:   method getProduct()
[ERROR]   location: variable item of type vn.vuavuive.backend.modules.order.OrderItem
[ERROR] /E:/Nam3/TaiLieuHocKi8/APP/VuaVuiVe/app-backend/src/main/java/vn/vuavuive/backend/modules/order/OrderService.java:[454,29] cannot find symbol
[ERROR]   symbol:   method getProduct()
[ERROR]   location: variable item of type vn.vuavuive.backend.modules.order.OrderItem
[ERROR] /E:/Nam3/TaiLieuHocKi8/APP/VuaVuiVe/app-backend/src/main/java/vn/vuavuive/backend/modules/order/OrderService.java:[455,29] cannot find symbol
[ERROR]   symbol:   method getProduct()
[ERROR]   location: variable item of type vn.vuavuive.backend.modules.order.OrderItem
[ERROR] /E:/Nam3/TaiLieuHocKi8/APP/VuaVuiVe/app-backend/src/main/java/vn/vuavuive/backend/modules/order/OrderService.java:[456,29] cannot find symbol
[ERROR]   symbol:   method getProduct()
[ERROR]   location: variable item of type vn.vuavuive.backend.modules.order.OrderItem
[ERROR] /E:/Nam3/TaiLieuHocKi8/APP/VuaVuiVe/app-backend/src/main/java/vn/vuavuive/backend/modules/order/OrderService.java:[485,42] cannot find symbol
[ERROR]   symbol:   method getUser()
[ERROR]   location: variable order of type vn.vuavuive.backend.modules.order.Order
[ERROR] /E:/Nam3/TaiLieuHocKi8/APP/VuaVuiVe/app-backend/src/main/java/vn/vuavuive/backend/modules/order/OrderService.java:[486,34] cannot find symbol
[ERROR]   symbol:   method getUser()
[ERROR]   location: variable order of type vn.vuavuive.backend.modules.order.Order
[ERROR] /E:/Nam3/TaiLieuHocKi8/APP/VuaVuiVe/app-backend/src/main/java/vn/vuavuive/backend/modules/order/OrderService.java:[487,34] cannot find symbol
[ERROR]   symbol:   method getUser()
[ERROR]   location: variable order of type vn.vuavuive.backend.modules.order.Order
[ERROR] /E:/Nam3/TaiLieuHocKi8/APP/VuaVuiVe/app-backend/src/main/java/vn/vuavuive/backend/modules/order/OrderService.java:[496,28] incompatible types: java.lang.String cannot be converted to java.util.UUID
[ERROR] /E:/Nam3/TaiLieuHocKi8/APP/VuaVuiVe/app-backend/src/main/java/vn/vuavuive/backend/modules/payment/MoMoService.java:[53,19] cannot find symbol
[ERROR]   symbol:   method getUser()
[ERROR]   location: variable order of type vn.vuavuive.backend.modules.order.Order
[ERROR] /E:/Nam3/TaiLieuHocKi8/APP/VuaVuiVe/app-backend/src/main/java/vn/vuavuive/backend/modules/payment/MoMoService.java:[99,17] cannot find symbol
[ERROR]   symbol:   method order(vn.vuavuive.backend.modules.order.Order)
[ERROR]   location: class vn.vuavuive.backend.modules.payment.PaymentTransaction.PaymentTransactionBuilder
[ERROR] /E:/Nam3/TaiLieuHocKi8/APP/VuaVuiVe/app-backend/src/main/java/vn/vuavuive/backend/modules/payment/MoMoService.java:[133,16] cannot find symbol
[ERROR]   symbol:   method getOrder()
[ERROR]   location: variable tx of type vn.vuavuive.backend.modules.payment.PaymentTransaction
[ERROR] /E:/Nam3/TaiLieuHocKi8/APP/VuaVuiVe/app-backend/src/main/java/vn/vuavuive/backend/modules/payment/MoMoService.java:[141,25] cannot find symbol
[ERROR]   symbol:   method getOrder()
[ERROR]   location: variable tx of type vn.vuavuive.backend.modules.payment.PaymentTransaction
[ERROR] /E:/Nam3/TaiLieuHocKi8/APP/VuaVuiVe/app-backend/src/main/java/vn/vuavuive/backend/modules/payment/MoMoService.java:[168,16] cannot find symbol
[ERROR]   symbol:   method getOrder()
[ERROR]   location: variable tx of type vn.vuavuive.backend.modules.payment.PaymentTransaction
[ERROR] /E:/Nam3/TaiLieuHocKi8/APP/VuaVuiVe/app-backend/src/main/java/vn/vuavuive/backend/modules/payment/MoMoService.java:[171,25] cannot find symbol
[ERROR]   symbol:   method getOrder()
[ERROR]   location: variable tx of type vn.vuavuive.backend.modules.payment.PaymentTransaction
[ERROR] /E:/Nam3/TaiLieuHocKi8/APP/VuaVuiVe/app-backend/src/main/java/vn/vuavuive/backend/modules/payment/MoMoService.java:[194,19] cannot find symbol
[ERROR]   symbol:   method getUser()
[ERROR]   location: variable order of type vn.vuavuive.backend.modules.order.Order
[ERROR] /E:/Nam3/TaiLieuHocKi8/APP/VuaVuiVe/app-backend/src/main/java/vn/vuavuive/backend/modules/payment/MoMoService.java:[250,17] cannot find symbol
[ERROR]   symbol:   method order(vn.vuavuive.backend.modules.order.Order)
[ERROR]   location: class vn.vuavuive.backend.modules.payment.PaymentTransaction.PaymentTransactionBuilder
[ERROR] /E:/Nam3/TaiLieuHocKi8/APP/VuaVuiVe/app-backend/src/main/java/vn/vuavuive/backend/modules/payment/MoMoService.java:[285,17] cannot find symbol
[ERROR]   symbol:   method order(vn.vuavuive.backend.modules.order.Order)
[ERROR]   location: class vn.vuavuive.backend.modules.order.OrderStatusLog.OrderStatusLogBuilder
[ERROR] /E:/Nam3/TaiLieuHocKi8/APP/VuaVuiVe/app-backend/src/main/java/vn/vuavuive/backend/modules/order/OrderScheduler.java:[47,43] cannot find symbol
[ERROR]   symbol:   method getProduct()
[ERROR]   location: variable item of type vn.vuavuive.backend.modules.order.OrderItem
[ERROR] /E:/Nam3/TaiLieuHocKi8/APP/VuaVuiVe/app-backend/src/main/java/vn/vuavuive/backend/modules/order/OrderScheduler.java:[59,25] cannot find symbol
[ERROR]   symbol:   method order(vn.vuavuive.backend.modules.order.Order)
[ERROR]   location: class vn.vuavuive.backend.modules.order.OrderStatusLog.OrderStatusLogBuilder
[ERROR] /E:/Nam3/TaiLieuHocKi8/APP/VuaVuiVe/app-backend/src/main/java/vn/vuavuive/backend/modules/product/ProductService.java:[124,17] cannot find symbol
[ERROR]   symbol:   method category(vn.vuavuive.backend.modules.category.Category)
[ERROR]   location: class vn.vuavuive.backend.modules.product.Product.ProductBuilder
[ERROR] /E:/Nam3/TaiLieuHocKi8/APP/VuaVuiVe/app-backend/src/main/java/vn/vuavuive/backend/modules/product/ProductService.java:[145,16] cannot find symbol
[ERROR]   symbol:   method setCategory(vn.vuavuive.backend.modules.category.Category)
[ERROR]   location: variable product of type vn.vuavuive.backend.modules.product.Product
[ERROR] /E:/Nam3/TaiLieuHocKi8/APP/VuaVuiVe/app-backend/src/main/java/vn/vuavuive/backend/modules/product/ProductService.java:[223,18] cannot find symbol
[ERROR]   symbol:   method getCategory()
[ERROR]   location: variable p of type vn.vuavuive.backend.modules.product.Product
[ERROR] /E:/Nam3/TaiLieuHocKi8/APP/VuaVuiVe/app-backend/src/main/java/vn/vuavuive/backend/modules/product/ProductService.java:[222,18] cannot find symbol
[ERROR]   symbol:   method getCategory()
[ERROR]   location: variable p of type vn.vuavuive.backend.modules.product.Product
[ERROR] /E:/Nam3/TaiLieuHocKi8/APP/VuaVuiVe/app-backend/src/main/java/vn/vuavuive/backend/modules/product/ProductService.java:[221,18] cannot find symbol
[ERROR]   symbol:   method getCategory()
[ERROR]   location: variable p of type vn.vuavuive.backend.modules.product.Product
[ERROR] /E:/Nam3/TaiLieuHocKi8/APP/VuaVuiVe/app-backend/src/main/java/vn/vuavuive/backend/modules/recipe/RecipeSeeder.java:[23,29] cannot find symbol
[ERROR]   symbol:   method count()
[ERROR]   location: variable recipeRepository of type vn.vuavuive.backend.modules.recipe.RecipeRepository
[ERROR] /E:/Nam3/TaiLieuHocKi8/APP/VuaVuiVe/app-backend/src/main/java/vn/vuavuive/backend/modules/recipe/RecipeSeeder.java:[565,25] cannot find symbol
[ERROR]   symbol:   method saveAll(java.util.List<vn.vuavuive.backend.modules.recipe.Recipe>)
[ERROR]   location: variable recipeRepository of type vn.vuavuive.backend.modules.recipe.RecipeRepository
[ERROR] /E:/Nam3/TaiLieuHocKi8/APP/VuaVuiVe/app-backend/src/main/java/vn/vuavuive/backend/modules/review/ReviewService.java:[39,31] cannot find symbol
[ERROR]   symbol:   method existsById(java.util.UUID)
[ERROR]   location: variable productRepository of type vn.vuavuive.backend.modules.product.ProductRepository
[ERROR] /E:/Nam3/TaiLieuHocKi8/APP/VuaVuiVe/app-backend/src/main/java/vn/vuavuive/backend/modules/review/ReviewService.java:[73,105] incompatible types: java.lang.String cannot be converted to java.util.UUID
[ERROR] /E:/Nam3/TaiLieuHocKi8/APP/VuaVuiVe/app-backend/src/main/java/vn/vuavuive/backend/modules/review/ReviewService.java:[83,17] cannot find symbol
[ERROR]   symbol:   method user(vn.vuavuive.backend.modules.user.User)
[ERROR]   location: class vn.vuavuive.backend.modules.review.Review.ReviewBuilder
[ERROR] /E:/Nam3/TaiLieuHocKi8/APP/VuaVuiVe/app-backend/src/main/java/vn/vuavuive/backend/modules/review/ReviewService.java:[103,51] incompatible types: java.util.UUID cannot be converted to java.lang.String
[ERROR] /E:/Nam3/TaiLieuHocKi8/APP/VuaVuiVe/app-backend/src/main/java/vn/vuavuive/backend/modules/review/ReviewService.java:[107,33] cannot find symbol
[ERROR]   symbol:   method getUser()
[ERROR]   location: variable review of type vn.vuavuive.backend.modules.review.Review
[ERROR] /E:/Nam3/TaiLieuHocKi8/APP/VuaVuiVe/app-backend/src/main/java/vn/vuavuive/backend/modules/review/ReviewService.java:[128,51] incompatible types: java.util.UUID cannot be converted to java.lang.String
[ERROR] /E:/Nam3/TaiLieuHocKi8/APP/VuaVuiVe/app-backend/src/main/java/vn/vuavuive/backend/modules/review/ReviewService.java:[131,33] cannot find symbol
[ERROR]   symbol:   method getUser()
[ERROR]   location: variable review of type vn.vuavuive.backend.modules.review.Review
[ERROR] /E:/Nam3/TaiLieuHocKi8/APP/VuaVuiVe/app-backend/src/main/java/vn/vuavuive/backend/modules/review/ReviewService.java:[137,25] cannot find symbol
[ERROR]   symbol:   method delete(vn.vuavuive.backend.modules.review.Review)
[ERROR]   location: variable reviewRepository of type vn.vuavuive.backend.modules.review.ReviewRepository
[ERROR] /E:/Nam3/TaiLieuHocKi8/APP/VuaVuiVe/app-backend/src/main/java/vn/vuavuive/backend/modules/review/ReviewService.java:[180,109] incompatible types: java.lang.String cannot be converted to java.util.UUID
[ERROR] /E:/Nam3/TaiLieuHocKi8/APP/VuaVuiVe/app-backend/src/main/java/vn/vuavuive/backend/modules/review/ReviewService.java:[188,25] cannot find symbol
[ERROR]   symbol:   method user(vn.vuavuive.backend.modules.user.User)
[ERROR]   location: class vn.vuavuive.backend.modules.review.Review.ReviewBuilder
[ERROR] /E:/Nam3/TaiLieuHocKi8/APP/VuaVuiVe/app-backend/src/main/java/vn/vuavuive/backend/modules/review/ReviewService.java:[214,117] cannot find symbol
[ERROR]   symbol:   method getProduct()
[ERROR]   location: variable item of type vn.vuavuive.backend.modules.order.OrderItem
[ERROR] /E:/Nam3/TaiLieuHocKi8/APP/VuaVuiVe/app-backend/src/main/java/vn/vuavuive/backend/modules/review/dto/ReviewResponse.java:[22,28] cannot find symbol
[ERROR]   symbol:   method getUser()
[ERROR]   location: variable r of type vn.vuavuive.backend.modules.review.Review
[ERROR] /E:/Nam3/TaiLieuHocKi8/APP/VuaVuiVe/app-backend/src/main/java/vn/vuavuive/backend/modules/review/dto/ReviewResponse.java:[23,28] cannot find symbol
[ERROR]   symbol:   method getUser()
[ERROR]   location: variable r of type vn.vuavuive.backend.modules.review.Review
[ERROR] /E:/Nam3/TaiLieuHocKi8/APP/VuaVuiVe/app-backend/src/main/java/vn/vuavuive/backend/modules/review/dto/ReviewResponse.java:[31,18] cannot find symbol
[ERROR]   symbol:   method getProduct()
[ERROR]   location: variable r of type vn.vuavuive.backend.modules.review.Review
[ERROR] /E:/Nam3/TaiLieuHocKi8/APP/VuaVuiVe/app-backend/src/main/java/vn/vuavuive/backend/modules/review/dto/ReviewResponse.java:[28,18] cannot find symbol
[ERROR]   symbol:   method getUser()
[ERROR]   location: variable r of type vn.vuavuive.backend.modules.review.Review
[ERROR] /E:/Nam3/TaiLieuHocKi8/APP/VuaVuiVe/app-backend/src/main/java/vn/vuavuive/backend/modules/shipper/ShipperService.java:[68,17] cannot find symbol
[ERROR]   symbol:   method user(vn.vuavuive.backend.modules.user.User)
[ERROR]   location: class vn.vuavuive.backend.modules.shipper.Shipper.ShipperBuilder
[ERROR] /E:/Nam3/TaiLieuHocKi8/APP/VuaVuiVe/app-backend/src/main/java/vn/vuavuive/backend/modules/shipper/ShipperService.java:[135,14] cannot find symbol
[ERROR]   symbol:   method setShipper(vn.vuavuive.backend.modules.shipper.Shipper)
[ERROR]   location: variable order of type vn.vuavuive.backend.modules.order.Order
[ERROR] /E:/Nam3/TaiLieuHocKi8/APP/VuaVuiVe/app-backend/src/main/java/vn/vuavuive/backend/modules/shipper/ShipperService.java:[159,18] cannot find symbol
[ERROR]   symbol:   method getShipper()
[ERROR]   location: variable order of type vn.vuavuive.backend.modules.order.Order
[ERROR] /E:/Nam3/TaiLieuHocKi8/APP/VuaVuiVe/app-backend/src/main/java/vn/vuavuive/backend/modules/shipper/ShipperService.java:[159,49] cannot find symbol
[ERROR]   symbol:   method getShipper()
[ERROR]   location: variable order of type vn.vuavuive.backend.modules.order.Order
[ERROR] /E:/Nam3/TaiLieuHocKi8/APP/VuaVuiVe/app-backend/src/main/java/vn/vuavuive/backend/modules/shipper/ShipperService.java:[192,29] cannot find symbol
[ERROR]   symbol:   method getProduct()
[ERROR]   location: variable item of type vn.vuavuive.backend.modules.order.OrderItem
[ERROR] /E:/Nam3/TaiLieuHocKi8/APP/VuaVuiVe/app-backend/src/main/java/vn/vuavuive/backend/modules/shipper/ShipperService.java:[191,21] cannot find symbol
[ERROR]   symbol:   method getProduct()
[ERROR]   location: variable item of type vn.vuavuive.backend.modules.order.OrderItem
[ERROR] /E:/Nam3/TaiLieuHocKi8/APP/VuaVuiVe/app-backend/src/main/java/vn/vuavuive/backend/modules/shipper/ShipperService.java:[229,17] cannot find symbol
[ERROR]   symbol:   method order(vn.vuavuive.backend.modules.order.Order)
[ERROR]   location: class vn.vuavuive.backend.modules.order.OrderStatusLog.OrderStatusLogBuilder
[ERROR] /E:/Nam3/TaiLieuHocKi8/APP/VuaVuiVe/app-backend/src/main/java/vn/vuavuive/backend/modules/shipper/ShipperService.java:[251,24] incompatible types: java.lang.String cannot be converted to java.util.UUID
[ERROR] /E:/Nam3/TaiLieuHocKi8/APP/VuaVuiVe/app-backend/src/main/java/vn/vuavuive/backend/modules/shipper/ShipperService.java:[257,18] cannot find symbol
[ERROR]   symbol:   method getUser()
[ERROR]   location: variable s of type vn.vuavuive.backend.modules.shipper.Shipper
[ERROR] /E:/Nam3/TaiLieuHocKi8/APP/VuaVuiVe/app-backend/src/main/java/vn/vuavuive/backend/modules/shipper/ShipperService.java:[257,40] cannot find symbol
[ERROR]   symbol:   method getUser()
[ERROR]   location: variable s of type vn.vuavuive.backend.modules.shipper.Shipper
[ERROR] -> [Help 1]
[ERROR] 
[ERROR] To see the full stack trace of the errors, re-run Maven with the -e switch.
[ERROR] Re-run Maven using the -X switch to enable full debug logging.
[ERROR] 
[ERROR] For more information about the errors and possible solutions, please read the following articles:
[ERROR] [Help 1] http://cwiki.apache.org/confluence/display/MAVEN/MojoFailureException
