=======================================================
   KHOI DONG VUAVUIVE BACKEND - PORT FORWARD
=======================================================
[+] Kiem tra thiet bi dang ket noi...
[+] Da phat hien thiet bi/may ao dang chay san.
[+] Dang kich hoat dung luong tu dong reverse port 3000...

[+] Kiem tra Java:
[adb] Dang cho thiet bi... 
[+][adb] Da reverse port 3000 thanh cong!

Public base URL (ngrok): 
MoMo mock mode: true
[+] Dang khoi dong Spring Boot...
[INFO] Scanning for projects...
[INFO] 
[INFO] ------------------------< vn.vuavuive:backend >-------------------------
[INFO] Building Vựa Vui Vẻ Backend 1.0.0
[INFO]   from pom.xml
[INFO] --------------------------------[ jar ]---------------------------------
[INFO] 
[INFO] >>> spring-boot:3.3.0:run (default-cli) > test-compile @ backend >>>
[INFO] 
[INFO] --- resources:3.3.1:resources (default-resources) @ backend ---
[INFO] Copying 3 resources from src\main\resources to target\classes
[INFO] Copying 11 resources from src\main\resources to target\classes
[INFO] 
[INFO] --- compiler:3.13.0:compile (default-compile) @ backend ---
[INFO] Nothing to compile - all classes are up to date.
[INFO] 
[INFO] --- resources:3.3.1:testResources (default-testResources) @ backend ---
[INFO] skip non existing resourceDirectory E:\Nam3\TaiLieuHocKi8\APP\VuaVuiVe\app-backend\src\test\resources
[INFO] 
[INFO] --- compiler:3.13.0:testCompile (default-testCompile) @ backend ---
[INFO] No sources to compile
[INFO] 
[INFO] <<< spring-boot:3.3.0:run (default-cli) < test-compile @ backend <<<
[INFO] 
[INFO] 
[INFO] --- spring-boot:3.3.0:run (default-cli) @ backend ---
[INFO] Attaching agents: []
  .   ____          _            __ _ _
 /\\ / ___'_ __ _ _(_)_ __  __ _ \ \ \ \
( ( )\___ | '_ | '_| | '_ \/ _` | \ \ \ \
 \\/  ___)| |_)| | | | | || (_| |  ) ) ) )
  '  |____| .__|_| |_|_| |_\__, | / / / /
 =========|_|==============|___/=/_/_/_/

 :: Spring Boot ::                (v3.3.0)

2026-06-29T15:23:18.670+07:00  INFO 37564 --- [           main] v.v.backend.VuaVuiVeBackendApplication   : Starting VuaVuiVeBackendApplication using Java 21.0.11 with PID 37564 (E:\Nam3\TaiLieuHocKi8\APP\VuaVuiVe\app-backend\target\classes started by ADMIN in E:\Nam3\TaiLieuHocKi8\APP\VuaVuiVe\app-backend)
2026-06-29T15:23:18.672+07:00 DEBUG 37564 --- [           main] v.v.backend.VuaVuiVeBackendApplication   : Running with Spring Boot v3.3.0, Spring v6.1.8
2026-06-29T15:23:18.673+07:00  INFO 37564 --- [           main] v.v.backend.VuaVuiVeBackendApplication   : The following 1 profile is active: "dev"
2026-06-29T15:23:19.772+07:00  INFO 37564 --- [           main] o.s.b.w.embedded.tomcat.TomcatWebServer  : Tomcat initialized with port 3000 (http)
2026-06-29T15:23:19.783+07:00  INFO 37564 --- [           main] o.apache.catalina.core.StandardService   : Starting service [Tomcat]
2026-06-29T15:23:19.784+07:00  INFO 37564 --- [           main] o.apache.catalina.core.StandardEngine    : Starting Servlet engine: [Apache Tomcat/10.1.24]
2026-06-29T15:23:19.842+07:00  INFO 37564 --- [           main] o.a.c.c.C.[Tomcat].[localhost].[/]       : Initializing Spring embedded WebApplicationContext
2026-06-29T15:23:19.843+07:00  INFO 37564 --- [           main] w.s.c.ServletWebServerApplicationContext : Root WebApplicationContext: initialization completed in 1137 ms
2026-06-29T15:23:20.013+07:00  INFO 37564 --- [           main] v.v.b.core.FirebaseRepositoryHelper      : Initialized REST-based FirebaseRepositoryHelper with URL: https://vua-vui-ve-default-rtdb.firebaseio.com
2026-06-29T15:23:20.072+07:00 DEBUG 37564 --- [           main] v.v.backend.security.JwtAuthFilter       : Filter 'jwtAuthFilter' configured for use
2026-06-29T15:23:20.217+07:00  INFO 37564 --- [           main] eAuthenticationProviderManagerConfigurer : Global AuthenticationManager configured with AuthenticationProvider bean with name authenticationProvider
2026-06-29T15:23:20.218+07:00  WARN 37564 --- [           main] r$InitializeUserDetailsManagerConfigurer : Global AuthenticationManager configured with an AuthenticationProvider bean. UserDetailsService beans will not be used for username/password login. Consider removing the AuthenticationProvider bean. Alternatively, consider using the UserDetailsService in a manually instantiated DaoAuthenticationProvider.
2026-06-29T15:23:20.392+07:00  INFO 37564 --- [           main] v.v.backend.config.FirebaseConfig        : Starting initialization of Firebase Admin SDK...
2026-06-29T15:23:20.436+07:00  INFO 37564 --- [           main] v.v.backend.config.FirebaseConfig        : Firebase Admin SDK initialized successfully for project: [DEFAULT]
2026-06-29T15:23:20.627+07:00 DEBUG 37564 --- [           main] o.s.w.s.s.s.WebSocketHandlerMapping      : Patterns [/ws, /ws/**] in 'stompWebSocketHandlerMapping'
2026-06-29T15:23:20.722+07:00 DEBUG 37564 --- [           main] s.w.s.m.m.a.RequestMappingHandlerMapping : 87 mappings in 'requestMappingHandlerMapping'
2026-06-29T15:23:20.763+07:00 DEBUG 37564 --- [           main] o.s.w.s.handler.SimpleUrlHandlerMapping  : Patterns [/webjars/**, /**, /uploads/**, /swagger-ui*/*swagger-initializer.js, /swagger-ui*/**] in 'resourceHandlerMapping'
2026-06-29T15:23:20.815+07:00  INFO 37564 --- [           main] o.s.s.web.DefaultSecurityFilterChain     : Will secure any request with [org.springframework.security.web.session.DisableEncodeUrlFilter@3b30eec5, org.springframework.security.web.context.request.async.WebAsyncManagerIntegrationFilter@43755e2f, org.springframework.security.web.context.SecurityContextHolderFilter@6b8bdcc6, org.springframework.security.web.header.HeaderWriterFilter@70f85235, org.springframework.web.filter.CorsFilter@3d71e10b, org.springframework.security.web.authentication.logout.LogoutFilter@3cf4dec7, vn.vuavuive.backend.security.JwtAuthFilter@592ca48c, org.springframework.security.web.savedrequest.RequestCacheAwareFilter@24a3d414, org.springframework.security.web.servletapi.SecurityContextHolderAwareRequestFilter@58f7215c, org.springframework.security.web.authentication.AnonymousAuthenticationFilter@71139e77, org.springframework.security.web.session.SessionManagementFilter@61957d9c, org.springframework.security.web.access.ExceptionTranslationFilter@29d3d0fb, org.springframework.security.web.access.intercept.AuthorizationFilter@31693a86]
2026-06-29T15:23:20.879+07:00 DEBUG 37564 --- [           main] .WebSocketAnnotationMethodMessageHandler : 
	v.v.b.m.a.ChatController:
	
2026-06-29T15:23:20.879+07:00 DEBUG 37564 --- [           main] .WebSocketAnnotationMethodMessageHandler : 
	v.v.b.m.a.AuthController:
	
2026-06-29T15:23:20.880+07:00 DEBUG 37564 --- [           main] .WebSocketAnnotationMethodMessageHandler : 
	v.v.b.m.c.CartController:
	
2026-06-29T15:23:20.880+07:00 DEBUG 37564 --- [           main] .WebSocketAnnotationMethodMessageHandler : 
	v.v.b.m.c.CategoryController:
	
2026-06-29T15:23:20.880+07:00 DEBUG 37564 --- [           main] .WebSocketAnnotationMethodMessageHandler : 
	v.v.b.m.o.AdminOrderController:
	
2026-06-29T15:23:20.880+07:00 DEBUG 37564 --- [           main] .WebSocketAnnotationMethodMessageHandler : 
	v.v.b.m.o.AdminShipperController:
	
2026-06-29T15:23:20.880+07:00 DEBUG 37564 --- [           main] .WebSocketAnnotationMethodMessageHandler : 
	v.v.b.m.o.OrderController:
	
2026-06-29T15:23:20.880+07:00 DEBUG 37564 --- [           main] .WebSocketAnnotationMethodMessageHandler : 
	v.v.b.m.p.MomoController:
	
2026-06-29T15:23:20.880+07:00 DEBUG 37564 --- [           main] .WebSocketAnnotationMethodMessageHandler : 
	v.v.b.m.p.PaymentController:
	
2026-06-29T15:23:20.880+07:00 DEBUG 37564 --- [           main] .WebSocketAnnotationMethodMessageHandler : 
	v.v.b.m.p.ProductController:
	
2026-06-29T15:23:20.882+07:00 DEBUG 37564 --- [           main] .WebSocketAnnotationMethodMessageHandler : 
	v.v.b.m.r.RecipeController:
	
2026-06-29T15:23:20.882+07:00 DEBUG 37564 --- [           main] .WebSocketAnnotationMethodMessageHandler : 
	v.v.b.m.r.RecommendController:
	
2026-06-29T15:23:20.882+07:00 DEBUG 37564 --- [           main] .WebSocketAnnotationMethodMessageHandler : 
	v.v.b.m.r.ReviewController:
	
2026-06-29T15:23:20.882+07:00 DEBUG 37564 --- [           main] .WebSocketAnnotationMethodMessageHandler : 
	v.v.b.m.s.ShipperController:
	
2026-06-29T15:23:20.882+07:00 DEBUG 37564 --- [           main] .WebSocketAnnotationMethodMessageHandler : 
	v.v.b.m.u.UploadController:
	
2026-06-29T15:23:20.883+07:00 DEBUG 37564 --- [           main] .WebSocketAnnotationMethodMessageHandler : 
	o.s.b.a.w.s.e.BasicErrorController:
	
2026-06-29T15:23:20.883+07:00 DEBUG 37564 --- [           main] .WebSocketAnnotationMethodMessageHandler : 
	o.s.w.a.OpenApiWebMvcResource:
	
2026-06-29T15:23:20.883+07:00 DEBUG 37564 --- [           main] .WebSocketAnnotationMethodMessageHandler : 
	o.s.w.u.SwaggerWelcomeWebMvc:
	
2026-06-29T15:23:20.883+07:00 DEBUG 37564 --- [           main] .WebSocketAnnotationMethodMessageHandler : 
	o.s.w.u.SwaggerConfigResource:
	
2026-06-29T15:23:20.933+07:00 DEBUG 37564 --- [           main] s.w.s.m.m.a.RequestMappingHandlerAdapter : ControllerAdvice beans: 0 @ModelAttribute, 0 @InitBinder, 1 RequestBodyAdvice, 2 ResponseBodyAdvice
2026-06-29T15:23:20.957+07:00 DEBUG 37564 --- [           main] .m.m.a.ExceptionHandlerExceptionResolver : ControllerAdvice beans: 2 @ExceptionHandler, 2 ResponseBodyAdvice
2026-06-29T15:23:21.085+07:00  WARN 37564 --- [           main] ConfigServletWebServerApplicationContext : Exception encountered during context initialization - cancelling refresh attempt: org.springframework.context.ApplicationContextException: Failed to start bean 'webServerStartStop'
2026-06-29T15:23:21.102+07:00  INFO 37564 --- [           main] .s.b.a.l.ConditionEvaluationReportLogger : 

Error starting ApplicationContext. To display the condition evaluation report re-run your application with 'debug' enabled.
2026-06-29T15:23:21.119+07:00 ERROR 37564 --- [           main] o.s.b.d.LoggingFailureAnalysisReporter   : 

***************************
APPLICATION FAILED TO START
***************************

Description:

Web server failed to start. Port 3000 was already in use.

Action:

Identify and stop the process that's listening on port 3000 or configure this application to listen on another port.

[INFO] ------------------------------------------------------------------------
[INFO] BUILD FAILURE
[INFO] ------------------------------------------------------------------------
[INFO] Total time:  6.459 s
[INFO] Finished at: 2026-06-29T15:23:21+07:00
[INFO] ------------------------------------------------------------------------
[ERROR] Failed to execute goal org.springframework.boot:spring-boot-maven-plugin:3.3.0:run (default-cli) on project backend: Process terminated with exit code: 1 -> [Help 1]
[ERROR] 
[ERROR] To see the full stack trace of the errors, re-run Maven with the -e switch.
[ERROR] Re-run Maven using the -X switch to enable full debug logging.
[ERROR] 
[ERROR] For more information about the errors and possible solutions, please read the following articles:
[ERROR] [Help 1] http://cwiki.apache.org/confluence/display/MAVEN/MojoExecutionException
Press any key to continue . . . 
