[INFO] Scanning for projects...
[INFO] 
[INFO] ------------------------< vn.vuavuive:backend >-------------------------
[INFO] Building V?a Vui V? Backend 1.0.0
[INFO]   from pom.xml
[INFO] --------------------------------[ jar ]---------------------------------
[INFO] 
[INFO] >>> spring-boot:3.3.0:run (default-cli) > test-compile @ backend >>>
[INFO] 
[INFO] --- resources:3.3.1:resources (default-resources) @ backend ---
[INFO] Copying 3 resources from src\main\resources to target\classes
[INFO] Copying 1 resource from src\main\resources to target\classes
[INFO] 
[INFO] --- compiler:3.13.0:compile (default-compile) @ backend ---
[INFO] Nothing to compile - all classes are up to date.
[INFO] 
[INFO] --- resources:3.3.1:testResources (default-testResources) @ backend ---
[INFO] skip non existing resourceDirectory E:\Nam3\TaiLieuHocKi8\APP\VuaVuiVe\app-backend\src\test\resources
[INFO] 
[INFO] --- compiler:3.13.0:testCompile (default-testCompile) @ backend ---
[INFO] No sources to compile
[INFO] 
[INFO] <<< spring-boot:3.3.0:run (default-cli) < test-compile @ backend <<<
[INFO] 
[INFO] 
[INFO] --- spring-boot:3.3.0:run (default-cli) @ backend ---
[INFO] Attaching agents: []
  .   ____          _            __ _ _
 /\\ / ___'_ __ _ _(_)_ __  __ _ \ \ \ \
( ( )\___ | '_ | '_| | '_ \/ _` | \ \ \ \
 \\/  ___)| |_)| | | | | || (_| |  ) ) ) )
  '  |____| .__|_| |_|_| |_\__, | / / / /
 =========|_|==============|___/=/_/_/_/

 :: Spring Boot ::                (v3.3.0)

2026-06-27T17:05:55.361+07:00  INFO 40032 --- [           main] v.v.backend.VuaVuiVeBackendApplication   : Starting VuaVuiVeBackendApplication using Java 21.0.11 with PID 40032 (E:\Nam3\TaiLieuHocKi8\APP\VuaVuiVe\app-backend\target\classes started by ADMIN in E:\Nam3\TaiLieuHocKi8\APP\VuaVuiVe\app-backend)
2026-06-27T17:05:55.362+07:00 DEBUG 40032 --- [           main] v.v.backend.VuaVuiVeBackendApplication   : Running with Spring Boot v3.3.0, Spring v6.1.8
2026-06-27T17:05:55.362+07:00  INFO 40032 --- [           main] v.v.backend.VuaVuiVeBackendApplication   : The following 1 profile is active: "dev"
2026-06-27T17:05:56.379+07:00  INFO 40032 --- [           main] o.s.b.w.embedded.tomcat.TomcatWebServer  : Tomcat initialized with port 3000 (http)
2026-06-27T17:05:56.389+07:00  INFO 40032 --- [           main] o.apache.catalina.core.StandardService   : Starting service [Tomcat]
2026-06-27T17:05:56.389+07:00  INFO 40032 --- [           main] o.apache.catalina.core.StandardEngine    : Starting Servlet engine: [Apache Tomcat/10.1.24]
2026-06-27T17:05:56.464+07:00  INFO 40032 --- [           main] o.a.c.c.C.[Tomcat].[localhost].[/]       : Initializing Spring embedded WebApplicationContext
2026-06-27T17:05:56.466+07:00  INFO 40032 --- [           main] w.s.c.ServletWebServerApplicationContext : Root WebApplicationContext: initialization completed in 1068 ms
2026-06-27T17:05:56.690+07:00  INFO 40032 --- [           main] v.v.b.core.FirebaseRepositoryHelper      : Initialized REST-based FirebaseRepositoryHelper with URL: https://vua-vui-ve-default-rtdb.firebaseio.com
2026-06-27T17:05:56.738+07:00 DEBUG 40032 --- [           main] v.v.backend.security.JwtAuthFilter       : Filter 'jwtAuthFilter' configured for use
2026-06-27T17:05:56.832+07:00  INFO 40032 --- [           main] eAuthenticationProviderManagerConfigurer : Global AuthenticationManager configured with AuthenticationProvider bean with name authenticationProvider
2026-06-27T17:05:56.832+07:00  WARN 40032 --- [           main] r$InitializeUserDetailsManagerConfigurer : Global AuthenticationManager configured with an AuthenticationProvider bean. UserDetailsService beans will not be used for username/password login. Consider removing the AuthenticationProvider bean. Alternatively, consider using the UserDetailsService in a manually instantiated DaoAuthenticationProvider.
2026-06-27T17:05:56.974+07:00  INFO 40032 --- [           main] v.v.backend.config.FirebaseConfig        : Starting initialization of Firebase Admin SDK...
2026-06-27T17:05:57.025+07:00  INFO 40032 --- [           main] v.v.backend.config.FirebaseConfig        : Firebase Admin SDK initialized successfully for project: [DEFAULT]
2026-06-27T17:05:57.223+07:00 DEBUG 40032 --- [           main] o.s.w.s.s.s.WebSocketHandlerMapping      : Patterns [/ws, /ws/**] in 'stompWebSocketHandlerMapping'
2026-06-27T17:05:57.310+07:00 DEBUG 40032 --- [           main] s.w.s.m.m.a.RequestMappingHandlerMapping : 85 mappings in 'requestMappingHandlerMapping'
2026-06-27T17:05:57.345+07:00 DEBUG 40032 --- [           main] o.s.w.s.handler.SimpleUrlHandlerMapping  : Patterns [/webjars/**, /**, /uploads/**, /swagger-ui*/*swagger-initializer.js, /swagger-ui*/**] in 'resourceHandlerMapping'
2026-06-27T17:05:57.388+07:00  INFO 40032 --- [           main] o.s.s.web.DefaultSecurityFilterChain     : Will secure any request with [org.springframework.security.web.session.DisableEncodeUrlFilter@483b7dc4, org.springframework.security.web.context.request.async.WebAsyncManagerIntegrationFilter@6b8bdcc6, org.springframework.security.web.context.SecurityContextHolderFilter@8ac512e, org.springframework.security.web.header.HeaderWriterFilter@1aed6f0b, org.springframework.web.filter.CorsFilter@213835b6, org.springframework.security.web.authentication.logout.LogoutFilter@a84338a, vn.vuavuive.backend.security.JwtAuthFilter@31b0f02, org.springframework.security.web.savedrequest.RequestCacheAwareFilter@14e3d439, org.springframework.security.web.servletapi.SecurityContextHolderAwareRequestFilter@1d55dd21, org.springframework.security.web.authentication.AnonymousAuthenticationFilter@24a3d414, org.springframework.security.web.session.SessionManagementFilter@77c692b4, org.springframework.security.web.access.ExceptionTranslationFilter@6c5ae8fd, org.springframework.security.web.access.intercept.AuthorizationFilter@75cacb3e]
2026-06-27T17:05:57.443+07:00 DEBUG 40032 --- [           main] .WebSocketAnnotationMethodMessageHandler : 
	v.v.b.m.a.ChatController:
	
2026-06-27T17:05:57.443+07:00 DEBUG 40032 --- [           main] .WebSocketAnnotationMethodMessageHandler : 
	v.v.b.m.a.AuthController:
	
2026-06-27T17:05:57.443+07:00 DEBUG 40032 --- [           main] .WebSocketAnnotationMethodMessageHandler : 
	v.v.b.m.c.CartController:
	
2026-06-27T17:05:57.443+07:00 DEBUG 40032 --- [           main] .WebSocketAnnotationMethodMessageHandler : 
	v.v.b.m.c.CategoryController:
	
2026-06-27T17:05:57.443+07:00 DEBUG 40032 --- [           main] .WebSocketAnnotationMethodMessageHandler : 
	v.v.b.m.o.AdminOrderController:
	
2026-06-27T17:05:57.444+07:00 DEBUG 40032 --- [           main] .WebSocketAnnotationMethodMessageHandler : 
	v.v.b.m.o.OrderController:
	
2026-06-27T17:05:57.444+07:00 DEBUG 40032 --- [           main] .WebSocketAnnotationMethodMessageHandler : 
	v.v.b.m.p.MomoController:
	
2026-06-27T17:05:57.444+07:00 DEBUG 40032 --- [           main] .WebSocketAnnotationMethodMessageHandler : 
	v.v.b.m.p.PaymentController:
	
2026-06-27T17:05:57.444+07:00 DEBUG 40032 --- [           main] .WebSocketAnnotationMethodMessageHandler : 
	v.v.b.m.p.ProductController:
	
2026-06-27T17:05:57.444+07:00 DEBUG 40032 --- [           main] .WebSocketAnnotationMethodMessageHandler : 
	v.v.b.m.r.RecipeController:
	
2026-06-27T17:05:57.444+07:00 DEBUG 40032 --- [           main] .WebSocketAnnotationMethodMessageHandler : 
	v.v.b.m.r.RecommendController:
	
2026-06-27T17:05:57.444+07:00 DEBUG 40032 --- [           main] .WebSocketAnnotationMethodMessageHandler : 
	v.v.b.m.r.ReviewController:
	
2026-06-27T17:05:57.444+07:00 DEBUG 40032 --- [           main] .WebSocketAnnotationMethodMessageHandler : 
	v.v.b.m.s.ShipperController:
	
2026-06-27T17:05:57.444+07:00 DEBUG 40032 --- [           main] .WebSocketAnnotationMethodMessageHandler : 
	v.v.b.m.u.UploadController:
	
2026-06-27T17:05:57.445+07:00 DEBUG 40032 --- [           main] .WebSocketAnnotationMethodMessageHandler : 
	o.s.b.a.w.s.e.BasicErrorController:
	
2026-06-27T17:05:57.445+07:00 DEBUG 40032 --- [           main] .WebSocketAnnotationMethodMessageHandler : 
	o.s.w.a.OpenApiWebMvcResource:
	
2026-06-27T17:05:57.447+07:00 DEBUG 40032 --- [           main] .WebSocketAnnotationMethodMessageHandler : 
	o.s.w.u.SwaggerWelcomeWebMvc:
	
2026-06-27T17:05:57.447+07:00 DEBUG 40032 --- [           main] .WebSocketAnnotationMethodMessageHandler : 
	o.s.w.u.SwaggerConfigResource:
	
2026-06-27T17:05:57.505+07:00 DEBUG 40032 --- [           main] s.w.s.m.m.a.RequestMappingHandlerAdapter : ControllerAdvice beans: 0 @ModelAttribute, 0 @InitBinder, 1 RequestBodyAdvice, 2 ResponseBodyAdvice
2026-06-27T17:05:57.530+07:00 DEBUG 40032 --- [           main] .m.m.a.ExceptionHandlerExceptionResolver : ControllerAdvice beans: 2 @ExceptionHandler, 2 ResponseBodyAdvice
2026-06-27T17:05:57.652+07:00  INFO 40032 --- [           main] o.s.b.w.embedded.tomcat.TomcatWebServer  : Tomcat started on port 3000 (http) with context path '/'
2026-06-27T17:05:57.652+07:00 DEBUG 40032 --- [           main] org.springframework.web.SimpLogging      : clientOutboundChannel added SubProtocolWebSocketHandler[StompSubProtocolHandler[v10.stomp, v11.stomp, v12.stomp]]
2026-06-27T17:05:57.653+07:00 DEBUG 40032 --- [           main] org.springframework.web.SimpLogging      : clientInboundChannel added WebSocketAnnotationMethodMessageHandler[prefixes=[/app/]]
2026-06-27T17:05:57.653+07:00  INFO 40032 --- [           main] o.s.m.s.b.SimpleBrokerMessageHandler     : Starting...
2026-06-27T17:05:57.653+07:00 DEBUG 40032 --- [           main] org.springframework.web.SimpLogging      : clientInboundChannel added SimpleBrokerMessageHandler [org.springframework.messaging.simp.broker.DefaultSubscriptionRegistry@369a95a5]
2026-06-27T17:05:57.653+07:00 DEBUG 40032 --- [           main] org.springframework.web.SimpLogging      : brokerChannel added SimpleBrokerMessageHandler [org.springframework.messaging.simp.broker.DefaultSubscriptionRegistry@369a95a5]
2026-06-27T17:05:57.653+07:00  INFO 40032 --- [           main] o.s.m.s.b.SimpleBrokerMessageHandler     : BrokerAvailabilityEvent[available=true, SimpleBrokerMessageHandler [org.springframework.messaging.simp.broker.DefaultSubscriptionRegistry@369a95a5]]
2026-06-27T17:05:57.653+07:00  INFO 40032 --- [           main] o.s.m.s.b.SimpleBrokerMessageHandler     : Started.
2026-06-27T17:05:57.653+07:00 DEBUG 40032 --- [           main] org.springframework.web.SimpLogging      : clientInboundChannel added UserDestinationMessageHandler[DefaultUserDestinationResolver[prefix=/user/]]
2026-06-27T17:05:57.653+07:00 DEBUG 40032 --- [           main] org.springframework.web.SimpLogging      : brokerChannel added UserDestinationMessageHandler[DefaultUserDestinationResolver[prefix=/user/]]
2026-06-27T17:05:57.658+07:00  INFO 40032 --- [           main] v.v.backend.VuaVuiVeBackendApplication   : Started VuaVuiVeBackendApplication in 2.581 seconds (process running for 2.805)
2026-06-27T17:06:57.649+07:00  INFO 40032 --- [MessageBroker-2] o.s.w.s.c.WebSocketMessageBrokerStats    : WebSocketSession[0 current WS(0)-HttpStream(0)-HttpPoll(0), 0 total, 0 closed abnormally (0 connect failure, 0 send limit, 0 transport error)], stompSubProtocol[processed CONNECT(0)-CONNECTED(0)-DISCONNECT(0)], stompBrokerRelay[null], inboundChannel[pool size = 0, active threads = 0, queued tasks = 0, completed tasks = 0], outboundChannel[pool size = 0, active threads = 0, queued tasks = 0, completed tasks = 0], sockJsScheduler[pool size = 3, active threads = 1, queued tasks = 1, completed tasks = 1]
2026-06-27T17:09:54.480+07:00  INFO 40032 --- [nio-3000-exec-1] o.a.c.c.C.[Tomcat].[localhost].[/]       : Initializing Spring DispatcherServlet 'dispatcherServlet'
2026-06-27T17:09:54.480+07:00  INFO 40032 --- [nio-3000-exec-1] o.s.web.servlet.DispatcherServlet        : Initializing Servlet 'dispatcherServlet'
2026-06-27T17:09:54.480+07:00 DEBUG 40032 --- [nio-3000-exec-1] o.s.web.servlet.DispatcherServlet        : Detected StandardServletMultipartResolver
2026-06-27T17:09:54.480+07:00 DEBUG 40032 --- [nio-3000-exec-1] o.s.web.servlet.DispatcherServlet        : Detected AcceptHeaderLocaleResolver
2026-06-27T17:09:54.480+07:00 DEBUG 40032 --- [nio-3000-exec-1] o.s.web.servlet.DispatcherServlet        : Detected FixedThemeResolver
2026-06-27T17:09:54.481+07:00 DEBUG 40032 --- [nio-3000-exec-1] o.s.web.servlet.DispatcherServlet        : Detected org.springframework.web.servlet.view.DefaultRequestToViewNameTranslator@3a54638b
2026-06-27T17:09:54.482+07:00 DEBUG 40032 --- [nio-3000-exec-1] o.s.web.servlet.DispatcherServlet        : Detected org.springframework.web.servlet.support.SessionFlashMapManager@517a46f3
2026-06-27T17:09:54.482+07:00 DEBUG 40032 --- [nio-3000-exec-1] o.s.web.servlet.DispatcherServlet        : enableLoggingRequestDetails='false': request parameters and headers will be masked to prevent unsafe logging of potentially sensitive data
2026-06-27T17:09:54.482+07:00  INFO 40032 --- [nio-3000-exec-1] o.s.web.servlet.DispatcherServlet        : Completed initialization in 2 ms
2026-06-27T17:09:54.496+07:00 DEBUG 40032 --- [nio-3000-exec-1] o.s.web.servlet.DispatcherServlet        : POST "/api/auth/login", parameters={}
2026-06-27T17:09:54.497+07:00 DEBUG 40032 --- [nio-3000-exec-1] s.w.s.m.m.a.RequestMappingHandlerMapping : Mapped to vn.vuavuive.backend.modules.auth.AuthController#login(LoginRequest, HttpServletResponse)
2026-06-27T17:09:54.522+07:00 DEBUG 40032 --- [nio-3000-exec-1] m.m.a.RequestResponseBodyMethodProcessor : Read "application/json;charset=UTF-8" to [LoginRequest[identifier=0912345678, password=Customer@123]]
2026-06-27T17:09:56.682+07:00 DEBUG 40032 --- [nio-3000-exec-1] o.s.w.s.m.m.a.HttpEntityMethodProcessor  : Using 'application/json', given [*/*] and supported [application/json, application/*+json]
2026-06-27T17:09:56.688+07:00 DEBUG 40032 --- [nio-3000-exec-1] o.s.w.s.m.m.a.HttpEntityMethodProcessor  : Writing [ApiResponse(success=true, message=─É─âng nhß║¡p th├ánh c├┤ng, data=UserResponse[id=11884dad-80ef-4088-9518 (truncated)...]
2026-06-27T17:09:56.693+07:00 DEBUG 40032 --- [nio-3000-exec-1] o.s.web.servlet.DispatcherServlet        : Completed 200 OK
2026-06-27T17:09:57.566+07:00 DEBUG 40032 --- [nio-3000-exec-2] v.v.backend.security.JwtAuthFilter       : JWT hß╗úp lß╗ç ΓÇö ─É├ú x├íc thß╗▒c user: customer@gmail.com
2026-06-27T17:09:57.567+07:00 DEBUG 40032 --- [nio-3000-exec-2] o.s.web.servlet.DispatcherServlet        : GET "/api/auth/me", parameters={}
2026-06-27T17:09:57.567+07:00 DEBUG 40032 --- [nio-3000-exec-2] s.w.s.m.m.a.RequestMappingHandlerMapping : Mapped to vn.vuavuive.backend.modules.auth.AuthController#getMe()
2026-06-27T17:09:57.822+07:00 DEBUG 40032 --- [nio-3000-exec-2] o.s.w.s.m.m.a.HttpEntityMethodProcessor  : Using 'application/json', given [*/*] and supported [application/json, application/*+json]
2026-06-27T17:09:57.822+07:00 DEBUG 40032 --- [nio-3000-exec-2] o.s.w.s.m.m.a.HttpEntityMethodProcessor  : Writing [ApiResponse(success=true, message=Lß║Ñy th├┤ng tin ng╞░ß╗¥i d├╣ng th├ánh c├┤ng, data=UserResponse[id=11884dad (truncated)...]
2026-06-27T17:09:57.823+07:00 DEBUG 40032 --- [nio-3000-exec-2] o.s.web.servlet.DispatcherServlet        : Completed 200 OK
2026-06-27T17:13:13.584+07:00 DEBUG 40032 --- [nio-3000-exec-4] v.v.backend.security.JwtAuthFilter       : JWT hß╗úp lß╗ç ΓÇö ─É├ú x├íc thß╗▒c user: customer@gmail.com
2026-06-27T17:13:13.585+07:00 DEBUG 40032 --- [nio-3000-exec-4] o.s.web.servlet.DispatcherServlet        : POST "/api/auth/login", parameters={}
2026-06-27T17:13:13.585+07:00 DEBUG 40032 --- [nio-3000-exec-4] s.w.s.m.m.a.RequestMappingHandlerMapping : Mapped to vn.vuavuive.backend.modules.auth.AuthController#login(LoginRequest, HttpServletResponse)
2026-06-27T17:13:13.587+07:00 DEBUG 40032 --- [nio-3000-exec-4] m.m.a.RequestResponseBodyMethodProcessor : Read "application/json;charset=UTF-8" to [LoginRequest[identifier=0912345678, password=Customer@123]]
2026-06-27T17:13:15.010+07:00 DEBUG 40032 --- [nio-3000-exec-4] o.s.w.s.m.m.a.HttpEntityMethodProcessor  : Using 'application/json', given [*/*] and supported [application/json, application/*+json]
2026-06-27T17:13:15.010+07:00 DEBUG 40032 --- [nio-3000-exec-4] o.s.w.s.m.m.a.HttpEntityMethodProcessor  : Writing [ApiResponse(success=true, message=─É─âng nhß║¡p th├ánh c├┤ng, data=UserResponse[id=11884dad-80ef-4088-9518 (truncated)...]
2026-06-27T17:13:15.011+07:00 DEBUG 40032 --- [nio-3000-exec-4] o.s.web.servlet.DispatcherServlet        : Completed 200 OK
2026-06-27T17:13:15.864+07:00 DEBUG 40032 --- [nio-3000-exec-5] v.v.backend.security.JwtAuthFilter       : JWT hß╗úp lß╗ç ΓÇö ─É├ú x├íc thß╗▒c user: customer@gmail.com
2026-06-27T17:13:15.864+07:00 DEBUG 40032 --- [nio-3000-exec-5] o.s.web.servlet.DispatcherServlet        : GET "/api/auth/me", parameters={}
2026-06-27T17:13:15.864+07:00 DEBUG 40032 --- [nio-3000-exec-5] s.w.s.m.m.a.RequestMappingHandlerMapping : Mapped to vn.vuavuive.backend.modules.auth.AuthController#getMe()
2026-06-27T17:13:16.089+07:00 DEBUG 40032 --- [nio-3000-exec-5] o.s.w.s.m.m.a.HttpEntityMethodProcessor  : Using 'application/json', given [*/*] and supported [application/json, application/*+json]
2026-06-27T17:13:16.089+07:00 DEBUG 40032 --- [nio-3000-exec-5] o.s.w.s.m.m.a.HttpEntityMethodProcessor  : Writing [ApiResponse(success=true, message=Lß║Ñy th├┤ng tin ng╞░ß╗¥i d├╣ng th├ánh c├┤ng, data=UserResponse[id=11884dad (truncated)...]
2026-06-27T17:13:16.090+07:00 DEBUG 40032 --- [nio-3000-exec-5] o.s.web.servlet.DispatcherServlet        : Completed 200 OK
2026-06-27T17:13:55.192+07:00 DEBUG 40032 --- [nio-3000-exec-6] v.v.backend.security.JwtAuthFilter       : JWT hß╗úp lß╗ç ΓÇö ─É├ú x├íc thß╗▒c user: customer@gmail.com
2026-06-27T17:13:55.193+07:00 DEBUG 40032 --- [nio-3000-exec-6] o.s.web.servlet.DispatcherServlet        : POST "/api/orders", parameters={}
2026-06-27T17:13:55.193+07:00 DEBUG 40032 --- [nio-3000-exec-6] s.w.s.m.m.a.RequestMappingHandlerMapping : Mapped to vn.vuavuive.backend.modules.order.OrderController#createOrder(CreateOrderRequest, HttpServletRequest)
2026-06-27T17:13:55.204+07:00 DEBUG 40032 --- [nio-3000-exec-6] m.m.a.RequestResponseBodyMethodProcessor : Read "application/json;charset=UTF-8" to [CreateOrderRequest(items=[OrderItemRequest[productId=prod-23df57f5-8571-424b-9c97-937681d03381, quan (truncated)...]
2026-06-27T17:13:56.046+07:00 DEBUG 40032 --- [nio-3000-exec-6] .m.m.a.ExceptionHandlerExceptionResolver : Using @ExceptionHandler vn.vuavuive.backend.exception.GlobalExceptionHandler#handleAppException(AppException)
2026-06-27T17:13:56.047+07:00  WARN 40032 --- [nio-3000-exec-6] v.v.b.exception.GlobalExceptionHandler   : AppException: 404 NOT_FOUND - Sß║ún phß║⌐m prod-23df57f5-8571-424b-9c97-937681d03381 kh├┤ng tß╗ôn tß║íi
2026-06-27T17:13:56.049+07:00 DEBUG 40032 --- [nio-3000-exec-6] o.s.w.s.m.m.a.HttpEntityMethodProcessor  : Using 'application/json', given [*/*] and supported [application/json, application/*+json]
2026-06-27T17:13:56.050+07:00 DEBUG 40032 --- [nio-3000-exec-6] o.s.w.s.m.m.a.HttpEntityMethodProcessor  : Writing [ErrorResponse[status=404, message=Sß║ún phß║⌐m prod-23df57f5-8571-424b-9c97-937681d03381 kh├┤ng tß╗ôn tß║íi,  (truncated)...]
2026-06-27T17:13:56.052+07:00 DEBUG 40032 --- [nio-3000-exec-6] .m.m.a.ExceptionHandlerExceptionResolver : Resolved [vn.vuavuive.backend.exception.AppException: Sß║ún phß║⌐m prod-23df57f5-8571-424b-9c97-937681d03381 kh├┤ng tß╗ôn tß║íi]
2026-06-27T17:13:56.052+07:00 DEBUG 40032 --- [nio-3000-exec-6] o.s.web.servlet.DispatcherServlet        : Completed 404 NOT_FOUND
2026-06-27T17:13:59.518+07:00 DEBUG 40032 --- [nio-3000-exec-7] v.v.backend.security.JwtAuthFilter       : JWT hß╗úp lß╗ç ΓÇö ─É├ú x├íc thß╗▒c user: customer@gmail.com
2026-06-27T17:13:59.518+07:00 DEBUG 40032 --- [nio-3000-exec-7] o.s.web.servlet.DispatcherServlet        : POST "/api/orders", parameters={}
2026-06-27T17:13:59.519+07:00 DEBUG 40032 --- [nio-3000-exec-7] s.w.s.m.m.a.RequestMappingHandlerMapping : Mapped to vn.vuavuive.backend.modules.order.OrderController#createOrder(CreateOrderRequest, HttpServletRequest)
2026-06-27T17:13:59.519+07:00 DEBUG 40032 --- [nio-3000-exec-7] m.m.a.RequestResponseBodyMethodProcessor : Read "application/json;charset=UTF-8" to [CreateOrderRequest(items=[OrderItemRequest[productId=prod-23df57f5-8571-424b-9c97-937681d03381, quan (truncated)...]
2026-06-27T17:14:00.020+07:00 DEBUG 40032 --- [nio-3000-exec-7] .m.m.a.ExceptionHandlerExceptionResolver : Using @ExceptionHandler vn.vuavuive.backend.exception.GlobalExceptionHandler#handleAppException(AppException)
2026-06-27T17:14:00.020+07:00  WARN 40032 --- [nio-3000-exec-7] v.v.b.exception.GlobalExceptionHandler   : AppException: 404 NOT_FOUND - Sß║ún phß║⌐m prod-23df57f5-8571-424b-9c97-937681d03381 kh├┤ng tß╗ôn tß║íi
2026-06-27T17:14:00.020+07:00 DEBUG 40032 --- [nio-3000-exec-7] o.s.w.s.m.m.a.HttpEntityMethodProcessor  : Using 'application/json', given [*/*] and supported [application/json, application/*+json]
2026-06-27T17:14:00.020+07:00 DEBUG 40032 --- [nio-3000-exec-7] o.s.w.s.m.m.a.HttpEntityMethodProcessor  : Writing [ErrorResponse[status=404, message=Sß║ún phß║⌐m prod-23df57f5-8571-424b-9c97-937681d03381 kh├┤ng tß╗ôn tß║íi,  (truncated)...]
2026-06-27T17:14:00.021+07:00 DEBUG 40032 --- [nio-3000-exec-7] .m.m.a.ExceptionHandlerExceptionResolver : Resolved [vn.vuavuive.backend.exception.AppException: Sß║ún phß║⌐m prod-23df57f5-8571-424b-9c97-937681d03381 kh├┤ng tß╗ôn tß║íi]
2026-06-27T17:14:00.021+07:00 DEBUG 40032 --- [nio-3000-exec-7] o.s.web.servlet.DispatcherServlet        : Completed 404 NOT_FOUND
2026-06-27T17:14:05.917+07:00 DEBUG 40032 --- [nio-3000-exec-8] v.v.backend.security.JwtAuthFilter       : JWT hß╗úp lß╗ç ΓÇö ─É├ú x├íc thß╗▒c user: customer@gmail.com
2026-06-27T17:14:05.917+07:00 DEBUG 40032 --- [nio-3000-exec-8] o.s.web.servlet.DispatcherServlet        : POST "/api/orders", parameters={}
2026-06-27T17:14:05.917+07:00 DEBUG 40032 --- [nio-3000-exec-8] s.w.s.m.m.a.RequestMappingHandlerMapping : Mapped to vn.vuavuive.backend.modules.order.OrderController#createOrder(CreateOrderRequest, HttpServletRequest)
2026-06-27T17:14:05.917+07:00 DEBUG 40032 --- [nio-3000-exec-8] m.m.a.RequestResponseBodyMethodProcessor : Read "application/json;charset=UTF-8" to [CreateOrderRequest(items=[OrderItemRequest[productId=prod-23df57f5-8571-424b-9c97-937681d03381, quan (truncated)...]
2026-06-27T17:14:06.420+07:00 DEBUG 40032 --- [nio-3000-exec-8] .m.m.a.ExceptionHandlerExceptionResolver : Using @ExceptionHandler vn.vuavuive.backend.exception.GlobalExceptionHandler#handleAppException(AppException)
2026-06-27T17:14:06.420+07:00  WARN 40032 --- [nio-3000-exec-8] v.v.b.exception.GlobalExceptionHandler   : AppException: 404 NOT_FOUND - Sß║ún phß║⌐m prod-23df57f5-8571-424b-9c97-937681d03381 kh├┤ng tß╗ôn tß║íi
2026-06-27T17:14:06.420+07:00 DEBUG 40032 --- [nio-3000-exec-8] o.s.w.s.m.m.a.HttpEntityMethodProcessor  : Using 'application/json', given [*/*] and supported [application/json, application/*+json]
2026-06-27T17:14:06.420+07:00 DEBUG 40032 --- [nio-3000-exec-8] o.s.w.s.m.m.a.HttpEntityMethodProcessor  : Writing [ErrorResponse[status=404, message=Sß║ún phß║⌐m prod-23df57f5-8571-424b-9c97-937681d03381 kh├┤ng tß╗ôn tß║íi,  (truncated)...]
2026-06-27T17:14:06.421+07:00 DEBUG 40032 --- [nio-3000-exec-8] .m.m.a.ExceptionHandlerExceptionResolver : Resolved [vn.vuavuive.backend.exception.AppException: Sß║ún phß║⌐m prod-23df57f5-8571-424b-9c97-937681d03381 kh├┤ng tß╗ôn tß║íi]
2026-06-27T17:14:06.421+07:00 DEBUG 40032 --- [nio-3000-exec-8] o.s.web.servlet.DispatcherServlet        : Completed 404 NOT_FOUND
2026-06-27T17:16:42.524+07:00 DEBUG 40032 --- [io-3000-exec-10] v.v.backend.security.JwtAuthFilter       : JWT hß╗úp lß╗ç ΓÇö ─É├ú x├íc thß╗▒c user: customer@gmail.com
2026-06-27T17:16:42.524+07:00 DEBUG 40032 --- [io-3000-exec-10] o.s.web.servlet.DispatcherServlet        : GET "/api/recipes", parameters={}
2026-06-27T17:16:42.525+07:00 DEBUG 40032 --- [io-3000-exec-10] s.w.s.m.m.a.RequestMappingHandlerMapping : Mapped to vn.vuavuive.backend.modules.recipe.RecipeController#getRecipes()
2026-06-27T17:16:42.860+07:00 DEBUG 40032 --- [io-3000-exec-10] m.m.a.RequestResponseBodyMethodProcessor : Using 'application/json', given [*/*] and supported [application/json, application/*+json]
2026-06-27T17:16:42.861+07:00 DEBUG 40032 --- [io-3000-exec-10] m.m.a.RequestResponseBodyMethodProcessor : Writing [ApiResponse(success=true, message=Thao t├íc th├ánh c├┤ng, data=[{difficulty=Dß╗à, image=http://10.0.2.2:3 (truncated)...]
2026-06-27T17:16:42.864+07:00 DEBUG 40032 --- [io-3000-exec-10] o.s.web.servlet.DispatcherServlet        : Completed 200 OK
2026-06-27T17:17:54.973+07:00 DEBUG 40032 --- [nio-3000-exec-2] v.v.backend.security.JwtAuthFilter       : JWT hß╗úp lß╗ç ΓÇö ─É├ú x├íc thß╗▒c user: customer@gmail.com
2026-06-27T17:17:54.973+07:00 DEBUG 40032 --- [nio-3000-exec-2] o.s.web.servlet.DispatcherServlet        : POST "/api/auth/login", parameters={}
2026-06-27T17:17:54.973+07:00 DEBUG 40032 --- [nio-3000-exec-2] s.w.s.m.m.a.RequestMappingHandlerMapping : Mapped to vn.vuavuive.backend.modules.auth.AuthController#login(LoginRequest, HttpServletResponse)
2026-06-27T17:17:54.973+07:00 DEBUG 40032 --- [nio-3000-exec-2] m.m.a.RequestResponseBodyMethodProcessor : Read "application/json;charset=UTF-8" to [LoginRequest[identifier=0912345678, password=Customer@123]]
2026-06-27T17:17:56.498+07:00 DEBUG 40032 --- [nio-3000-exec-2] o.s.w.s.m.m.a.HttpEntityMethodProcessor  : Using 'application/json', given [*/*] and supported [application/json, application/*+json]
2026-06-27T17:17:56.498+07:00 DEBUG 40032 --- [nio-3000-exec-2] o.s.w.s.m.m.a.HttpEntityMethodProcessor  : Writing [ApiResponse(success=true, message=─É─âng nhß║¡p th├ánh c├┤ng, data=UserResponse[id=11884dad-80ef-4088-9518 (truncated)...]
2026-06-27T17:17:56.502+07:00 DEBUG 40032 --- [nio-3000-exec-2] o.s.web.servlet.DispatcherServlet        : Completed 200 OK
2026-06-27T17:17:57.156+07:00 DEBUG 40032 --- [nio-3000-exec-3] v.v.backend.security.JwtAuthFilter       : JWT hß╗úp lß╗ç ΓÇö ─É├ú x├íc thß╗▒c user: customer@gmail.com
2026-06-27T17:17:57.156+07:00 DEBUG 40032 --- [nio-3000-exec-3] o.s.web.servlet.DispatcherServlet        : GET "/api/auth/me", parameters={}
2026-06-27T17:17:57.156+07:00 DEBUG 40032 --- [nio-3000-exec-3] s.w.s.m.m.a.RequestMappingHandlerMapping : Mapped to vn.vuavuive.backend.modules.auth.AuthController#getMe()
2026-06-27T17:17:57.409+07:00 DEBUG 40032 --- [nio-3000-exec-3] o.s.w.s.m.m.a.HttpEntityMethodProcessor  : Using 'application/json', given [*/*] and supported [application/json, application/*+json]
2026-06-27T17:17:57.409+07:00 DEBUG 40032 --- [nio-3000-exec-3] o.s.w.s.m.m.a.HttpEntityMethodProcessor  : Writing [ApiResponse(success=true, message=Lß║Ñy th├┤ng tin ng╞░ß╗¥i d├╣ng th├ánh c├┤ng, data=UserResponse[id=11884dad (truncated)...]
2026-06-27T17:17:57.410+07:00 DEBUG 40032 --- [nio-3000-exec-3] o.s.web.servlet.DispatcherServlet        : Completed 200 OK
2026-06-27T17:18:48.399+07:00 DEBUG 40032 --- [nio-3000-exec-4] v.v.backend.security.JwtAuthFilter       : JWT hß╗úp lß╗ç ΓÇö ─É├ú x├íc thß╗▒c user: customer@gmail.com
2026-06-27T17:18:48.399+07:00 DEBUG 40032 --- [nio-3000-exec-4] o.s.web.servlet.DispatcherServlet        : POST "/api/orders", parameters={}
2026-06-27T17:18:48.400+07:00 DEBUG 40032 --- [nio-3000-exec-4] s.w.s.m.m.a.RequestMappingHandlerMapping : Mapped to vn.vuavuive.backend.modules.order.OrderController#createOrder(CreateOrderRequest, HttpServletRequest)
2026-06-27T17:18:48.402+07:00 DEBUG 40032 --- [nio-3000-exec-4] m.m.a.RequestResponseBodyMethodProcessor : Read "application/json;charset=UTF-8" to [CreateOrderRequest(items=[OrderItemRequest[productId=90000000-0000-0000-0000-000000000112, quantity= (truncated)...]
2026-06-27T17:18:53.278+07:00 DEBUG 40032 --- [nio-3000-exec-4] .m.m.a.ExceptionHandlerExceptionResolver : Using @ExceptionHandler vn.vuavuive.backend.exception.GlobalExceptionHandler#handleAppException(AppException)
2026-06-27T17:18:53.278+07:00  WARN 40032 --- [nio-3000-exec-4] v.v.b.exception.GlobalExceptionHandler   : AppException: 404 NOT_FOUND - Sß║ún phß║⌐m prod-23df57f5-8571-424b-9c97-937681d03381 kh├┤ng tß╗ôn tß║íi
2026-06-27T17:18:53.278+07:00 DEBUG 40032 --- [nio-3000-exec-4] o.s.w.s.m.m.a.HttpEntityMethodProcessor  : Using 'application/json', given [*/*] and supported [application/json, application/*+json]
2026-06-27T17:18:53.279+07:00 DEBUG 40032 --- [nio-3000-exec-4] o.s.w.s.m.m.a.HttpEntityMethodProcessor  : Writing [ErrorResponse[status=404, message=Sß║ún phß║⌐m prod-23df57f5-8571-424b-9c97-937681d03381 kh├┤ng tß╗ôn tß║íi,  (truncated)...]
2026-06-27T17:18:53.280+07:00 DEBUG 40032 --- [nio-3000-exec-4] .m.m.a.ExceptionHandlerExceptionResolver : Resolved [vn.vuavuive.backend.exception.AppException: Sß║ún phß║⌐m prod-23df57f5-8571-424b-9c97-937681d03381 kh├┤ng tß╗ôn tß║íi]
2026-06-27T17:18:53.280+07:00 DEBUG 40032 --- [nio-3000-exec-4] o.s.web.servlet.DispatcherServlet        : Completed 404 NOT_FOUND
2026-06-27T17:20:13.003+07:00 DEBUG 40032 --- [nio-3000-exec-6] o.s.web.servlet.DispatcherServlet        : POST "/api/auth/login", parameters={}
2026-06-27T17:20:13.004+07:00 DEBUG 40032 --- [nio-3000-exec-6] s.w.s.m.m.a.RequestMappingHandlerMapping : Mapped to vn.vuavuive.backend.modules.auth.AuthController#login(LoginRequest, HttpServletResponse)
2026-06-27T17:20:13.005+07:00 DEBUG 40032 --- [nio-3000-exec-6] m.m.a.RequestResponseBodyMethodProcessor : Read "application/json;charset=UTF-8" to [LoginRequest[identifier=0912345678, password=Customer@123]]
2026-06-27T17:20:14.462+07:00 DEBUG 40032 --- [nio-3000-exec-6] o.s.w.s.m.m.a.HttpEntityMethodProcessor  : Using 'application/json', given [*/*] and supported [application/json, application/*+json]
2026-06-27T17:20:14.463+07:00 DEBUG 40032 --- [nio-3000-exec-6] o.s.w.s.m.m.a.HttpEntityMethodProcessor  : Writing [ApiResponse(success=true, message=─É─âng nhß║¡p th├ánh c├┤ng, data=UserResponse[id=11884dad-80ef-4088-9518 (truncated)...]
2026-06-27T17:20:14.465+07:00 DEBUG 40032 --- [nio-3000-exec-6] o.s.web.servlet.DispatcherServlet        : Completed 200 OK
2026-06-27T17:20:15.136+07:00 DEBUG 40032 --- [nio-3000-exec-7] v.v.backend.security.JwtAuthFilter       : JWT hß╗úp lß╗ç ΓÇö ─É├ú x├íc thß╗▒c user: customer@gmail.com
2026-06-27T17:20:15.136+07:00 DEBUG 40032 --- [nio-3000-exec-7] o.s.web.servlet.DispatcherServlet        : GET "/api/auth/me", parameters={}
2026-06-27T17:20:15.136+07:00 DEBUG 40032 --- [nio-3000-exec-7] s.w.s.m.m.a.RequestMappingHandlerMapping : Mapped to vn.vuavuive.backend.modules.auth.AuthController#getMe()
2026-06-27T17:20:15.367+07:00 DEBUG 40032 --- [nio-3000-exec-7] o.s.w.s.m.m.a.HttpEntityMethodProcessor  : Using 'application/json', given [*/*] and supported [application/json, application/*+json]
2026-06-27T17:20:15.367+07:00 DEBUG 40032 --- [nio-3000-exec-7] o.s.w.s.m.m.a.HttpEntityMethodProcessor  : Writing [ApiResponse(success=true, message=Lß║Ñy th├┤ng tin ng╞░ß╗¥i d├╣ng th├ánh c├┤ng, data=UserResponse[id=11884dad (truncated)...]
2026-06-27T17:20:15.369+07:00 DEBUG 40032 --- [nio-3000-exec-7] o.s.web.servlet.DispatcherServlet        : Completed 200 OK
2026-06-27T17:22:03.114+07:00 DEBUG 40032 --- [nio-3000-exec-9] o.s.web.servlet.DispatcherServlet        : GET "/api/products", parameters={}
2026-06-27T17:22:03.115+07:00 DEBUG 40032 --- [nio-3000-exec-9] s.w.s.m.m.a.RequestMappingHandlerMapping : Mapped to vn.vuavuive.backend.modules.product.ProductController#getProducts(String, String, int, Integer, Integer, String)
2026-06-27T17:22:05.267+07:00 DEBUG 40032 --- [nio-3000-exec-9] o.s.w.s.m.m.a.HttpEntityMethodProcessor  : Using 'application/json', given [*/*] and supported [application/json, application/*+json]
2026-06-27T17:22:05.323+07:00 DEBUG 40032 --- [nio-3000-exec-9] o.s.w.s.m.m.a.HttpEntityMethodProcessor  : Writing [ApiResponse(success=true, message=Thao t├íc th├ánh c├┤ng, data=[ProductResponse[id=3a81dace-b224-4a3d-b (truncated)...]
2026-06-27T17:22:05.389+07:00 DEBUG 40032 --- [nio-3000-exec-9] o.s.web.servlet.DispatcherServlet        : Completed 200 OK
2026-06-27T17:22:07.521+07:00 DEBUG 40032 --- [io-3000-exec-10] o.s.web.servlet.DispatcherServlet        : GET "/api/products", parameters={}
2026-06-27T17:22:07.522+07:00 DEBUG 40032 --- [io-3000-exec-10] s.w.s.m.m.a.RequestMappingHandlerMapping : Mapped to vn.vuavuive.backend.modules.product.ProductController#getProducts(String, String, int, Integer, Integer, String)
2026-06-27T17:22:09.129+07:00 DEBUG 40032 --- [io-3000-exec-10] o.s.w.s.m.m.a.HttpEntityMethodProcessor  : Using 'application/json', given [*/*] and supported [application/json, application/*+json]
2026-06-27T17:22:09.135+07:00 DEBUG 40032 --- [io-3000-exec-10] o.s.w.s.m.m.a.HttpEntityMethodProcessor  : Writing [ApiResponse(success=true, message=Thao t├íc th├ánh c├┤ng, data=[ProductResponse[id=3a81dace-b224-4a3d-b (truncated)...]
2026-06-27T17:22:09.137+07:00 DEBUG 40032 --- [io-3000-exec-10] o.s.web.servlet.DispatcherServlet        : Completed 200 OK
2026-06-27T17:22:11.104+07:00 DEBUG 40032 --- [nio-3000-exec-1] o.s.web.servlet.DispatcherServlet        : GET "/api/products", parameters={}
2026-06-27T17:22:11.104+07:00 DEBUG 40032 --- [nio-3000-exec-1] s.w.s.m.m.a.RequestMappingHandlerMapping : Mapped to vn.vuavuive.backend.modules.product.ProductController#getProducts(String, String, int, Integer, Integer, String)
2026-06-27T17:22:12.713+07:00 DEBUG 40032 --- [nio-3000-exec-1] o.s.w.s.m.m.a.HttpEntityMethodProcessor  : Using 'application/json', given [*/*] and supported [application/json, application/*+json]
2026-06-27T17:22:12.714+07:00 DEBUG 40032 --- [nio-3000-exec-1] o.s.w.s.m.m.a.HttpEntityMethodProcessor  : Writing [ApiResponse(success=true, message=Thao t├íc th├ánh c├┤ng, data=[ProductResponse[id=3a81dace-b224-4a3d-b (truncated)...]
2026-06-27T17:22:12.715+07:00 DEBUG 40032 --- [nio-3000-exec-1] o.s.web.servlet.DispatcherServlet        : Completed 200 OK
2026-06-27T17:22:14.732+07:00 DEBUG 40032 --- [nio-3000-exec-2] o.s.web.servlet.DispatcherServlet        : GET "/api/products", parameters={}
2026-06-27T17:22:14.733+07:00 DEBUG 40032 --- [nio-3000-exec-2] s.w.s.m.m.a.RequestMappingHandlerMapping : Mapped to vn.vuavuive.backend.modules.product.ProductController#getProducts(String, String, int, Integer, Integer, String)
2026-06-27T17:22:16.335+07:00 DEBUG 40032 --- [nio-3000-exec-2] o.s.w.s.m.m.a.HttpEntityMethodProcessor  : Using 'application/json', given [*/*] and supported [application/json, application/*+json]
2026-06-27T17:22:16.336+07:00 DEBUG 40032 --- [nio-3000-exec-2] o.s.w.s.m.m.a.HttpEntityMethodProcessor  : Writing [ApiResponse(success=true, message=Thao t├íc th├ánh c├┤ng, data=[ProductResponse[id=3a81dace-b224-4a3d-b (truncated)...]
2026-06-27T17:22:16.337+07:00 DEBUG 40032 --- [nio-3000-exec-2] o.s.web.servlet.DispatcherServlet        : Completed 200 OK
2026-06-27T17:31:21.213+07:00 DEBUG 40032 --- [nio-3000-exec-4] o.s.web.servlet.DispatcherServlet        : GET "/api/products", parameters={}
2026-06-27T17:31:21.215+07:00 DEBUG 40032 --- [nio-3000-exec-4] s.w.s.m.m.a.RequestMappingHandlerMapping : Mapped to vn.vuavuive.backend.modules.product.ProductController#getProducts(String, String, int, Integer, Integer, String)
2026-06-27T17:31:22.785+07:00 DEBUG 40032 --- [nio-3000-exec-4] o.s.w.s.m.m.a.HttpEntityMethodProcessor  : Using 'application/json', given [*/*] and supported [application/json, application/*+json]
2026-06-27T17:31:22.787+07:00 DEBUG 40032 --- [nio-3000-exec-4] o.s.w.s.m.m.a.HttpEntityMethodProcessor  : Writing [ApiResponse(success=true, message=Thao t├íc th├ánh c├┤ng, data=[ProductResponse[id=3a81dace-b224-4a3d-b (truncated)...]
2026-06-27T17:31:22.791+07:00 DEBUG 40032 --- [nio-3000-exec-4] o.s.web.servlet.DispatcherServlet        : Completed 200 OK
2026-06-27T17:31:57.824+07:00 DEBUG 40032 --- [nio-3000-exec-6] v.v.backend.security.JwtAuthFilter       : JWT hß╗úp lß╗ç ΓÇö ─É├ú x├íc thß╗▒c user: customer@gmail.com
2026-06-27T17:31:57.824+07:00 DEBUG 40032 --- [nio-3000-exec-6] o.s.web.servlet.DispatcherServlet        : POST "/api/auth/login", parameters={}
2026-06-27T17:31:57.825+07:00 DEBUG 40032 --- [nio-3000-exec-6] s.w.s.m.m.a.RequestMappingHandlerMapping : Mapped to vn.vuavuive.backend.modules.auth.AuthController#login(LoginRequest, HttpServletResponse)
2026-06-27T17:31:57.826+07:00 DEBUG 40032 --- [nio-3000-exec-6] m.m.a.RequestResponseBodyMethodProcessor : Read "application/json;charset=UTF-8" to [LoginRequest[identifier=0912345678, password=Customer@123]]
2026-06-27T17:31:59.384+07:00 DEBUG 40032 --- [nio-3000-exec-6] o.s.w.s.m.m.a.HttpEntityMethodProcessor  : Using 'application/json', given [*/*] and supported [application/json, application/*+json]
2026-06-27T17:31:59.384+07:00 DEBUG 40032 --- [nio-3000-exec-6] o.s.w.s.m.m.a.HttpEntityMethodProcessor  : Writing [ApiResponse(success=true, message=─É─âng nhß║¡p th├ánh c├┤ng, data=UserResponse[id=11884dad-80ef-4088-9518 (truncated)...]
2026-06-27T17:31:59.386+07:00 DEBUG 40032 --- [nio-3000-exec-6] o.s.web.servlet.DispatcherServlet        : Completed 200 OK
2026-06-27T17:31:59.836+07:00 DEBUG 40032 --- [nio-3000-exec-7] v.v.backend.security.JwtAuthFilter       : JWT hß╗úp lß╗ç ΓÇö ─É├ú x├íc thß╗▒c user: customer@gmail.com
2026-06-27T17:31:59.836+07:00 DEBUG 40032 --- [nio-3000-exec-7] o.s.web.servlet.DispatcherServlet        : GET "/api/auth/me", parameters={}
2026-06-27T17:31:59.836+07:00 DEBUG 40032 --- [nio-3000-exec-7] s.w.s.m.m.a.RequestMappingHandlerMapping : Mapped to vn.vuavuive.backend.modules.auth.AuthController#getMe()
2026-06-27T17:32:00.093+07:00 DEBUG 40032 --- [nio-3000-exec-7] o.s.w.s.m.m.a.HttpEntityMethodProcessor  : Using 'application/json', given [*/*] and supported [application/json, application/*+json]
2026-06-27T17:32:00.093+07:00 DEBUG 40032 --- [nio-3000-exec-7] o.s.w.s.m.m.a.HttpEntityMethodProcessor  : Writing [ApiResponse(success=true, message=Lß║Ñy th├┤ng tin ng╞░ß╗¥i d├╣ng th├ánh c├┤ng, data=UserResponse[id=11884dad (truncated)...]
2026-06-27T17:32:00.093+07:00 DEBUG 40032 --- [nio-3000-exec-7] o.s.web.servlet.DispatcherServlet        : Completed 200 OK
2026-06-27T17:33:09.196+07:00 DEBUG 40032 --- [nio-3000-exec-9] o.s.web.servlet.DispatcherServlet        : GET "/api/products", parameters={}
2026-06-27T17:33:09.196+07:00 DEBUG 40032 --- [nio-3000-exec-9] s.w.s.m.m.a.RequestMappingHandlerMapping : Mapped to vn.vuavuive.backend.modules.product.ProductController#getProducts(String, String, int, Integer, Integer, String)
2026-06-27T17:33:11.133+07:00 DEBUG 40032 --- [nio-3000-exec-9] o.s.w.s.m.m.a.HttpEntityMethodProcessor  : Using 'application/json', given [*/*] and supported [application/json, application/*+json]
2026-06-27T17:33:11.134+07:00 DEBUG 40032 --- [nio-3000-exec-9] o.s.w.s.m.m.a.HttpEntityMethodProcessor  : Writing [ApiResponse(success=true, message=Thao t├íc th├ánh c├┤ng, data=[ProductResponse[id=3a81dace-b224-4a3d-b (truncated)...]
2026-06-27T17:33:11.135+07:00 DEBUG 40032 --- [nio-3000-exec-9] o.s.web.servlet.DispatcherServlet        : Completed 200 OK
2026-06-27T17:36:57.662+07:00  INFO 40032 --- [essageBroker-22] o.s.w.s.c.WebSocketMessageBrokerStats    : WebSocketSession[0 current WS(0)-HttpStream(0)-HttpPoll(0), 0 total, 0 closed abnormally (0 connect failure, 0 send limit, 0 transport error)], stompSubProtocol[processed CONNECT(0)-CONNECTED(0)-DISCONNECT(0)], stompBrokerRelay[null], inboundChannel[pool size = 0, active threads = 0, queued tasks = 0, completed tasks = 0], outboundChannel[pool size = 0, active threads = 0, queued tasks = 0, completed tasks = 0], sockJsScheduler[pool size = 24, active threads = 1, queued tasks = 1, completed tasks = 32]
2026-06-27T17:37:45.084+07:00 DEBUG 40032 --- [nio-3000-exec-1] v.v.backend.security.JwtAuthFilter       : JWT hß╗úp lß╗ç ΓÇö ─É├ú x├íc thß╗▒c user: customer@gmail.com
2026-06-27T17:37:45.084+07:00 DEBUG 40032 --- [nio-3000-exec-1] o.s.web.servlet.DispatcherServlet        : POST "/api/orders", parameters={}
2026-06-27T17:37:45.084+07:00 DEBUG 40032 --- [nio-3000-exec-1] s.w.s.m.m.a.RequestMappingHandlerMapping : Mapped to vn.vuavuive.backend.modules.order.OrderController#createOrder(CreateOrderRequest, HttpServletRequest)
2026-06-27T17:37:45.086+07:00 DEBUG 40032 --- [nio-3000-exec-1] m.m.a.RequestResponseBodyMethodProcessor : Read "application/json;charset=UTF-8" to [CreateOrderRequest(items=[OrderItemRequest[productId=prod-23df57f5-8571-424b-9c97-937681d03381, quan (truncated)...]
2026-06-27T17:37:45.584+07:00 DEBUG 40032 --- [nio-3000-exec-1] .m.m.a.ExceptionHandlerExceptionResolver : Using @ExceptionHandler vn.vuavuive.backend.exception.GlobalExceptionHandler#handleAppException(AppException)
2026-06-27T17:37:45.584+07:00  WARN 40032 --- [nio-3000-exec-1] v.v.b.exception.GlobalExceptionHandler   : AppException: 404 NOT_FOUND - Sß║ún phß║⌐m prod-23df57f5-8571-424b-9c97-937681d03381 kh├┤ng tß╗ôn tß║íi
2026-06-27T17:37:45.584+07:00 DEBUG 40032 --- [nio-3000-exec-1] o.s.w.s.m.m.a.HttpEntityMethodProcessor  : Using 'application/json', given [*/*] and supported [application/json, application/*+json]
2026-06-27T17:37:45.584+07:00 DEBUG 40032 --- [nio-3000-exec-1] o.s.w.s.m.m.a.HttpEntityMethodProcessor  : Writing [ErrorResponse[status=404, message=Sß║ún phß║⌐m prod-23df57f5-8571-424b-9c97-937681d03381 kh├┤ng tß╗ôn tß║íi,  (truncated)...]
2026-06-27T17:37:45.584+07:00 DEBUG 40032 --- [nio-3000-exec-1] .m.m.a.ExceptionHandlerExceptionResolver : Resolved [vn.vuavuive.backend.exception.AppException: Sß║ún phß║⌐m prod-23df57f5-8571-424b-9c97-937681d03381 kh├┤ng tß╗ôn tß║íi]
2026-06-27T17:37:45.584+07:00 DEBUG 40032 --- [nio-3000-exec-1] o.s.web.servlet.DispatcherServlet        : Completed 404 NOT_FOUND
2026-06-27T17:38:04.977+07:00 DEBUG 40032 --- [nio-3000-exec-2] o.s.web.servlet.DispatcherServlet        : GET "/api/products/prod-23df57f5-8571-424b-9c97-937681d03381", parameters={}
2026-06-27T17:38:04.977+07:00 DEBUG 40032 --- [nio-3000-exec-2] s.w.s.m.m.a.RequestMappingHandlerMapping : Mapped to vn.vuavuive.backend.modules.product.ProductController#getProductById(String)
2026-06-27T17:38:05.715+07:00 DEBUG 40032 --- [nio-3000-exec-2] .m.m.a.ExceptionHandlerExceptionResolver : Using @ExceptionHandler vn.vuavuive.backend.exception.GlobalExceptionHandler#handleAppException(AppException)
2026-06-27T17:38:05.715+07:00  WARN 40032 --- [nio-3000-exec-2] v.v.b.exception.GlobalExceptionHandler   : AppException: 404 NOT_FOUND - Sß║ún phß║⌐m kh├┤ng tß╗ôn tß║íi
2026-06-27T17:38:05.716+07:00 DEBUG 40032 --- [nio-3000-exec-2] o.s.w.s.m.m.a.HttpEntityMethodProcessor  : Using 'application/json', given [*/*] and supported [application/json, application/*+json]
2026-06-27T17:38:05.716+07:00 DEBUG 40032 --- [nio-3000-exec-2] o.s.w.s.m.m.a.HttpEntityMethodProcessor  : Writing [ErrorResponse[status=404, message=Sß║ún phß║⌐m kh├┤ng tß╗ôn tß║íi, errors=null, timestamp=2026-06-27T17:38:05 (truncated)...]
2026-06-27T17:38:05.717+07:00 DEBUG 40032 --- [nio-3000-exec-2] .m.m.a.ExceptionHandlerExceptionResolver : Resolved [vn.vuavuive.backend.exception.AppException: Sß║ún phß║⌐m kh├┤ng tß╗ôn tß║íi]
2026-06-27T17:38:05.717+07:00 DEBUG 40032 --- [nio-3000-exec-2] o.s.web.servlet.DispatcherServlet        : Completed 404 NOT_FOUND
2026-06-27T17:38:14.366+07:00 DEBUG 40032 --- [nio-3000-exec-3] o.s.web.servlet.DispatcherServlet        : GET "/api/products?limit=5", parameters={masked}
2026-06-27T17:38:14.366+07:00 DEBUG 40032 --- [nio-3000-exec-3] s.w.s.m.m.a.RequestMappingHandlerMapping : Mapped to vn.vuavuive.backend.modules.product.ProductController#getProducts(String, String, int, Integer, Integer, String)
2026-06-27T17:38:15.903+07:00 DEBUG 40032 --- [nio-3000-exec-3] o.s.w.s.m.m.a.HttpEntityMethodProcessor  : Using 'application/json', given [*/*] and supported [application/json, application/*+json]
2026-06-27T17:38:15.904+07:00 DEBUG 40032 --- [nio-3000-exec-3] o.s.w.s.m.m.a.HttpEntityMethodProcessor  : Writing [ApiResponse(success=true, message=Thao t├íc th├ánh c├┤ng, data=[ProductResponse[id=3a81dace-b224-4a3d-b (truncated)...]
2026-06-27T17:38:15.905+07:00 DEBUG 40032 --- [nio-3000-exec-3] o.s.web.servlet.DispatcherServlet        : Completed 200 OK
2026-06-27T17:38:56.437+07:00 DEBUG 40032 --- [nio-3000-exec-5] o.s.web.servlet.DispatcherServlet        : POST "/api/auth/login", parameters={}
2026-06-27T17:38:56.437+07:00 DEBUG 40032 --- [nio-3000-exec-5] s.w.s.m.m.a.RequestMappingHandlerMapping : Mapped to vn.vuavuive.backend.modules.auth.AuthController#login(LoginRequest, HttpServletResponse)
2026-06-27T17:38:56.439+07:00 DEBUG 40032 --- [nio-3000-exec-5] m.m.a.RequestResponseBodyMethodProcessor : Read "application/json;charset=UTF-8" to [LoginRequest[identifier=0912345678, password=Customer@123]]
2026-06-27T17:38:58.155+07:00 DEBUG 40032 --- [nio-3000-exec-5] o.s.w.s.m.m.a.HttpEntityMethodProcessor  : Using 'application/json', given [*/*] and supported [application/json, application/*+json]
2026-06-27T17:38:58.156+07:00 DEBUG 40032 --- [nio-3000-exec-5] o.s.w.s.m.m.a.HttpEntityMethodProcessor  : Writing [ApiResponse(success=true, message=─É─âng nhß║¡p th├ánh c├┤ng, data=UserResponse[id=11884dad-80ef-4088-9518 (truncated)...]
2026-06-27T17:38:58.156+07:00 DEBUG 40032 --- [nio-3000-exec-5] o.s.web.servlet.DispatcherServlet        : Completed 200 OK
2026-06-27T17:38:58.749+07:00 DEBUG 40032 --- [nio-3000-exec-6] v.v.backend.security.JwtAuthFilter       : JWT hß╗úp lß╗ç ΓÇö ─É├ú x├íc thß╗▒c user: customer@gmail.com
2026-06-27T17:38:58.749+07:00 DEBUG 40032 --- [nio-3000-exec-6] o.s.web.servlet.DispatcherServlet        : GET "/api/auth/me", parameters={}
2026-06-27T17:38:58.749+07:00 DEBUG 40032 --- [nio-3000-exec-6] s.w.s.m.m.a.RequestMappingHandlerMapping : Mapped to vn.vuavuive.backend.modules.auth.AuthController#getMe()
2026-06-27T17:38:58.993+07:00 DEBUG 40032 --- [nio-3000-exec-6] o.s.w.s.m.m.a.HttpEntityMethodProcessor  : Using 'application/json', given [*/*] and supported [application/json, application/*+json]
2026-06-27T17:38:58.994+07:00 DEBUG 40032 --- [nio-3000-exec-6] o.s.w.s.m.m.a.HttpEntityMethodProcessor  : Writing [ApiResponse(success=true, message=Lß║Ñy th├┤ng tin ng╞░ß╗¥i d├╣ng th├ánh c├┤ng, data=UserResponse[id=11884dad (truncated)...]
2026-06-27T17:38:58.995+07:00 DEBUG 40032 --- [nio-3000-exec-6] o.s.web.servlet.DispatcherServlet        : Completed 200 OK
2026-06-27T17:40:50.295+07:00 DEBUG 40032 --- [io-3000-exec-10] v.v.backend.security.JwtAuthFilter       : JWT hß╗úp lß╗ç ΓÇö ─É├ú x├íc thß╗▒c user: customer@gmail.com
2026-06-27T17:40:50.295+07:00 DEBUG 40032 --- [io-3000-exec-10] o.s.web.servlet.DispatcherServlet        : POST "/api/orders", parameters={}
2026-06-27T17:40:50.296+07:00 DEBUG 40032 --- [io-3000-exec-10] s.w.s.m.m.a.RequestMappingHandlerMapping : Mapped to vn.vuavuive.backend.modules.order.OrderController#createOrder(CreateOrderRequest, HttpServletRequest)
2026-06-27T17:40:50.297+07:00 DEBUG 40032 --- [io-3000-exec-10] m.m.a.RequestResponseBodyMethodProcessor : Read "application/json;charset=UTF-8" to [CreateOrderRequest(items=[OrderItemRequest[productId=prod-23df57f5-8571-424b-9c97-937681d03381, quan (truncated)...]
2026-06-27T17:40:50.821+07:00 DEBUG 40032 --- [io-3000-exec-10] .m.m.a.ExceptionHandlerExceptionResolver : Using @ExceptionHandler vn.vuavuive.backend.exception.GlobalExceptionHandler#handleAppException(AppException)
2026-06-27T17:40:50.821+07:00  WARN 40032 --- [io-3000-exec-10] v.v.b.exception.GlobalExceptionHandler   : AppException: 404 NOT_FOUND - Sß║ún phß║⌐m prod-23df57f5-8571-424b-9c97-937681d03381 kh├┤ng tß╗ôn tß║íi
2026-06-27T17:40:50.821+07:00 DEBUG 40032 --- [io-3000-exec-10] o.s.w.s.m.m.a.HttpEntityMethodProcessor  : Using 'application/json', given [*/*] and supported [application/json, application/*+json]
2026-06-27T17:40:50.823+07:00 DEBUG 40032 --- [io-3000-exec-10] o.s.w.s.m.m.a.HttpEntityMethodProcessor  : Writing [ErrorResponse[status=404, message=Sß║ún phß║⌐m prod-23df57f5-8571-424b-9c97-937681d03381 kh├┤ng tß╗ôn tß║íi,  (truncated)...]
2026-06-27T17:40:50.823+07:00 DEBUG 40032 --- [io-3000-exec-10] .m.m.a.ExceptionHandlerExceptionResolver : Resolved [vn.vuavuive.backend.exception.AppException: Sß║ún phß║⌐m prod-23df57f5-8571-424b-9c97-937681d03381 kh├┤ng tß╗ôn tß║íi]
2026-06-27T17:40:50.823+07:00 DEBUG 40032 --- [io-3000-exec-10] o.s.web.servlet.DispatcherServlet        : Completed 404 NOT_FOUND
2026-06-27T17:41:27.283+07:00 DEBUG 40032 --- [nio-3000-exec-1] v.v.backend.security.JwtAuthFilter       : JWT hß╗úp lß╗ç ΓÇö ─É├ú x├íc thß╗▒c user: customer@gmail.com
2026-06-27T17:41:27.283+07:00 DEBUG 40032 --- [nio-3000-exec-1] o.s.web.servlet.DispatcherServlet        : POST "/api/orders", parameters={}
2026-06-27T17:41:27.283+07:00 DEBUG 40032 --- [nio-3000-exec-1] s.w.s.m.m.a.RequestMappingHandlerMapping : Mapped to vn.vuavuive.backend.modules.order.OrderController#createOrder(CreateOrderRequest, HttpServletRequest)
2026-06-27T17:41:27.284+07:00 DEBUG 40032 --- [nio-3000-exec-1] m.m.a.RequestResponseBodyMethodProcessor : Read "application/json;charset=UTF-8" to [CreateOrderRequest(items=[OrderItemRequest[productId=prod-23df57f5-8571-424b-9c97-937681d03381, quan (truncated)...]
2026-06-27T17:41:27.790+07:00 DEBUG 40032 --- [nio-3000-exec-1] .m.m.a.ExceptionHandlerExceptionResolver : Using @ExceptionHandler vn.vuavuive.backend.exception.GlobalExceptionHandler#handleAppException(AppException)
2026-06-27T17:41:27.790+07:00  WARN 40032 --- [nio-3000-exec-1] v.v.b.exception.GlobalExceptionHandler   : AppException: 404 NOT_FOUND - Sß║ún phß║⌐m prod-23df57f5-8571-424b-9c97-937681d03381 kh├┤ng tß╗ôn tß║íi
2026-06-27T17:41:27.791+07:00 DEBUG 40032 --- [nio-3000-exec-1] o.s.w.s.m.m.a.HttpEntityMethodProcessor  : Using 'application/json', given [*/*] and supported [application/json, application/*+json]
2026-06-27T17:41:27.791+07:00 DEBUG 40032 --- [nio-3000-exec-1] o.s.w.s.m.m.a.HttpEntityMethodProcessor  : Writing [ErrorResponse[status=404, message=Sß║ún phß║⌐m prod-23df57f5-8571-424b-9c97-937681d03381 kh├┤ng tß╗ôn tß║íi,  (truncated)...]
2026-06-27T17:41:27.792+07:00 DEBUG 40032 --- [nio-3000-exec-1] .m.m.a.ExceptionHandlerExceptionResolver : Resolved [vn.vuavuive.backend.exception.AppException: Sß║ún phß║⌐m prod-23df57f5-8571-424b-9c97-937681d03381 kh├┤ng tß╗ôn tß║íi]
2026-06-27T17:41:27.792+07:00 DEBUG 40032 --- [nio-3000-exec-1] o.s.web.servlet.DispatcherServlet        : Completed 404 NOT_FOUND
2026-06-27T17:42:20.606+07:00 DEBUG 40032 --- [nio-3000-exec-2] v.v.backend.security.JwtAuthFilter       : JWT hß╗úp lß╗ç ΓÇö ─É├ú x├íc thß╗▒c user: customer@gmail.com
2026-06-27T17:42:20.607+07:00 DEBUG 40032 --- [nio-3000-exec-2] o.s.web.servlet.DispatcherServlet        : POST "/api/orders", parameters={}
2026-06-27T17:42:20.607+07:00 DEBUG 40032 --- [nio-3000-exec-2] s.w.s.m.m.a.RequestMappingHandlerMapping : Mapped to vn.vuavuive.backend.modules.order.OrderController#createOrder(CreateOrderRequest, HttpServletRequest)
2026-06-27T17:42:20.608+07:00 DEBUG 40032 --- [nio-3000-exec-2] m.m.a.RequestResponseBodyMethodProcessor : Read "application/json;charset=UTF-8" to [CreateOrderRequest(items=[OrderItemRequest[productId=prod-23df57f5-8571-424b-9c97-937681d03381, quan (truncated)...]
2026-06-27T17:42:21.077+07:00 DEBUG 40032 --- [nio-3000-exec-2] .m.m.a.ExceptionHandlerExceptionResolver : Using @ExceptionHandler vn.vuavuive.backend.exception.GlobalExceptionHandler#handleAppException(AppException)
2026-06-27T17:42:21.078+07:00  WARN 40032 --- [nio-3000-exec-2] v.v.b.exception.GlobalExceptionHandler   : AppException: 404 NOT_FOUND - Sß║ún phß║⌐m prod-23df57f5-8571-424b-9c97-937681d03381 kh├┤ng tß╗ôn tß║íi
2026-06-27T17:42:21.078+07:00 DEBUG 40032 --- [nio-3000-exec-2] o.s.w.s.m.m.a.HttpEntityMethodProcessor  : Using 'application/json', given [*/*] and supported [application/json, application/*+json]
2026-06-27T17:42:21.078+07:00 DEBUG 40032 --- [nio-3000-exec-2] o.s.w.s.m.m.a.HttpEntityMethodProcessor  : Writing [ErrorResponse[status=404, message=Sß║ún phß║⌐m prod-23df57f5-8571-424b-9c97-937681d03381 kh├┤ng tß╗ôn tß║íi,  (truncated)...]
2026-06-27T17:42:21.078+07:00 DEBUG 40032 --- [nio-3000-exec-2] .m.m.a.ExceptionHandlerExceptionResolver : Resolved [vn.vuavuive.backend.exception.AppException: Sß║ún phß║⌐m prod-23df57f5-8571-424b-9c97-937681d03381 kh├┤ng tß╗ôn tß║íi]
2026-06-27T17:42:21.078+07:00 DEBUG 40032 --- [nio-3000-exec-2] o.s.web.servlet.DispatcherServlet        : Completed 404 NOT_FOUND
2026-06-27T17:43:02.886+07:00 DEBUG 40032 --- [nio-3000-exec-3] v.v.backend.security.JwtAuthFilter       : JWT hß╗úp lß╗ç ΓÇö ─É├ú x├íc thß╗▒c user: customer@gmail.com
2026-06-27T17:43:02.887+07:00 DEBUG 40032 --- [nio-3000-exec-3] o.s.web.servlet.DispatcherServlet        : POST "/api/orders", parameters={}
2026-06-27T17:43:02.887+07:00 DEBUG 40032 --- [nio-3000-exec-3] s.w.s.m.m.a.RequestMappingHandlerMapping : Mapped to vn.vuavuive.backend.modules.order.OrderController#createOrder(CreateOrderRequest, HttpServletRequest)
2026-06-27T17:43:02.887+07:00 DEBUG 40032 --- [nio-3000-exec-3] m.m.a.RequestResponseBodyMethodProcessor : Read "application/json;charset=UTF-8" to [CreateOrderRequest(items=[OrderItemRequest[productId=prod-23df57f5-8571-424b-9c97-937681d03381, quan (truncated)...]
2026-06-27T17:43:03.345+07:00 DEBUG 40032 --- [nio-3000-exec-3] .m.m.a.ExceptionHandlerExceptionResolver : Using @ExceptionHandler vn.vuavuive.backend.exception.GlobalExceptionHandler#handleAppException(AppException)
2026-06-27T17:43:03.345+07:00  WARN 40032 --- [nio-3000-exec-3] v.v.b.exception.GlobalExceptionHandler   : AppException: 404 NOT_FOUND - Sß║ún phß║⌐m prod-23df57f5-8571-424b-9c97-937681d03381 kh├┤ng tß╗ôn tß║íi
2026-06-27T17:43:03.345+07:00 DEBUG 40032 --- [nio-3000-exec-3] o.s.w.s.m.m.a.HttpEntityMethodProcessor  : Using 'application/json', given [*/*] and supported [application/json, application/*+json]
2026-06-27T17:43:03.346+07:00 DEBUG 40032 --- [nio-3000-exec-3] o.s.w.s.m.m.a.HttpEntityMethodProcessor  : Writing [ErrorResponse[status=404, message=Sß║ún phß║⌐m prod-23df57f5-8571-424b-9c97-937681d03381 kh├┤ng tß╗ôn tß║íi,  (truncated)...]
2026-06-27T17:43:03.346+07:00 DEBUG 40032 --- [nio-3000-exec-3] .m.m.a.ExceptionHandlerExceptionResolver : Resolved [vn.vuavuive.backend.exception.AppException: Sß║ún phß║⌐m prod-23df57f5-8571-424b-9c97-937681d03381 kh├┤ng tß╗ôn tß║íi]
2026-06-27T17:43:03.346+07:00 DEBUG 40032 --- [nio-3000-exec-3] o.s.web.servlet.DispatcherServlet        : Completed 404 NOT_FOUND
2026-06-27T17:46:43.753+07:00 DEBUG 40032 --- [nio-3000-exec-5] o.s.web.servlet.DispatcherServlet        : POST "/api/auth/admin/login", parameters={}
2026-06-27T17:46:43.753+07:00 DEBUG 40032 --- [nio-3000-exec-5] s.w.s.m.m.a.RequestMappingHandlerMapping : Mapped to vn.vuavuive.backend.modules.auth.AuthController#adminLogin(LoginRequest, HttpServletResponse)
2026-06-27T17:46:43.757+07:00 DEBUG 40032 --- [nio-3000-exec-5] m.m.a.RequestResponseBodyMethodProcessor : Read "application/json;charset=UTF-8" to [LoginRequest[identifier=admin@vuavuive.vn, password=Admin@123]]
2026-06-27T17:46:45.073+07:00 DEBUG 40032 --- [nio-3000-exec-5] o.s.w.s.m.m.a.HttpEntityMethodProcessor  : Using 'application/json', given [*/*] and supported [application/json, application/*+json]
2026-06-27T17:46:45.073+07:00 DEBUG 40032 --- [nio-3000-exec-5] o.s.w.s.m.m.a.HttpEntityMethodProcessor  : Writing [ApiResponse(success=true, message=─É─âng nhß║¡p th├ánh c├┤ng, data=UserResponse[id=81a52d85-0530-469f-9efe (truncated)...]
2026-06-27T17:46:45.080+07:00 DEBUG 40032 --- [nio-3000-exec-5] o.s.web.servlet.DispatcherServlet        : Completed 200 OK
2026-06-27T17:46:45.328+07:00 DEBUG 40032 --- [nio-3000-exec-6] v.v.backend.security.JwtAuthFilter       : JWT hß╗úp lß╗ç ΓÇö ─É├ú x├íc thß╗▒c user: admin@vuavuive.vn
2026-06-27T17:46:45.331+07:00 DEBUG 40032 --- [nio-3000-exec-6] o.s.web.servlet.DispatcherServlet        : POST "/api/products", parameters={}
2026-06-27T17:46:45.331+07:00 DEBUG 40032 --- [nio-3000-exec-6] s.w.s.m.m.a.RequestMappingHandlerMapping : Mapped to vn.vuavuive.backend.modules.product.ProductController#createProduct(ProductRequest)
2026-06-27T17:46:45.442+07:00 DEBUG 40032 --- [nio-3000-exec-6] m.m.a.RequestResponseBodyMethodProcessor : Read "application/json;charset=UTF-8" to [ProductRequest[name=Quoc viet, description=Sß║ún phß║⌐m thß╗¡ nghiß╗çm chß║Ñt l╞░ß╗úng cao, originalPrice=15000,  (truncated)...]
2026-06-27T17:46:46.258+07:00 DEBUG 40032 --- [nio-3000-exec-6] o.s.w.s.m.m.a.HttpEntityMethodProcessor  : Using 'application/json', given [*/*] and supported [application/json, application/*+json]
2026-06-27T17:46:46.258+07:00 DEBUG 40032 --- [nio-3000-exec-6] o.s.w.s.m.m.a.HttpEntityMethodProcessor  : Writing [ApiResponse(success=true, message=Thao t├íc th├ánh c├┤ng, data=ProductResponse[id=b9bfda81-f5c9-4a54-82 (truncated)...]
2026-06-27T17:46:46.260+07:00 DEBUG 40032 --- [nio-3000-exec-6] o.s.web.servlet.DispatcherServlet        : Completed 201 CREATED
2026-06-27T17:46:46.262+07:00 DEBUG 40032 --- [nio-3000-exec-7] o.s.web.servlet.DispatcherServlet        : POST "/api/auth/login", parameters={}
2026-06-27T17:46:46.262+07:00 DEBUG 40032 --- [nio-3000-exec-7] s.w.s.m.m.a.RequestMappingHandlerMapping : Mapped to vn.vuavuive.backend.modules.auth.AuthController#login(LoginRequest, HttpServletResponse)
2026-06-27T17:46:46.262+07:00 DEBUG 40032 --- [nio-3000-exec-7] m.m.a.RequestResponseBodyMethodProcessor : Read "application/json;charset=UTF-8" to [LoginRequest[identifier=customer@gmail.com, password=Customer@123]]
2026-06-27T17:46:47.355+07:00 DEBUG 40032 --- [nio-3000-exec-7] o.s.w.s.m.m.a.HttpEntityMethodProcessor  : Using 'application/json', given [*/*] and supported [application/json, application/*+json]
2026-06-27T17:46:47.356+07:00 DEBUG 40032 --- [nio-3000-exec-7] o.s.w.s.m.m.a.HttpEntityMethodProcessor  : Writing [ApiResponse(success=true, message=─É─âng nhß║¡p th├ánh c├┤ng, data=UserResponse[id=11884dad-80ef-4088-9518 (truncated)...]
2026-06-27T17:46:47.357+07:00 DEBUG 40032 --- [nio-3000-exec-7] o.s.web.servlet.DispatcherServlet        : Completed 200 OK
2026-06-27T17:46:47.599+07:00 DEBUG 40032 --- [nio-3000-exec-8] v.v.backend.security.JwtAuthFilter       : JWT hß╗úp lß╗ç ΓÇö ─É├ú x├íc thß╗▒c user: customer@gmail.com
2026-06-27T17:46:47.599+07:00 DEBUG 40032 --- [nio-3000-exec-8] o.s.web.servlet.DispatcherServlet        : POST "/api/orders", parameters={}
2026-06-27T17:46:47.599+07:00 DEBUG 40032 --- [nio-3000-exec-8] s.w.s.m.m.a.RequestMappingHandlerMapping : Mapped to vn.vuavuive.backend.modules.order.OrderController#createOrder(CreateOrderRequest, HttpServletRequest)
2026-06-27T17:46:47.599+07:00 DEBUG 40032 --- [nio-3000-exec-8] m.m.a.RequestResponseBodyMethodProcessor : Read "application/json;charset=UTF-8" to [CreateOrderRequest(items=[OrderItemRequest[productId=b9bfda81-f5c9-4a54-82d4-290052cccf55, quantity= (truncated)...]
2026-06-27T17:46:48.771+07:00  INFO 40032 --- [nio-3000-exec-8] v.v.backend.modules.order.OrderService   : ─É╞ín h├áng 9d0218bc-2945-487f-9009-dfe49bb031d3 ─æ├ú ─æ╞░ß╗úc tß║ío bß╗ƒi user customer@gmail.com
2026-06-27T17:46:49.014+07:00 DEBUG 40032 --- [nio-3000-exec-8] o.s.w.s.m.m.a.HttpEntityMethodProcessor  : Using 'application/json', given [*/*] and supported [application/json, application/*+json]
2026-06-27T17:46:49.034+07:00 DEBUG 40032 --- [nio-3000-exec-8] o.s.w.s.m.m.a.HttpEntityMethodProcessor  : Writing [ApiResponse(success=true, message=Thao t├íc th├ánh c├┤ng, data=OrderResponse[orderId=9d0218bc-2945-487f (truncated)...]
2026-06-27T17:46:49.047+07:00 DEBUG 40032 --- [nio-3000-exec-8] o.s.web.servlet.DispatcherServlet        : Completed 201 CREATED
2026-06-27T17:49:03.824+07:00 DEBUG 40032 --- [io-3000-exec-10] o.s.web.servlet.DispatcherServlet        : POST "/api/auth/login", parameters={}
2026-06-27T17:49:03.824+07:00 DEBUG 40032 --- [io-3000-exec-10] s.w.s.m.m.a.RequestMappingHandlerMapping : Mapped to vn.vuavuive.backend.modules.auth.AuthController#login(LoginRequest, HttpServletResponse)
2026-06-27T17:49:03.824+07:00 DEBUG 40032 --- [io-3000-exec-10] m.m.a.RequestResponseBodyMethodProcessor : Read "application/json;charset=UTF-8" to [LoginRequest[identifier=0912345678, password=Customer@123]]
2026-06-27T17:49:05.537+07:00 DEBUG 40032 --- [io-3000-exec-10] o.s.w.s.m.m.a.HttpEntityMethodProcessor  : Using 'application/json', given [*/*] and supported [application/json, application/*+json]
2026-06-27T17:49:05.537+07:00 DEBUG 40032 --- [io-3000-exec-10] o.s.w.s.m.m.a.HttpEntityMethodProcessor  : Writing [ApiResponse(success=true, message=─É─âng nhß║¡p th├ánh c├┤ng, data=UserResponse[id=11884dad-80ef-4088-9518 (truncated)...]
2026-06-27T17:49:05.537+07:00 DEBUG 40032 --- [io-3000-exec-10] o.s.web.servlet.DispatcherServlet        : Completed 200 OK
2026-06-27T17:49:05.977+07:00 DEBUG 40032 --- [nio-3000-exec-1] v.v.backend.security.JwtAuthFilter       : JWT hß╗úp lß╗ç ΓÇö ─É├ú x├íc thß╗▒c user: customer@gmail.com
2026-06-27T17:49:05.977+07:00 DEBUG 40032 --- [nio-3000-exec-1] o.s.web.servlet.DispatcherServlet        : GET "/api/auth/me", parameters={}
2026-06-27T17:49:05.977+07:00 DEBUG 40032 --- [nio-3000-exec-1] s.w.s.m.m.a.RequestMappingHandlerMapping : Mapped to vn.vuavuive.backend.modules.auth.AuthController#getMe()
2026-06-27T17:49:06.223+07:00 DEBUG 40032 --- [nio-3000-exec-1] o.s.w.s.m.m.a.HttpEntityMethodProcessor  : Using 'application/json', given [*/*] and supported [application/json, application/*+json]
2026-06-27T17:49:06.226+07:00 DEBUG 40032 --- [nio-3000-exec-1] o.s.w.s.m.m.a.HttpEntityMethodProcessor  : Writing [ApiResponse(success=true, message=Lß║Ñy th├┤ng tin ng╞░ß╗¥i d├╣ng th├ánh c├┤ng, data=UserResponse[id=11884dad (truncated)...]
2026-06-27T17:49:06.226+07:00 DEBUG 40032 --- [nio-3000-exec-1] o.s.web.servlet.DispatcherServlet        : Completed 200 OK
2026-06-27T17:51:20.641+07:00 DEBUG 40032 --- [nio-3000-exec-3] v.v.backend.security.JwtAuthFilter       : JWT hß╗úp lß╗ç ΓÇö ─É├ú x├íc thß╗▒c user: customer@gmail.com
2026-06-27T17:51:20.642+07:00 DEBUG 40032 --- [nio-3000-exec-3] o.s.web.servlet.DispatcherServlet        : POST "/api/orders", parameters={}
2026-06-27T17:51:20.643+07:00 DEBUG 40032 --- [nio-3000-exec-3] s.w.s.m.m.a.RequestMappingHandlerMapping : Mapped to vn.vuavuive.backend.modules.order.OrderController#createOrder(CreateOrderRequest, HttpServletRequest)
2026-06-27T17:51:20.650+07:00 DEBUG 40032 --- [nio-3000-exec-3] m.m.a.RequestResponseBodyMethodProcessor : Read "application/json;charset=UTF-8" to [CreateOrderRequest(items=[OrderItemRequest[productId=90000000-0000-0000-0000-000000000100, quantity= (truncated)...]
2026-06-27T17:51:21.939+07:00  INFO 40032 --- [nio-3000-exec-3] v.v.backend.modules.order.OrderService   : ─É╞ín h├áng 48ffc925-290e-44b4-b431-8e675803a11e ─æ├ú ─æ╞░ß╗úc tß║ío bß╗ƒi user customer@gmail.com
2026-06-27T17:51:22.201+07:00 DEBUG 40032 --- [nio-3000-exec-3] o.s.w.s.m.m.a.HttpEntityMethodProcessor  : Using 'application/json', given [*/*] and supported [application/json, application/*+json]
2026-06-27T17:51:22.203+07:00 DEBUG 40032 --- [nio-3000-exec-3] o.s.w.s.m.m.a.HttpEntityMethodProcessor  : Writing [ApiResponse(success=true, message=Thao t├íc th├ánh c├┤ng, data=OrderResponse[orderId=48ffc925-290e-44b4 (truncated)...]
2026-06-27T17:51:22.207+07:00 DEBUG 40032 --- [nio-3000-exec-3] o.s.web.servlet.DispatcherServlet        : Completed 201 CREATED
