=======================================================
   KHOI DONG VUAVUIVE BACKEND
=======================================================
[+] Kiem tra Java:
openjdk version "21.0.10" 2026-01-20
OpenJDK Runtime Environment (build 21.0.10+-14961533-b1163.108)
OpenJDK 64-Bit Server VM (build 21.0.10+-14961533-b1163.108, mixed mode)

MoMo public base URL: https://lowell-intercerebral-monopodially.ngrok-free.dev
MoMo mock mode: false
[+] Dang khoi dong Spring Boot...
[INFO] Scanning for projects...
[INFO] 
[INFO] ------------------------< vn.vuavuive:backend >-------------------------
[INFO] Building Vựa Vui Vẻ Backend 1.0.0
[INFO]   from pom.xml
[INFO] --------------------------------[ jar ]---------------------------------
[INFO] 
[INFO] >>> spring-boot:3.3.0:run (default-cli) > test-compile @ backend >>>
[INFO] 
[INFO] --- resources:3.3.1:resources (default-resources) @ backend ---
[INFO] Copying 3 resources from src\main\resources to target\classes
[INFO] Copying 1 resource from src\main\resources to target\classes
[INFO] 
[INFO] --- compiler:3.13.0:compile (default-compile) @ backend ---
[INFO] Recompiling the module because of changed source code.
[INFO] Compiling 100 source files with javac [debug parameters release 21] to target\classes
[INFO] /E:/Nam3/TaiLieuHocKi8/APP/VuaVuiVe/app-backend/src/main/java/vn/vuavuive/backend/modules/payment/ZaloPayService.java: Some input files use unchecked or unsafe operations.
[INFO] /E:/Nam3/TaiLieuHocKi8/APP/VuaVuiVe/app-backend/src/main/java/vn/vuavuive/backend/modules/payment/ZaloPayService.java: Recompile with -Xlint:unchecked for details.
[INFO] 
[INFO] --- resources:3.3.1:testResources (default-testResources) @ backend ---
[INFO] skip non existing resourceDirectory E:\Nam3\TaiLieuHocKi8\APP\VuaVuiVe\app-backend\src\test\resources
[INFO] 
[INFO] --- compiler:3.13.0:testCompile (default-testCompile) @ backend ---
[INFO] No sources to compile
[INFO] 
[INFO] <<< spring-boot:3.3.0:run (default-cli) < test-compile @ backend <<<
[INFO] 
[INFO] 
[INFO] --- spring-boot:3.3.0:run (default-cli) @ backend ---
[INFO] Attaching agents: []
  .   ____          _            __ _ _
 /\\ / ___'_ __ _ _(_)_ __  __ _ \ \ \ \
( ( )\___ | '_ | '_| | '_ \/ _` | \ \ \ \
 \\/  ___)| |_)| | | | | || (_| |  ) ) ) )
  '  |____| .__|_| |_|_| |_\__, | / / / /
 =========|_|==============|___/=/_/_/_/

 :: Spring Boot ::                (v3.3.0)

2026-06-27T18:32:56.472+07:00  INFO 32348 --- [           main] v.v.backend.VuaVuiVeBackendApplication   : Starting VuaVuiVeBackendApplication using Java 21.0.10 with PID 32348 (E:\Nam3\TaiLieuHocKi8\APP\VuaVuiVe\app-backend\target\classes started by ADMIN in E:\Nam3\TaiLieuHocKi8\APP\VuaVuiVe\app-backend)
2026-06-27T18:32:56.473+07:00 DEBUG 32348 --- [           main] v.v.backend.VuaVuiVeBackendApplication   : Running with Spring Boot v3.3.0, Spring v6.1.8
2026-06-27T18:32:56.473+07:00  INFO 32348 --- [           main] v.v.backend.VuaVuiVeBackendApplication   : The following 1 profile is active: "dev"
2026-06-27T18:32:57.502+07:00  INFO 32348 --- [           main] o.s.b.w.embedded.tomcat.TomcatWebServer  : Tomcat initialized with port 3000 (http)
2026-06-27T18:32:57.516+07:00  INFO 32348 --- [           main] o.apache.catalina.core.StandardService   : Starting service [Tomcat]
2026-06-27T18:32:57.516+07:00  INFO 32348 --- [           main] o.apache.catalina.core.StandardEngine    : Starting Servlet engine: [Apache Tomcat/10.1.24]
2026-06-27T18:32:57.581+07:00  INFO 32348 --- [           main] o.a.c.c.C.[Tomcat].[localhost].[/]       : Initializing Spring embedded WebApplicationContext
2026-06-27T18:32:57.581+07:00  INFO 32348 --- [           main] w.s.c.ServletWebServerApplicationContext : Root WebApplicationContext: initialization completed in 1078 ms
2026-06-27T18:32:57.714+07:00  INFO 32348 --- [           main] v.v.b.core.FirebaseRepositoryHelper      : Initialized REST-based FirebaseRepositoryHelper with URL: https://vua-vui-ve-default-rtdb.firebaseio.com
2026-06-27T18:32:57.760+07:00 DEBUG 32348 --- [           main] v.v.backend.security.JwtAuthFilter       : Filter 'jwtAuthFilter' configured for use
2026-06-27T18:32:57.899+07:00  INFO 32348 --- [           main] eAuthenticationProviderManagerConfigurer : Global AuthenticationManager configured with AuthenticationProvider bean with name authenticationProvider
2026-06-27T18:32:57.899+07:00  WARN 32348 --- [           main] r$InitializeUserDetailsManagerConfigurer : Global AuthenticationManager configured with an AuthenticationProvider bean. UserDetailsService beans will not be used for username/password login. Consider removing the AuthenticationProvider bean. Alternatively, consider using the UserDetailsService in a manually instantiated DaoAuthenticationProvider.
2026-06-27T18:32:58.064+07:00  INFO 32348 --- [           main] v.v.backend.config.FirebaseConfig        : Starting initialization of Firebase Admin SDK...
2026-06-27T18:32:58.111+07:00  INFO 32348 --- [           main] v.v.backend.config.FirebaseConfig        : Firebase Admin SDK initialized successfully for project: [DEFAULT]
2026-06-27T18:32:58.300+07:00 DEBUG 32348 --- [           main] o.s.w.s.s.s.WebSocketHandlerMapping      : Patterns [/ws, /ws/**] in 'stompWebSocketHandlerMapping'
2026-06-27T18:32:58.380+07:00 DEBUG 32348 --- [           main] s.w.s.m.m.a.RequestMappingHandlerMapping : 85 mappings in 'requestMappingHandlerMapping'
2026-06-27T18:32:58.414+07:00 DEBUG 32348 --- [           main] o.s.w.s.handler.SimpleUrlHandlerMapping  : Patterns [/webjars/**, /**, /uploads/**, /swagger-ui*/*swagger-initializer.js, /swagger-ui*/**] in 'resourceHandlerMapping'
2026-06-27T18:32:58.451+07:00  INFO 32348 --- [           main] o.s.s.web.DefaultSecurityFilterChain     : Will secure any request with [org.springframework.security.web.session.DisableEncodeUrlFilter@35554635, org.springframework.security.web.context.request.async.WebAsyncManagerIntegrationFilter@70f5f59d, org.springframework.security.web.context.SecurityContextHolderFilter@28e48b65, org.springframework.security.web.header.HeaderWriterFilter@62054faf, org.springframework.web.filter.CorsFilter@74431832, org.springframework.security.web.authentication.logout.LogoutFilter@2d0f548a, vn.vuavuive.backend.security.JwtAuthFilter@77aea, org.springframework.security.web.savedrequest.RequestCacheAwareFilter@6f4d2294, org.springframework.security.web.servletapi.SecurityContextHolderAwareRequestFilter@5855b0ed, org.springframework.security.web.authentication.AnonymousAuthenticationFilter@6fa2a006, org.springframework.security.web.session.SessionManagementFilter@c190cfc, org.springframework.security.web.access.ExceptionTranslationFilter@4e5364a3, org.springframework.security.web.access.intercept.AuthorizationFilter@7be7c052]
2026-06-27T18:32:58.501+07:00 DEBUG 32348 --- [           main] .WebSocketAnnotationMethodMessageHandler : 
	v.v.b.m.a.ChatController:
	
2026-06-27T18:32:58.502+07:00 DEBUG 32348 --- [           main] .WebSocketAnnotationMethodMessageHandler : 
	v.v.b.m.a.AuthController:
	
2026-06-27T18:32:58.502+07:00 DEBUG 32348 --- [           main] .WebSocketAnnotationMethodMessageHandler : 
	v.v.b.m.c.CartController:
	
2026-06-27T18:32:58.502+07:00 DEBUG 32348 --- [           main] .WebSocketAnnotationMethodMessageHandler : 
	v.v.b.m.c.CategoryController:
	
2026-06-27T18:32:58.502+07:00 DEBUG 32348 --- [           main] .WebSocketAnnotationMethodMessageHandler : 
	v.v.b.m.o.AdminOrderController:
	
2026-06-27T18:32:58.502+07:00 DEBUG 32348 --- [           main] .WebSocketAnnotationMethodMessageHandler : 
	v.v.b.m.o.OrderController:
	
2026-06-27T18:32:58.502+07:00 DEBUG 32348 --- [           main] .WebSocketAnnotationMethodMessageHandler : 
	v.v.b.m.p.MomoController:
	
2026-06-27T18:32:58.502+07:00 DEBUG 32348 --- [           main] .WebSocketAnnotationMethodMessageHandler : 
	v.v.b.m.p.PaymentController:
	
2026-06-27T18:32:58.502+07:00 DEBUG 32348 --- [           main] .WebSocketAnnotationMethodMessageHandler : 
	v.v.b.m.p.ProductController:
	
2026-06-27T18:32:58.502+07:00 DEBUG 32348 --- [           main] .WebSocketAnnotationMethodMessageHandler : 
	v.v.b.m.r.RecipeController:
	
2026-06-27T18:32:58.503+07:00 DEBUG 32348 --- [           main] .WebSocketAnnotationMethodMessageHandler : 
	v.v.b.m.r.RecommendController:
	
2026-06-27T18:32:58.503+07:00 DEBUG 32348 --- [           main] .WebSocketAnnotationMethodMessageHandler : 
	v.v.b.m.r.ReviewController:
	
2026-06-27T18:32:58.503+07:00 DEBUG 32348 --- [           main] .WebSocketAnnotationMethodMessageHandler : 
	v.v.b.m.s.ShipperController:
	
2026-06-27T18:32:58.503+07:00 DEBUG 32348 --- [           main] .WebSocketAnnotationMethodMessageHandler : 
	v.v.b.m.u.UploadController:
	
2026-06-27T18:32:58.503+07:00 DEBUG 32348 --- [           main] .WebSocketAnnotationMethodMessageHandler : 
	o.s.b.a.w.s.e.BasicErrorController:
	
2026-06-27T18:32:58.503+07:00 DEBUG 32348 --- [           main] .WebSocketAnnotationMethodMessageHandler : 
	o.s.w.a.OpenApiWebMvcResource:
	
2026-06-27T18:32:58.503+07:00 DEBUG 32348 --- [           main] .WebSocketAnnotationMethodMessageHandler : 
	o.s.w.u.SwaggerWelcomeWebMvc:
	
2026-06-27T18:32:58.503+07:00 DEBUG 32348 --- [           main] .WebSocketAnnotationMethodMessageHandler : 
	o.s.w.u.SwaggerConfigResource:
	
2026-06-27T18:32:58.554+07:00 DEBUG 32348 --- [           main] s.w.s.m.m.a.RequestMappingHandlerAdapter : ControllerAdvice beans: 0 @ModelAttribute, 0 @InitBinder, 1 RequestBodyAdvice, 2 ResponseBodyAdvice
2026-06-27T18:32:58.579+07:00 DEBUG 32348 --- [           main] .m.m.a.ExceptionHandlerExceptionResolver : ControllerAdvice beans: 2 @ExceptionHandler, 2 ResponseBodyAdvice
2026-06-27T18:32:58.734+07:00  INFO 32348 --- [           main] o.s.b.w.embedded.tomcat.TomcatWebServer  : Tomcat started on port 3000 (http) with context path '/'
2026-06-27T18:32:58.735+07:00 DEBUG 32348 --- [           main] org.springframework.web.SimpLogging      : clientOutboundChannel added SubProtocolWebSocketHandler[StompSubProtocolHandler[v10.stomp, v11.stomp, v12.stomp]]
2026-06-27T18:32:58.735+07:00 DEBUG 32348 --- [           main] org.springframework.web.SimpLogging      : clientInboundChannel added WebSocketAnnotationMethodMessageHandler[prefixes=[/app/]]
2026-06-27T18:32:58.735+07:00  INFO 32348 --- [           main] o.s.m.s.b.SimpleBrokerMessageHandler     : Starting...
2026-06-27T18:32:58.735+07:00 DEBUG 32348 --- [           main] org.springframework.web.SimpLogging      : clientInboundChannel added SimpleBrokerMessageHandler [org.springframework.messaging.simp.broker.DefaultSubscriptionRegistry@7381d6f0]
2026-06-27T18:32:58.735+07:00 DEBUG 32348 --- [           main] org.springframework.web.SimpLogging      : brokerChannel added SimpleBrokerMessageHandler [org.springframework.messaging.simp.broker.DefaultSubscriptionRegistry@7381d6f0]
2026-06-27T18:32:58.735+07:00  INFO 32348 --- [           main] o.s.m.s.b.SimpleBrokerMessageHandler     : BrokerAvailabilityEvent[available=true, SimpleBrokerMessageHandler [org.springframework.messaging.simp.broker.DefaultSubscriptionRegistry@7381d6f0]]
2026-06-27T18:32:58.735+07:00  INFO 32348 --- [           main] o.s.m.s.b.SimpleBrokerMessageHandler     : Started.
2026-06-27T18:32:58.735+07:00 DEBUG 32348 --- [           main] org.springframework.web.SimpLogging      : clientInboundChannel added UserDestinationMessageHandler[DefaultUserDestinationResolver[prefix=/user/]]
2026-06-27T18:32:58.735+07:00 DEBUG 32348 --- [           main] org.springframework.web.SimpLogging      : brokerChannel added UserDestinationMessageHandler[DefaultUserDestinationResolver[prefix=/user/]]
2026-06-27T18:32:58.740+07:00  INFO 32348 --- [           main] v.v.backend.VuaVuiVeBackendApplication   : Started VuaVuiVeBackendApplication in 2.568 seconds (process running for 2.906)
2026-06-27T18:33:17.674+07:00  INFO 32348 --- [nio-3000-exec-1] o.a.c.c.C.[Tomcat].[localhost].[/]       : Initializing Spring DispatcherServlet 'dispatcherServlet'
2026-06-27T18:33:17.674+07:00  INFO 32348 --- [nio-3000-exec-1] o.s.web.servlet.DispatcherServlet        : Initializing Servlet 'dispatcherServlet'
2026-06-27T18:33:17.674+07:00 DEBUG 32348 --- [nio-3000-exec-1] o.s.web.servlet.DispatcherServlet        : Detected StandardServletMultipartResolver
2026-06-27T18:33:17.674+07:00 DEBUG 32348 --- [nio-3000-exec-1] o.s.web.servlet.DispatcherServlet        : Detected AcceptHeaderLocaleResolver
2026-06-27T18:33:17.674+07:00 DEBUG 32348 --- [nio-3000-exec-1] o.s.web.servlet.DispatcherServlet        : Detected FixedThemeResolver
2026-06-27T18:33:17.674+07:00 DEBUG 32348 --- [nio-3000-exec-1] o.s.web.servlet.DispatcherServlet        : Detected org.springframework.web.servlet.view.DefaultRequestToViewNameTranslator@cfacf0
2026-06-27T18:33:17.674+07:00 DEBUG 32348 --- [nio-3000-exec-1] o.s.web.servlet.DispatcherServlet        : Detected org.springframework.web.servlet.support.SessionFlashMapManager@46de118b
2026-06-27T18:33:17.674+07:00 DEBUG 32348 --- [nio-3000-exec-1] o.s.web.servlet.DispatcherServlet        : enableLoggingRequestDetails='false': request parameters and headers will be masked to prevent unsafe logging of potentially sensitive data
2026-06-27T18:33:17.674+07:00  INFO 32348 --- [nio-3000-exec-1] o.s.web.servlet.DispatcherServlet        : Completed initialization in 0 ms
2026-06-27T18:33:17.689+07:00 DEBUG 32348 --- [nio-3000-exec-1] o.s.web.servlet.DispatcherServlet        : HEAD "/api-docs", parameters={}
2026-06-27T18:33:17.690+07:00 DEBUG 32348 --- [nio-3000-exec-1] s.w.s.m.m.a.RequestMappingHandlerMapping : Mapped to org.springdoc.webmvc.api.OpenApiWebMvcResource#openapiJson(HttpServletRequest, String, Locale)
2026-06-27T18:33:18.230+07:00  INFO 32348 --- [nio-3000-exec-1] o.springdoc.api.AbstractOpenApiResource  : Init duration for springdoc-openapi is: 527 ms
2026-06-27T18:33:18.245+07:00 DEBUG 32348 --- [nio-3000-exec-1] m.m.a.RequestResponseBodyMethodProcessor : Using 'application/json', given [*/*] and supported [application/json]
2026-06-27T18:33:18.248+07:00 DEBUG 32348 --- [nio-3000-exec-1] m.m.a.RequestResponseBodyMethodProcessor : Writing [{123, 34, 111, 112, 101, 110, 97, 112, 105, 34, 58, 34, 51, 46, 48, 46, 49, 34, 44, 34, 105, 110, 10 (truncated)...]
2026-06-27T18:33:18.251+07:00 DEBUG 32348 --- [nio-3000-exec-1] o.s.web.servlet.DispatcherServlet        : Completed 200 OK
2026-06-27T18:33:20.204+07:00 DEBUG 32348 --- [nio-3000-exec-3] o.s.web.servlet.DispatcherServlet        : HEAD "/api-docs", parameters={}
2026-06-27T18:33:20.204+07:00 DEBUG 32348 --- [nio-3000-exec-3] s.w.s.m.m.a.RequestMappingHandlerMapping : Mapped to org.springdoc.webmvc.api.OpenApiWebMvcResource#openapiJson(HttpServletRequest, String, Locale)
2026-06-27T18:33:20.211+07:00 DEBUG 32348 --- [nio-3000-exec-3] m.m.a.RequestResponseBodyMethodProcessor : Using 'application/json', given [*/*] and supported [application/json]
2026-06-27T18:33:20.214+07:00 DEBUG 32348 --- [nio-3000-exec-3] m.m.a.RequestResponseBodyMethodProcessor : Writing [{123, 34, 111, 112, 101, 110, 97, 112, 105, 34, 58, 34, 51, 46, 48, 46, 49, 34, 44, 34, 105, 110, 10 (truncated)...]
2026-06-27T18:33:20.215+07:00 DEBUG 32348 --- [nio-3000-exec-3] o.s.web.servlet.DispatcherServlet        : Completed 200 OK
2026-06-27T18:33:46.010+07:00 DEBUG 32348 --- [nio-3000-exec-4] o.s.web.servlet.DispatcherServlet        : POST "/api/auth/login", parameters={}
2026-06-27T18:33:46.011+07:00 DEBUG 32348 --- [nio-3000-exec-4] s.w.s.m.m.a.RequestMappingHandlerMapping : Mapped to vn.vuavuive.backend.modules.auth.AuthController#login(LoginRequest, HttpServletResponse)
2026-06-27T18:33:46.026+07:00 DEBUG 32348 --- [nio-3000-exec-4] m.m.a.RequestResponseBodyMethodProcessor : Read "application/json;charset=UTF-8" to [LoginRequest[identifier=0912345678, password=Customer@123]]
2026-06-27T18:33:48.216+07:00 DEBUG 32348 --- [nio-3000-exec-4] o.s.w.s.m.m.a.HttpEntityMethodProcessor  : Using 'application/json', given [*/*] and supported [application/json, application/*+json]
2026-06-27T18:33:48.228+07:00 DEBUG 32348 --- [nio-3000-exec-4] o.s.w.s.m.m.a.HttpEntityMethodProcessor  : Writing [ApiResponse(success=true, message=Đăng nhập thành công, data=UserResponse[id=22f857f6-079e-44ef-b9eb (truncated)...]
2026-06-27T18:33:48.231+07:00 DEBUG 32348 --- [nio-3000-exec-4] o.s.web.servlet.DispatcherServlet        : Completed 200 OK
2026-06-27T18:33:48.828+07:00 DEBUG 32348 --- [nio-3000-exec-2] v.v.backend.security.JwtAuthFilter       : JWT hợp lệ — Đã xác thực user: customer@gmail.com
2026-06-27T18:33:48.829+07:00 DEBUG 32348 --- [nio-3000-exec-2] o.s.web.servlet.DispatcherServlet        : GET "/api/auth/me", parameters={}
2026-06-27T18:33:48.829+07:00 DEBUG 32348 --- [nio-3000-exec-2] s.w.s.m.m.a.RequestMappingHandlerMapping : Mapped to vn.vuavuive.backend.modules.auth.AuthController#getMe()
2026-06-27T18:33:49.092+07:00 DEBUG 32348 --- [nio-3000-exec-2] o.s.w.s.m.m.a.HttpEntityMethodProcessor  : Using 'application/json', given [*/*] and supported [application/json, application/*+json]
2026-06-27T18:33:49.093+07:00 DEBUG 32348 --- [nio-3000-exec-2] o.s.w.s.m.m.a.HttpEntityMethodProcessor  : Writing [ApiResponse(success=true, message=Lấy thông tin người dùng thành công, data=UserResponse[id=22f857f6 (truncated)...]
2026-06-27T18:33:49.093+07:00 DEBUG 32348 --- [nio-3000-exec-2] o.s.web.servlet.DispatcherServlet        : Completed 200 OK
2026-06-27T18:33:58.734+07:00  INFO 32348 --- [MessageBroker-2] o.s.w.s.c.WebSocketMessageBrokerStats    : WebSocketSession[0 current WS(0)-HttpStream(0)-HttpPoll(0), 0 total, 0 closed abnormally (0 connect failure, 0 send limit, 0 transport error)], stompSubProtocol[processed CONNECT(0)-CONNECTED(0)-DISCONNECT(0)], stompBrokerRelay[null], inboundChannel[pool size = 0, active threads = 0, queued tasks = 0, completed tasks = 0], outboundChannel[pool size = 0, active threads = 0, queued tasks = 0, completed tasks = 0], sockJsScheduler[pool size = 3, active threads = 1, queued tasks = 1, completed tasks = 1]
2026-06-27T18:38:05.702+07:00 DEBUG 32348 --- [nio-3000-exec-7] v.v.backend.security.JwtAuthFilter       : JWT hợp lệ — Đã xác thực user: customer@gmail.com
2026-06-27T18:38:05.703+07:00 DEBUG 32348 --- [nio-3000-exec-7] o.s.web.servlet.DispatcherServlet        : POST "/api/auth/login", parameters={}
2026-06-27T18:38:05.703+07:00 DEBUG 32348 --- [nio-3000-exec-7] s.w.s.m.m.a.RequestMappingHandlerMapping : Mapped to vn.vuavuive.backend.modules.auth.AuthController#login(LoginRequest, HttpServletResponse)
2026-06-27T18:38:05.708+07:00 DEBUG 32348 --- [nio-3000-exec-7] m.m.a.RequestResponseBodyMethodProcessor : Read "application/json;charset=UTF-8" to [LoginRequest[identifier=0912345678, password=Customer@123]]
2026-06-27T18:38:07.266+07:00 DEBUG 32348 --- [nio-3000-exec-7] o.s.w.s.m.m.a.HttpEntityMethodProcessor  : Using 'application/json', given [*/*] and supported [application/json, application/*+json]
2026-06-27T18:38:07.267+07:00 DEBUG 32348 --- [nio-3000-exec-7] o.s.w.s.m.m.a.HttpEntityMethodProcessor  : Writing [ApiResponse(success=true, message=Đăng nhập thành công, data=UserResponse[id=22f857f6-079e-44ef-b9eb (truncated)...]
2026-06-27T18:38:07.267+07:00 DEBUG 32348 --- [nio-3000-exec-7] o.s.web.servlet.DispatcherServlet        : Completed 200 OK
2026-06-27T18:38:07.776+07:00 DEBUG 32348 --- [nio-3000-exec-8] v.v.backend.security.JwtAuthFilter       : JWT hợp lệ — Đã xác thực user: customer@gmail.com
2026-06-27T18:38:07.776+07:00 DEBUG 32348 --- [nio-3000-exec-8] o.s.web.servlet.DispatcherServlet        : GET "/api/auth/me", parameters={}
2026-06-27T18:38:07.776+07:00 DEBUG 32348 --- [nio-3000-exec-8] s.w.s.m.m.a.RequestMappingHandlerMapping : Mapped to vn.vuavuive.backend.modules.auth.AuthController#getMe()
2026-06-27T18:38:08.024+07:00 DEBUG 32348 --- [nio-3000-exec-8] o.s.w.s.m.m.a.HttpEntityMethodProcessor  : Using 'application/json', given [*/*] and supported [application/json, application/*+json]
2026-06-27T18:38:08.024+07:00 DEBUG 32348 --- [nio-3000-exec-8] o.s.w.s.m.m.a.HttpEntityMethodProcessor  : Writing [ApiResponse(success=true, message=Lấy thông tin người dùng thành công, data=UserResponse[id=22f857f6 (truncated)...]
2026-06-27T18:38:08.025+07:00 DEBUG 32348 --- [nio-3000-exec-8] o.s.web.servlet.DispatcherServlet        : Completed 200 OK
2026-06-27T18:39:04.650+07:00 DEBUG 32348 --- [nio-3000-exec-9] v.v.backend.security.JwtAuthFilter       : JWT hợp lệ — Đã xác thực user: customer@gmail.com
2026-06-27T18:39:04.650+07:00 DEBUG 32348 --- [nio-3000-exec-9] o.s.web.servlet.DispatcherServlet        : POST "/api/auth/login", parameters={}
2026-06-27T18:39:04.650+07:00 DEBUG 32348 --- [nio-3000-exec-9] s.w.s.m.m.a.RequestMappingHandlerMapping : Mapped to vn.vuavuive.backend.modules.auth.AuthController#login(LoginRequest, HttpServletResponse)
2026-06-27T18:39:04.652+07:00 DEBUG 32348 --- [nio-3000-exec-9] m.m.a.RequestResponseBodyMethodProcessor : Read "application/json;charset=UTF-8" to [LoginRequest[identifier=0912345678, password=Customer@123]]
2026-06-27T18:39:06.234+07:00 DEBUG 32348 --- [nio-3000-exec-9] o.s.w.s.m.m.a.HttpEntityMethodProcessor  : Using 'application/json', given [*/*] and supported [application/json, application/*+json]
2026-06-27T18:39:06.234+07:00 DEBUG 32348 --- [nio-3000-exec-9] o.s.w.s.m.m.a.HttpEntityMethodProcessor  : Writing [ApiResponse(success=true, message=Đăng nhập thành công, data=UserResponse[id=22f857f6-079e-44ef-b9eb (truncated)...]
2026-06-27T18:39:06.235+07:00 DEBUG 32348 --- [nio-3000-exec-9] o.s.web.servlet.DispatcherServlet        : Completed 200 OK
2026-06-27T18:39:06.758+07:00 DEBUG 32348 --- [io-3000-exec-10] v.v.backend.security.JwtAuthFilter       : JWT hợp lệ — Đã xác thực user: customer@gmail.com
2026-06-27T18:39:06.758+07:00 DEBUG 32348 --- [io-3000-exec-10] o.s.web.servlet.DispatcherServlet        : GET "/api/auth/me", parameters={}
2026-06-27T18:39:06.758+07:00 DEBUG 32348 --- [io-3000-exec-10] s.w.s.m.m.a.RequestMappingHandlerMapping : Mapped to vn.vuavuive.backend.modules.auth.AuthController#getMe()
2026-06-27T18:39:07.017+07:00 DEBUG 32348 --- [io-3000-exec-10] o.s.w.s.m.m.a.HttpEntityMethodProcessor  : Using 'application/json', given [*/*] and supported [application/json, application/*+json]
2026-06-27T18:39:07.017+07:00 DEBUG 32348 --- [io-3000-exec-10] o.s.w.s.m.m.a.HttpEntityMethodProcessor  : Writing [ApiResponse(success=true, message=Lấy thông tin người dùng thành công, data=UserResponse[id=22f857f6 (truncated)...]
2026-06-27T18:39:07.017+07:00 DEBUG 32348 --- [io-3000-exec-10] o.s.web.servlet.DispatcherServlet        : Completed 200 OK
2026-06-27T18:39:59.533+07:00 DEBUG 32348 --- [nio-3000-exec-3] v.v.backend.security.JwtAuthFilter       : JWT hợp lệ — Đã xác thực user: customer@gmail.com
2026-06-27T18:39:59.533+07:00 DEBUG 32348 --- [nio-3000-exec-3] o.s.web.servlet.DispatcherServlet        : POST "/api/auth/login", parameters={}
2026-06-27T18:39:59.533+07:00 DEBUG 32348 --- [nio-3000-exec-3] s.w.s.m.m.a.RequestMappingHandlerMapping : Mapped to vn.vuavuive.backend.modules.auth.AuthController#login(LoginRequest, HttpServletResponse)
2026-06-27T18:39:59.534+07:00 DEBUG 32348 --- [nio-3000-exec-3] m.m.a.RequestResponseBodyMethodProcessor : Read "application/json;charset=UTF-8" to [LoginRequest[identifier=0912345678, password=Customer@123]]
2026-06-27T18:40:01.097+07:00 DEBUG 32348 --- [nio-3000-exec-3] o.s.w.s.m.m.a.HttpEntityMethodProcessor  : Using 'application/json', given [*/*] and supported [application/json, application/*+json]
2026-06-27T18:40:01.097+07:00 DEBUG 32348 --- [nio-3000-exec-3] o.s.w.s.m.m.a.HttpEntityMethodProcessor  : Writing [ApiResponse(success=true, message=Đăng nhập thành công, data=UserResponse[id=22f857f6-079e-44ef-b9eb (truncated)...]
2026-06-27T18:40:01.098+07:00 DEBUG 32348 --- [nio-3000-exec-3] o.s.web.servlet.DispatcherServlet        : Completed 200 OK
2026-06-27T18:40:01.644+07:00 DEBUG 32348 --- [nio-3000-exec-4] v.v.backend.security.JwtAuthFilter       : JWT hợp lệ — Đã xác thực user: customer@gmail.com
2026-06-27T18:40:01.644+07:00 DEBUG 32348 --- [nio-3000-exec-4] o.s.web.servlet.DispatcherServlet        : GET "/api/auth/me", parameters={}
2026-06-27T18:40:01.644+07:00 DEBUG 32348 --- [nio-3000-exec-4] s.w.s.m.m.a.RequestMappingHandlerMapping : Mapped to vn.vuavuive.backend.modules.auth.AuthController#getMe()
2026-06-27T18:40:01.902+07:00 DEBUG 32348 --- [nio-3000-exec-4] o.s.w.s.m.m.a.HttpEntityMethodProcessor  : Using 'application/json', given [*/*] and supported [application/json, application/*+json]
2026-06-27T18:40:01.902+07:00 DEBUG 32348 --- [nio-3000-exec-4] o.s.w.s.m.m.a.HttpEntityMethodProcessor  : Writing [ApiResponse(success=true, message=Lấy thông tin người dùng thành công, data=UserResponse[id=22f857f6 (truncated)...]
2026-06-27T18:40:01.903+07:00 DEBUG 32348 --- [nio-3000-exec-4] o.s.web.servlet.DispatcherServlet        : Completed 200 OK
2026-06-27T18:43:13.742+07:00 DEBUG 32348 --- [nio-3000-exec-6] v.v.backend.security.JwtAuthFilter       : JWT hợp lệ — Đã xác thực user: customer@gmail.com
2026-06-27T18:43:13.743+07:00 DEBUG 32348 --- [nio-3000-exec-6] o.s.web.servlet.DispatcherServlet        : POST "/api/auth/login", parameters={}
2026-06-27T18:43:13.743+07:00 DEBUG 32348 --- [nio-3000-exec-6] s.w.s.m.m.a.RequestMappingHandlerMapping : Mapped to vn.vuavuive.backend.modules.auth.AuthController#login(LoginRequest, HttpServletResponse)
2026-06-27T18:43:13.747+07:00 DEBUG 32348 --- [nio-3000-exec-6] m.m.a.RequestResponseBodyMethodProcessor : Read "application/json;charset=UTF-8" to [LoginRequest[identifier=0912345678, password=Customer@123]]
2026-06-27T18:43:15.151+07:00 DEBUG 32348 --- [nio-3000-exec-6] o.s.w.s.m.m.a.HttpEntityMethodProcessor  : Using 'application/json', given [*/*] and supported [application/json, application/*+json]
2026-06-27T18:43:15.152+07:00 DEBUG 32348 --- [nio-3000-exec-6] o.s.w.s.m.m.a.HttpEntityMethodProcessor  : Writing [ApiResponse(success=true, message=Đăng nhập thành công, data=UserResponse[id=22f857f6-079e-44ef-b9eb (truncated)...]
2026-06-27T18:43:15.153+07:00 DEBUG 32348 --- [nio-3000-exec-6] o.s.web.servlet.DispatcherServlet        : Completed 200 OK
2026-06-27T18:43:15.685+07:00 DEBUG 32348 --- [nio-3000-exec-7] v.v.backend.security.JwtAuthFilter       : JWT hợp lệ — Đã xác thực user: customer@gmail.com
2026-06-27T18:43:15.685+07:00 DEBUG 32348 --- [nio-3000-exec-7] o.s.web.servlet.DispatcherServlet        : GET "/api/auth/me", parameters={}
2026-06-27T18:43:15.685+07:00 DEBUG 32348 --- [nio-3000-exec-7] s.w.s.m.m.a.RequestMappingHandlerMapping : Mapped to vn.vuavuive.backend.modules.auth.AuthController#getMe()
2026-06-27T18:43:15.911+07:00 DEBUG 32348 --- [nio-3000-exec-7] o.s.w.s.m.m.a.HttpEntityMethodProcessor  : Using 'application/json', given [*/*] and supported [application/json, application/*+json]
2026-06-27T18:43:15.912+07:00 DEBUG 32348 --- [nio-3000-exec-7] o.s.w.s.m.m.a.HttpEntityMethodProcessor  : Writing [ApiResponse(success=true, message=Lấy thông tin người dùng thành công, data=UserResponse[id=22f857f6 (truncated)...]
2026-06-27T18:43:15.912+07:00 DEBUG 32348 --- [nio-3000-exec-7] o.s.web.servlet.DispatcherServlet        : Completed 200 OK
2026-06-27T18:48:29.839+07:00 DEBUG 32348 --- [nio-3000-exec-9] v.v.backend.security.JwtAuthFilter       : JWT hợp lệ — Đã xác thực user: customer@gmail.com
2026-06-27T18:48:29.843+07:00 DEBUG 32348 --- [nio-3000-exec-9] o.s.web.servlet.DispatcherServlet        : POST "/api/auth/login", parameters={}
2026-06-27T18:48:29.845+07:00 DEBUG 32348 --- [nio-3000-exec-9] s.w.s.m.m.a.RequestMappingHandlerMapping : Mapped to vn.vuavuive.backend.modules.auth.AuthController#login(LoginRequest, HttpServletResponse)
2026-06-27T18:48:29.859+07:00 DEBUG 32348 --- [nio-3000-exec-9] m.m.a.RequestResponseBodyMethodProcessor : Read "application/json;charset=UTF-8" to [LoginRequest[identifier=0912345678, password=Customer@123]]
2026-06-27T18:48:31.414+07:00 DEBUG 32348 --- [nio-3000-exec-9] o.s.w.s.m.m.a.HttpEntityMethodProcessor  : Using 'application/json', given [*/*] and supported [application/json, application/*+json]
2026-06-27T18:48:31.416+07:00 DEBUG 32348 --- [nio-3000-exec-9] o.s.w.s.m.m.a.HttpEntityMethodProcessor  : Writing [ApiResponse(success=true, message=Đăng nhập thành công, data=UserResponse[id=22f857f6-079e-44ef-b9eb (truncated)...]
2026-06-27T18:48:31.420+07:00 DEBUG 32348 --- [nio-3000-exec-9] o.s.web.servlet.DispatcherServlet        : Completed 200 OK
2026-06-27T18:48:31.842+07:00 DEBUG 32348 --- [io-3000-exec-10] v.v.backend.security.JwtAuthFilter       : JWT hợp lệ — Đã xác thực user: customer@gmail.com
2026-06-27T18:48:31.842+07:00 DEBUG 32348 --- [io-3000-exec-10] o.s.web.servlet.DispatcherServlet        : GET "/api/auth/me", parameters={}
2026-06-27T18:48:31.842+07:00 DEBUG 32348 --- [io-3000-exec-10] s.w.s.m.m.a.RequestMappingHandlerMapping : Mapped to vn.vuavuive.backend.modules.auth.AuthController#getMe()
2026-06-27T18:48:32.093+07:00 DEBUG 32348 --- [io-3000-exec-10] o.s.w.s.m.m.a.HttpEntityMethodProcessor  : Using 'application/json', given [*/*] and supported [application/json, application/*+json]
2026-06-27T18:48:32.093+07:00 DEBUG 32348 --- [io-3000-exec-10] o.s.w.s.m.m.a.HttpEntityMethodProcessor  : Writing [ApiResponse(success=true, message=Lấy thông tin người dùng thành công, data=UserResponse[id=22f857f6 (truncated)...]
2026-06-27T18:48:32.095+07:00 DEBUG 32348 --- [io-3000-exec-10] o.s.web.servlet.DispatcherServlet        : Completed 200 OK
2026-06-27T18:58:45.135+07:00 DEBUG 32348 --- [nio-3000-exec-3] v.v.backend.security.JwtAuthFilter       : JWT hợp lệ — Đã xác thực user: customer@gmail.com
2026-06-27T18:58:45.145+07:00 DEBUG 32348 --- [nio-3000-exec-3] o.s.web.servlet.DispatcherServlet        : POST "/api/auth/login", parameters={}
2026-06-27T18:58:45.146+07:00 DEBUG 32348 --- [nio-3000-exec-3] s.w.s.m.m.a.RequestMappingHandlerMapping : Mapped to vn.vuavuive.backend.modules.auth.AuthController#login(LoginRequest, HttpServletResponse)
2026-06-27T18:58:45.160+07:00 DEBUG 32348 --- [nio-3000-exec-3] m.m.a.RequestResponseBodyMethodProcessor : Read "application/json;charset=UTF-8" to [LoginRequest[identifier=0912345678, password=Customer@123]]
2026-06-27T18:58:46.889+07:00 DEBUG 32348 --- [nio-3000-exec-3] o.s.w.s.m.m.a.HttpEntityMethodProcessor  : Using 'application/json', given [*/*] and supported [application/json, application/*+json]
2026-06-27T18:58:46.891+07:00 DEBUG 32348 --- [nio-3000-exec-3] o.s.w.s.m.m.a.HttpEntityMethodProcessor  : Writing [ApiResponse(success=true, message=Đăng nhập thành công, data=UserResponse[id=22f857f6-079e-44ef-b9eb (truncated)...]
2026-06-27T18:58:46.895+07:00 DEBUG 32348 --- [nio-3000-exec-3] o.s.web.servlet.DispatcherServlet        : Completed 200 OK
2026-06-27T18:58:47.393+07:00 DEBUG 32348 --- [nio-3000-exec-4] v.v.backend.security.JwtAuthFilter       : JWT hợp lệ — Đã xác thực user: customer@gmail.com
2026-06-27T18:58:47.393+07:00 DEBUG 32348 --- [nio-3000-exec-4] o.s.web.servlet.DispatcherServlet        : GET "/api/auth/me", parameters={}
2026-06-27T18:58:47.394+07:00 DEBUG 32348 --- [nio-3000-exec-4] s.w.s.m.m.a.RequestMappingHandlerMapping : Mapped to vn.vuavuive.backend.modules.auth.AuthController#getMe()
2026-06-27T18:58:47.634+07:00 DEBUG 32348 --- [nio-3000-exec-4] o.s.w.s.m.m.a.HttpEntityMethodProcessor  : Using 'application/json', given [*/*] and supported [application/json, application/*+json]
2026-06-27T18:58:47.635+07:00 DEBUG 32348 --- [nio-3000-exec-4] o.s.w.s.m.m.a.HttpEntityMethodProcessor  : Writing [ApiResponse(success=true, message=Lấy thông tin người dùng thành công, data=UserResponse[id=22f857f6 (truncated)...]
2026-06-27T18:58:47.638+07:00 DEBUG 32348 --- [nio-3000-exec-4] o.s.web.servlet.DispatcherServlet        : Completed 200 OK
2026-06-27T19:03:58.753+07:00  INFO 32348 --- [essageBroker-10] o.s.w.s.c.WebSocketMessageBrokerStats    : WebSocketSession[0 current WS(0)-HttpStream(0)-HttpPoll(0), 0 total, 0 closed abnormally (0 connect failure, 0 send limit, 0 transport error)], stompSubProtocol[processed CONNECT(0)-CONNECTED(0)-DISCONNECT(0)], stompBrokerRelay[null], inboundChannel[pool size = 0, active threads = 0, queued tasks = 0, completed tasks = 0], outboundChannel[pool size = 0, active threads = 0, queued tasks = 0, completed tasks = 0], sockJsScheduler[pool size = 24, active threads = 1, queued tasks = 1, completed tasks = 32]
