=======================================================
   KHOI DONG VUAVUIVE BACKEND - PORT FORWARD
=======================================================
[+] Kiem tra thiet bi dang ket noi...
[+] Da phat hien thiet bi/may ao dang chay san.
[+] Dang kich hoat dung luong tu dong reverse port 3000...

[+] Kiem tra Java:
[adb] Dang cho thiet bi... 
[+][adb] Da reverse port 3000 thanh cong!

Public base URL (ngrok): 
MoMo mock mode: true
[+] Dang khoi dong Spring Boot...
[INFO] Scanning for projects...
[INFO] 
[INFO] ------------------------< vn.vuavuive:backend >-------------------------
[INFO] Building Vựa Vui Vẻ Backend 1.0.0
[INFO]   from pom.xml
[INFO] --------------------------------[ jar ]---------------------------------
[INFO] 
[INFO] >>> spring-boot:3.3.0:run (default-cli) > test-compile @ backend >>>
[INFO] 
[INFO] --- resources:3.3.1:resources (default-resources) @ backend ---
[INFO] Copying 3 resources from src\main\resources to target\classes
[INFO] Copying 11 resources from src\main\resources to target\classes
[INFO] 
[INFO] --- compiler:3.13.0:compile (default-compile) @ backend ---
[INFO] Nothing to compile - all classes are up to date.
[INFO] 
[INFO] --- resources:3.3.1:testResources (default-testResources) @ backend ---
[INFO] skip non existing resourceDirectory E:\Nam3\TaiLieuHocKi8\APP\VuaVuiVe\app-backend\src\test\resources
[INFO] 
[INFO] --- compiler:3.13.0:testCompile (default-testCompile) @ backend ---
[INFO] No sources to compile
[INFO] 
[INFO] <<< spring-boot:3.3.0:run (default-cli) < test-compile @ backend <<<
[INFO] 
[INFO] 
[INFO] --- spring-boot:3.3.0:run (default-cli) @ backend ---
[INFO] Attaching agents: []
  .   ____          _            __ _ _
 /\\ / ___'_ __ _ _(_)_ __  __ _ \ \ \ \
( ( )\___ | '_ | '_| | '_ \/ _` | \ \ \ \
 \\/  ___)| |_)| | | | | || (_| |  ) ) ) )
  '  |____| .__|_| |_|_| |_\__, | / / / /
 =========|_|==============|___/=/_/_/_/

 :: Spring Boot ::                (v3.3.0)

2026-06-29T15:17:28.925+07:00  INFO 33844 --- [           main] v.v.backend.VuaVuiVeBackendApplication   : Starting VuaVuiVeBackendApplication using Java 21.0.11 with PID 33844 (E:\Nam3\TaiLieuHocKi8\APP\VuaVuiVe\app-backend\target\classes started by ADMIN in E:\Nam3\TaiLieuHocKi8\APP\VuaVuiVe\app-backend)
2026-06-29T15:17:28.925+07:00 DEBUG 33844 --- [           main] v.v.backend.VuaVuiVeBackendApplication   : Running with Spring Boot v3.3.0, Spring v6.1.8
2026-06-29T15:17:28.926+07:00  INFO 33844 --- [           main] v.v.backend.VuaVuiVeBackendApplication   : The following 1 profile is active: "dev"
2026-06-29T15:17:29.846+07:00  INFO 33844 --- [           main] o.s.b.w.embedded.tomcat.TomcatWebServer  : Tomcat initialized with port 3000 (http)
2026-06-29T15:17:29.855+07:00  INFO 33844 --- [           main] o.apache.catalina.core.StandardService   : Starting service [Tomcat]
2026-06-29T15:17:29.855+07:00  INFO 33844 --- [           main] o.apache.catalina.core.StandardEngine    : Starting Servlet engine: [Apache Tomcat/10.1.24]
2026-06-29T15:17:29.901+07:00  INFO 33844 --- [           main] o.a.c.c.C.[Tomcat].[localhost].[/]       : Initializing Spring embedded WebApplicationContext
2026-06-29T15:17:29.903+07:00  INFO 33844 --- [           main] w.s.c.ServletWebServerApplicationContext : Root WebApplicationContext: initialization completed in 942 ms
2026-06-29T15:17:30.045+07:00  INFO 33844 --- [           main] v.v.b.core.FirebaseRepositoryHelper      : Initialized REST-based FirebaseRepositoryHelper with URL: https://vua-vui-ve-default-rtdb.firebaseio.com
2026-06-29T15:17:30.093+07:00 DEBUG 33844 --- [           main] v.v.backend.security.JwtAuthFilter       : Filter 'jwtAuthFilter' configured for use
2026-06-29T15:17:30.216+07:00  INFO 33844 --- [           main] eAuthenticationProviderManagerConfigurer : Global AuthenticationManager configured with AuthenticationProvider bean with name authenticationProvider
2026-06-29T15:17:30.216+07:00  WARN 33844 --- [           main] r$InitializeUserDetailsManagerConfigurer : Global AuthenticationManager configured with an AuthenticationProvider bean. UserDetailsService beans will not be used for username/password login. Consider removing the AuthenticationProvider bean. Alternatively, consider using the UserDetailsService in a manually instantiated DaoAuthenticationProvider.
2026-06-29T15:17:30.346+07:00  INFO 33844 --- [           main] v.v.backend.config.FirebaseConfig        : Starting initialization of Firebase Admin SDK...
2026-06-29T15:17:30.379+07:00  INFO 33844 --- [           main] v.v.backend.config.FirebaseConfig        : Firebase Admin SDK initialized successfully for project: [DEFAULT]
2026-06-29T15:17:30.550+07:00 DEBUG 33844 --- [           main] o.s.w.s.s.s.WebSocketHandlerMapping      : Patterns [/ws, /ws/**] in 'stompWebSocketHandlerMapping'
2026-06-29T15:17:30.617+07:00 DEBUG 33844 --- [           main] s.w.s.m.m.a.RequestMappingHandlerMapping : 87 mappings in 'requestMappingHandlerMapping'
2026-06-29T15:17:30.649+07:00 DEBUG 33844 --- [           main] o.s.w.s.handler.SimpleUrlHandlerMapping  : Patterns [/webjars/**, /**, /uploads/**, /swagger-ui*/*swagger-initializer.js, /swagger-ui*/**] in 'resourceHandlerMapping'
2026-06-29T15:17:30.683+07:00  INFO 33844 --- [           main] o.s.s.web.DefaultSecurityFilterChain     : Will secure any request with [org.springframework.security.web.session.DisableEncodeUrlFilter@3cf4dec7, org.springframework.security.web.context.request.async.WebAsyncManagerIntegrationFilter@1b94c789, org.springframework.security.web.context.SecurityContextHolderFilter@4070ace9, org.springframework.security.web.header.HeaderWriterFilter@75d97e18, org.springframework.web.filter.CorsFilter@299fc582, org.springframework.security.web.authentication.logout.LogoutFilter@49122853, vn.vuavuive.backend.security.JwtAuthFilter@7a65a360, org.springframework.security.web.savedrequest.RequestCacheAwareFilter@740c4868, org.springframework.security.web.servletapi.SecurityContextHolderAwareRequestFilter@29c59b6e, org.springframework.security.web.authentication.AnonymousAuthenticationFilter@305aaedf, org.springframework.security.web.session.SessionManagementFilter@70f85235, org.springframework.security.web.access.ExceptionTranslationFilter@660296d5, org.springframework.security.web.access.intercept.AuthorizationFilter@7b4b8199]
2026-06-29T15:17:30.730+07:00 DEBUG 33844 --- [           main] .WebSocketAnnotationMethodMessageHandler : 
	v.v.b.m.a.ChatController:
	
2026-06-29T15:17:30.730+07:00 DEBUG 33844 --- [           main] .WebSocketAnnotationMethodMessageHandler : 
	v.v.b.m.a.AuthController:
	
2026-06-29T15:17:30.730+07:00 DEBUG 33844 --- [           main] .WebSocketAnnotationMethodMessageHandler : 
	v.v.b.m.c.CartController:
	
2026-06-29T15:17:30.730+07:00 DEBUG 33844 --- [           main] .WebSocketAnnotationMethodMessageHandler : 
	v.v.b.m.c.CategoryController:
	
2026-06-29T15:17:30.731+07:00 DEBUG 33844 --- [           main] .WebSocketAnnotationMethodMessageHandler : 
	v.v.b.m.o.AdminOrderController:
	
2026-06-29T15:17:30.731+07:00 DEBUG 33844 --- [           main] .WebSocketAnnotationMethodMessageHandler : 
	v.v.b.m.o.AdminShipperController:
	
2026-06-29T15:17:30.731+07:00 DEBUG 33844 --- [           main] .WebSocketAnnotationMethodMessageHandler : 
	v.v.b.m.o.OrderController:
	
2026-06-29T15:17:30.731+07:00 DEBUG 33844 --- [           main] .WebSocketAnnotationMethodMessageHandler : 
	v.v.b.m.p.MomoController:
	
2026-06-29T15:17:30.731+07:00 DEBUG 33844 --- [           main] .WebSocketAnnotationMethodMessageHandler : 
	v.v.b.m.p.PaymentController:
	
2026-06-29T15:17:30.731+07:00 DEBUG 33844 --- [           main] .WebSocketAnnotationMethodMessageHandler : 
	v.v.b.m.p.ProductController:
	
2026-06-29T15:17:30.731+07:00 DEBUG 33844 --- [           main] .WebSocketAnnotationMethodMessageHandler : 
	v.v.b.m.r.RecipeController:
	
2026-06-29T15:17:30.732+07:00 DEBUG 33844 --- [           main] .WebSocketAnnotationMethodMessageHandler : 
	v.v.b.m.r.RecommendController:
	
2026-06-29T15:17:30.732+07:00 DEBUG 33844 --- [           main] .WebSocketAnnotationMethodMessageHandler : 
	v.v.b.m.r.ReviewController:
	
2026-06-29T15:17:30.732+07:00 DEBUG 33844 --- [           main] .WebSocketAnnotationMethodMessageHandler : 
	v.v.b.m.s.ShipperController:
	
2026-06-29T15:17:30.732+07:00 DEBUG 33844 --- [           main] .WebSocketAnnotationMethodMessageHandler : 
	v.v.b.m.u.UploadController:
	
2026-06-29T15:17:30.733+07:00 DEBUG 33844 --- [           main] .WebSocketAnnotationMethodMessageHandler : 
	o.s.b.a.w.s.e.BasicErrorController:
	
2026-06-29T15:17:30.733+07:00 DEBUG 33844 --- [           main] .WebSocketAnnotationMethodMessageHandler : 
	o.s.w.a.OpenApiWebMvcResource:
	
2026-06-29T15:17:30.733+07:00 DEBUG 33844 --- [           main] .WebSocketAnnotationMethodMessageHandler : 
	o.s.w.u.SwaggerWelcomeWebMvc:
	
2026-06-29T15:17:30.733+07:00 DEBUG 33844 --- [           main] .WebSocketAnnotationMethodMessageHandler : 
	o.s.w.u.SwaggerConfigResource:
	
2026-06-29T15:17:30.773+07:00 DEBUG 33844 --- [           main] s.w.s.m.m.a.RequestMappingHandlerAdapter : ControllerAdvice beans: 0 @ModelAttribute, 0 @InitBinder, 1 RequestBodyAdvice, 2 ResponseBodyAdvice
2026-06-29T15:17:30.791+07:00 DEBUG 33844 --- [           main] .m.m.a.ExceptionHandlerExceptionResolver : ControllerAdvice beans: 2 @ExceptionHandler, 2 ResponseBodyAdvice
2026-06-29T15:17:30.907+07:00  INFO 33844 --- [           main] o.s.b.w.embedded.tomcat.TomcatWebServer  : Tomcat started on port 3000 (http) with context path '/'
2026-06-29T15:17:30.908+07:00 DEBUG 33844 --- [           main] org.springframework.web.SimpLogging      : clientOutboundChannel added SubProtocolWebSocketHandler[StompSubProtocolHandler[v10.stomp, v11.stomp, v12.stomp]]
2026-06-29T15:17:30.908+07:00 DEBUG 33844 --- [           main] org.springframework.web.SimpLogging      : clientInboundChannel added WebSocketAnnotationMethodMessageHandler[prefixes=[/app/]]
2026-06-29T15:17:30.910+07:00  INFO 33844 --- [           main] o.s.m.s.b.SimpleBrokerMessageHandler     : Starting...
2026-06-29T15:17:30.910+07:00 DEBUG 33844 --- [           main] org.springframework.web.SimpLogging      : clientInboundChannel added SimpleBrokerMessageHandler [org.springframework.messaging.simp.broker.DefaultSubscriptionRegistry@53e4a19e]
2026-06-29T15:17:30.910+07:00 DEBUG 33844 --- [           main] org.springframework.web.SimpLogging      : brokerChannel added SimpleBrokerMessageHandler [org.springframework.messaging.simp.broker.DefaultSubscriptionRegistry@53e4a19e]
2026-06-29T15:17:30.911+07:00  INFO 33844 --- [           main] o.s.m.s.b.SimpleBrokerMessageHandler     : BrokerAvailabilityEvent[available=true, SimpleBrokerMessageHandler [org.springframework.messaging.simp.broker.DefaultSubscriptionRegistry@53e4a19e]]
2026-06-29T15:17:30.911+07:00  INFO 33844 --- [           main] o.s.m.s.b.SimpleBrokerMessageHandler     : Started.
2026-06-29T15:17:30.911+07:00 DEBUG 33844 --- [           main] org.springframework.web.SimpLogging      : clientInboundChannel added UserDestinationMessageHandler[DefaultUserDestinationResolver[prefix=/user/]]
2026-06-29T15:17:30.911+07:00 DEBUG 33844 --- [           main] org.springframework.web.SimpLogging      : brokerChannel added UserDestinationMessageHandler[DefaultUserDestinationResolver[prefix=/user/]]
2026-06-29T15:17:30.917+07:00  INFO 33844 --- [           main] v.v.backend.VuaVuiVeBackendApplication   : Started VuaVuiVeBackendApplication in 2.24 seconds (process running for 2.475)
2026-06-29T15:17:32.599+07:00  INFO 33844 --- [           main] vn.vuavuive.backend.config.DataSeeder    : >> SEED (FORCE): Cập nhật thành công tài khoản ADMIN: admin@vuavuive.vn / Admin@123 trên Firebase RTDB
2026-06-29T15:17:42.157+07:00  INFO 33844 --- [nio-3000-exec-1] o.a.c.c.C.[Tomcat].[localhost].[/]       : Initializing Spring DispatcherServlet 'dispatcherServlet'
2026-06-29T15:17:42.157+07:00  INFO 33844 --- [nio-3000-exec-1] o.s.web.servlet.DispatcherServlet        : Initializing Servlet 'dispatcherServlet'
2026-06-29T15:17:42.157+07:00 DEBUG 33844 --- [nio-3000-exec-1] o.s.web.servlet.DispatcherServlet        : Detected StandardServletMultipartResolver
2026-06-29T15:17:42.158+07:00 DEBUG 33844 --- [nio-3000-exec-1] o.s.web.servlet.DispatcherServlet        : Detected AcceptHeaderLocaleResolver
2026-06-29T15:17:42.158+07:00 DEBUG 33844 --- [nio-3000-exec-1] o.s.web.servlet.DispatcherServlet        : Detected FixedThemeResolver
2026-06-29T15:17:42.159+07:00 DEBUG 33844 --- [nio-3000-exec-1] o.s.web.servlet.DispatcherServlet        : Detected org.springframework.web.servlet.view.DefaultRequestToViewNameTranslator@4489f60f
2026-06-29T15:17:42.160+07:00 DEBUG 33844 --- [nio-3000-exec-1] o.s.web.servlet.DispatcherServlet        : Detected org.springframework.web.servlet.support.SessionFlashMapManager@5560b64d
2026-06-29T15:17:42.160+07:00 DEBUG 33844 --- [nio-3000-exec-1] o.s.web.servlet.DispatcherServlet        : enableLoggingRequestDetails='false': request parameters and headers will be masked to prevent unsafe logging of potentially sensitive data
2026-06-29T15:17:42.160+07:00  INFO 33844 --- [nio-3000-exec-1] o.s.web.servlet.DispatcherServlet        : Completed initialization in 3 ms
2026-06-29T15:17:42.172+07:00 DEBUG 33844 --- [nio-3000-exec-1] o.s.web.servlet.DispatcherServlet        : GET "/api/auth/me", parameters={}
2026-06-29T15:17:42.173+07:00 DEBUG 33844 --- [nio-3000-exec-1] s.w.s.m.m.a.RequestMappingHandlerMapping : Mapped to vn.vuavuive.backend.modules.auth.AuthController#getMe()
2026-06-29T15:17:42.179+07:00 DEBUG 33844 --- [nio-3000-exec-1] .m.m.a.ExceptionHandlerExceptionResolver : Using @ExceptionHandler vn.vuavuive.backend.exception.GlobalExceptionHandler#handleAppException(AppException)
2026-06-29T15:17:42.179+07:00  WARN 33844 --- [nio-3000-exec-1] v.v.b.exception.GlobalExceptionHandler   : AppException: 401 UNAUTHORIZED - Chưa đăng nhập
2026-06-29T15:17:42.187+07:00 DEBUG 33844 --- [nio-3000-exec-1] o.s.w.s.m.m.a.HttpEntityMethodProcessor  : Using 'application/json', given [*/*] and supported [application/json, application/*+json]
2026-06-29T15:17:42.189+07:00 DEBUG 33844 --- [nio-3000-exec-1] o.s.w.s.m.m.a.HttpEntityMethodProcessor  : Writing [ErrorResponse[status=401, message=Chưa đăng nhập, errors=null, timestamp=2026-06-29T15:17:42.1816585 (truncated)...]
2026-06-29T15:17:42.193+07:00 DEBUG 33844 --- [nio-3000-exec-1] .m.m.a.ExceptionHandlerExceptionResolver : Resolved [vn.vuavuive.backend.exception.AppException: Chưa đăng nhập]
2026-06-29T15:17:42.193+07:00 DEBUG 33844 --- [nio-3000-exec-1] o.s.web.servlet.DispatcherServlet        : Completed 401 UNAUTHORIZED
2026-06-29T15:18:09.625+07:00 DEBUG 33844 --- [nio-3000-exec-8] v.v.backend.security.JwtAuthFilter       : JWT hợp lệ — Đã xác thực user: customer@gmail.com
2026-06-29T15:18:09.626+07:00 DEBUG 33844 --- [nio-3000-exec-8] o.s.web.servlet.DispatcherServlet        : POST "/api/auth/login", parameters={}
2026-06-29T15:18:09.627+07:00 DEBUG 33844 --- [nio-3000-exec-8] s.w.s.m.m.a.RequestMappingHandlerMapping : Mapped to vn.vuavuive.backend.modules.auth.AuthController#login(LoginRequest, HttpServletResponse)
2026-06-29T15:18:09.647+07:00 DEBUG 33844 --- [nio-3000-exec-8] m.m.a.RequestResponseBodyMethodProcessor : Read "application/json;charset=UTF-8" to [LoginRequest[identifier=customer@gmail.com, password=Customer@123]]
2026-06-29T15:18:11.021+07:00 DEBUG 33844 --- [nio-3000-exec-8] o.s.w.s.m.m.a.HttpEntityMethodProcessor  : Using 'application/json', given [*/*] and supported [application/json, application/*+json]
2026-06-29T15:18:11.029+07:00 DEBUG 33844 --- [nio-3000-exec-8] o.s.w.s.m.m.a.HttpEntityMethodProcessor  : Writing [ApiResponse(success=true, message=Đăng nhập thành công, data=UserResponse[id=22f857f6-079e-44ef-b9eb (truncated)...]
2026-06-29T15:18:11.031+07:00 DEBUG 33844 --- [nio-3000-exec-8] o.s.web.servlet.DispatcherServlet        : Completed 200 OK
2026-06-29T15:18:11.545+07:00 DEBUG 33844 --- [nio-3000-exec-2] v.v.backend.security.JwtAuthFilter       : JWT hợp lệ — Đã xác thực user: customer@gmail.com
2026-06-29T15:18:11.546+07:00 DEBUG 33844 --- [nio-3000-exec-2] o.s.web.servlet.DispatcherServlet        : GET "/api/auth/me", parameters={}
2026-06-29T15:18:11.546+07:00 DEBUG 33844 --- [nio-3000-exec-2] s.w.s.m.m.a.RequestMappingHandlerMapping : Mapped to vn.vuavuive.backend.modules.auth.AuthController#getMe()
2026-06-29T15:18:11.800+07:00 DEBUG 33844 --- [nio-3000-exec-2] o.s.w.s.m.m.a.HttpEntityMethodProcessor  : Using 'application/json', given [*/*] and supported [application/json, application/*+json]
2026-06-29T15:18:11.801+07:00 DEBUG 33844 --- [nio-3000-exec-2] o.s.w.s.m.m.a.HttpEntityMethodProcessor  : Writing [ApiResponse(success=true, message=Lấy thông tin người dùng thành công, data=UserResponse[id=22f857f6 (truncated)...]
2026-06-29T15:18:11.802+07:00 DEBUG 33844 --- [nio-3000-exec-2] o.s.web.servlet.DispatcherServlet        : Completed 200 OK
2026-06-29T15:18:30.915+07:00  INFO 33844 --- [MessageBroker-2] o.s.w.s.c.WebSocketMessageBrokerStats    : WebSocketSession[0 current WS(0)-HttpStream(0)-HttpPoll(0), 0 total, 0 closed abnormally (0 connect failure, 0 send limit, 0 transport error)], stompSubProtocol[processed CONNECT(0)-CONNECTED(0)-DISCONNECT(0)], stompBrokerRelay[null], inboundChannel[pool size = 0, active threads = 0, queued tasks = 0, completed tasks = 0], outboundChannel[pool size = 0, active threads = 0, queued tasks = 0, completed tasks = 0], sockJsScheduler[pool size = 3, active threads = 1, queued tasks = 1, completed tasks = 1]
2026-06-29T15:19:10.268+07:00 DEBUG 33844 --- [io-3000-exec-10] v.v.backend.security.JwtAuthFilter       : JWT hợp lệ — Đã xác thực user: customer@gmail.com
2026-06-29T15:19:10.270+07:00 DEBUG 33844 --- [io-3000-exec-10] o.s.web.servlet.DispatcherServlet        : POST "/api/orders", parameters={}
2026-06-29T15:19:10.271+07:00 DEBUG 33844 --- [io-3000-exec-10] s.w.s.m.m.a.RequestMappingHandlerMapping : Mapped to vn.vuavuive.backend.modules.order.OrderController#createOrder(CreateOrderRequest, HttpServletRequest)
2026-06-29T15:19:10.280+07:00 DEBUG 33844 --- [io-3000-exec-10] m.m.a.RequestResponseBodyMethodProcessor : Read "application/json;charset=UTF-8" to [CreateOrderRequest(items=[OrderItemRequest[productId=50c5a84f-c596-415b-bd71-bc0d5b9a169c, quantity= (truncated)...]
2026-06-29T15:19:11.447+07:00  INFO 33844 --- [io-3000-exec-10] v.v.backend.modules.order.OrderService   : Đơn hàng ab64a865-afe2-44bb-9527-cf1ba1a2ace9 đã được tạo bởi user customer@gmail.com
2026-06-29T15:19:11.689+07:00 DEBUG 33844 --- [io-3000-exec-10] o.s.w.s.m.m.a.HttpEntityMethodProcessor  : Using 'application/json', given [*/*] and supported [application/json, application/*+json]
2026-06-29T15:19:11.695+07:00 DEBUG 33844 --- [io-3000-exec-10] o.s.w.s.m.m.a.HttpEntityMethodProcessor  : Writing [ApiResponse(success=true, message=Thao tác thành công, data=OrderResponse[orderId=ab64a865-afe2-44bb (truncated)...]
2026-06-29T15:19:11.700+07:00 DEBUG 33844 --- [io-3000-exec-10] o.s.web.servlet.DispatcherServlet        : Completed 201 CREATED
2026-06-29T15:19:26.459+07:00 DEBUG 33844 --- [nio-3000-exec-3] v.v.backend.security.JwtAuthFilter       : JWT hợp lệ — Đã xác thực user: customer@gmail.com
2026-06-29T15:19:26.462+07:00 DEBUG 33844 --- [nio-3000-exec-3] o.s.web.servlet.DispatcherServlet        : GET "/api/orders/me?page=1&limit=20", parameters={masked}
2026-06-29T15:19:26.462+07:00 DEBUG 33844 --- [nio-3000-exec-3] s.w.s.m.m.a.RequestMappingHandlerMapping : Mapped to vn.vuavuive.backend.modules.order.OrderController#getMyOrders(String, int, Integer, Integer)
2026-06-29T15:19:26.929+07:00 DEBUG 33844 --- [nio-3000-exec-7] v.v.backend.security.JwtAuthFilter       : JWT hợp lệ — Đã xác thực user: customer@gmail.com
2026-06-29T15:19:26.931+07:00 DEBUG 33844 --- [nio-3000-exec-7] o.s.web.servlet.DispatcherServlet        : GET "/api/orders/me?page=1&limit=20", parameters={masked}
2026-06-29T15:19:26.932+07:00 DEBUG 33844 --- [nio-3000-exec-7] s.w.s.m.m.a.RequestMappingHandlerMapping : Mapped to vn.vuavuive.backend.modules.order.OrderController#getMyOrders(String, int, Integer, Integer)
2026-06-29T15:19:31.075+07:00 DEBUG 33844 --- [nio-3000-exec-3] o.s.w.s.m.m.a.HttpEntityMethodProcessor  : Using 'application/json', given [*/*] and supported [application/json, application/*+json]
2026-06-29T15:19:31.076+07:00 DEBUG 33844 --- [nio-3000-exec-3] o.s.w.s.m.m.a.HttpEntityMethodProcessor  : Writing [ApiResponse(success=true, message=Thao tác thành công, data=[OrderResponse[orderId=ab64a865-afe2-44b (truncated)...]
2026-06-29T15:19:31.078+07:00 DEBUG 33844 --- [nio-3000-exec-3] o.s.web.servlet.DispatcherServlet        : Completed 200 OK
2026-06-29T15:19:31.451+07:00 DEBUG 33844 --- [nio-3000-exec-7] o.s.w.s.m.m.a.HttpEntityMethodProcessor  : Using 'application/json', given [*/*] and supported [application/json, application/*+json]
2026-06-29T15:19:31.451+07:00 DEBUG 33844 --- [nio-3000-exec-7] o.s.w.s.m.m.a.HttpEntityMethodProcessor  : Writing [ApiResponse(success=true, message=Thao tác thành công, data=[OrderResponse[orderId=ab64a865-afe2-44b (truncated)...]
2026-06-29T15:19:31.453+07:00 DEBUG 33844 --- [nio-3000-exec-7] o.s.web.servlet.DispatcherServlet        : Completed 200 OK
2026-06-29T15:20:05.415+07:00 DEBUG 33844 --- [nio-3000-exec-5] v.v.backend.security.JwtAuthFilter       : JWT hợp lệ — Đã xác thực user: customer@gmail.com
2026-06-29T15:20:05.417+07:00 DEBUG 33844 --- [nio-3000-exec-5] o.s.web.servlet.DispatcherServlet        : GET "/api/orders/me?status=pending_approval&page=1&limit=20", parameters={masked}
2026-06-29T15:20:05.417+07:00 DEBUG 33844 --- [nio-3000-exec-5] s.w.s.m.m.a.RequestMappingHandlerMapping : Mapped to vn.vuavuive.backend.modules.order.OrderController#getMyOrders(String, int, Integer, Integer)
2026-06-29T15:20:06.822+07:00 DEBUG 33844 --- [nio-3000-exec-5] o.s.w.s.m.m.a.HttpEntityMethodProcessor  : Using 'application/json', given [*/*] and supported [application/json, application/*+json]
2026-06-29T15:20:06.823+07:00 DEBUG 33844 --- [nio-3000-exec-5] o.s.w.s.m.m.a.HttpEntityMethodProcessor  : Writing [ApiResponse(success=true, message=Thao tác thành công, data=[OrderResponse[orderId=ab64a865-afe2-44b (truncated)...]
2026-06-29T15:20:06.824+07:00 DEBUG 33844 --- [nio-3000-exec-5] o.s.web.servlet.DispatcherServlet        : Completed 200 OK
2026-06-29T15:23:35.687+07:00 DEBUG 33844 --- [nio-3000-exec-1] o.s.web.servlet.DispatcherServlet        : GET "/api/auth/me", parameters={}
2026-06-29T15:23:35.693+07:00 DEBUG 33844 --- [nio-3000-exec-1] s.w.s.m.m.a.RequestMappingHandlerMapping : Mapped to vn.vuavuive.backend.modules.auth.AuthController#getMe()
2026-06-29T15:23:35.709+07:00 DEBUG 33844 --- [nio-3000-exec-1] .m.m.a.ExceptionHandlerExceptionResolver : Using @ExceptionHandler vn.vuavuive.backend.exception.GlobalExceptionHandler#handleAppException(AppException)
2026-06-29T15:23:35.710+07:00  WARN 33844 --- [nio-3000-exec-1] v.v.b.exception.GlobalExceptionHandler   : AppException: 401 UNAUTHORIZED - Chưa đăng nhập
2026-06-29T15:23:35.724+07:00 DEBUG 33844 --- [nio-3000-exec-1] o.s.w.s.m.m.a.HttpEntityMethodProcessor  : Using 'application/json', given [*/*] and supported [application/json, application/*+json]
2026-06-29T15:23:35.731+07:00 DEBUG 33844 --- [nio-3000-exec-1] o.s.w.s.m.m.a.HttpEntityMethodProcessor  : Writing [ErrorResponse[status=401, message=Chưa đăng nhập, errors=null, timestamp=2026-06-29T15:23:35.7138854 (truncated)...]
2026-06-29T15:23:35.751+07:00 DEBUG 33844 --- [nio-3000-exec-1] .m.m.a.ExceptionHandlerExceptionResolver : Resolved [vn.vuavuive.backend.exception.AppException: Chưa đăng nhập]
2026-06-29T15:23:35.751+07:00 DEBUG 33844 --- [nio-3000-exec-1] o.s.web.servlet.DispatcherServlet        : Completed 401 UNAUTHORIZED
2026-06-29T15:24:49.557+07:00 DEBUG 33844 --- [nio-3000-exec-8] v.v.backend.security.JwtAuthFilter       : JWT hợp lệ — Đã xác thực user: customer@gmail.com
2026-06-29T15:24:49.558+07:00 DEBUG 33844 --- [nio-3000-exec-8] o.s.web.servlet.DispatcherServlet        : POST "/api/auth/login", parameters={}
2026-06-29T15:24:49.558+07:00 DEBUG 33844 --- [nio-3000-exec-8] s.w.s.m.m.a.RequestMappingHandlerMapping : Mapped to vn.vuavuive.backend.modules.auth.AuthController#login(LoginRequest, HttpServletResponse)
2026-06-29T15:24:49.565+07:00 DEBUG 33844 --- [nio-3000-exec-8] m.m.a.RequestResponseBodyMethodProcessor : Read "application/json;charset=UTF-8" to [LoginRequest[identifier=customer@gmail.com, password=Customer@123]]
2026-06-29T15:24:50.682+07:00 DEBUG 33844 --- [nio-3000-exec-8] o.s.w.s.m.m.a.HttpEntityMethodProcessor  : Using 'application/json', given [*/*] and supported [application/json, application/*+json]
2026-06-29T15:24:50.682+07:00 DEBUG 33844 --- [nio-3000-exec-8] o.s.w.s.m.m.a.HttpEntityMethodProcessor  : Writing [ApiResponse(success=true, message=Đăng nhập thành công, data=UserResponse[id=22f857f6-079e-44ef-b9eb (truncated)...]
2026-06-29T15:24:50.684+07:00 DEBUG 33844 --- [nio-3000-exec-8] o.s.web.servlet.DispatcherServlet        : Completed 200 OK
2026-06-29T15:24:51.070+07:00 DEBUG 33844 --- [nio-3000-exec-2] v.v.backend.security.JwtAuthFilter       : JWT hợp lệ — Đã xác thực user: customer@gmail.com
2026-06-29T15:24:51.070+07:00 DEBUG 33844 --- [nio-3000-exec-2] o.s.web.servlet.DispatcherServlet        : GET "/api/auth/me", parameters={}
2026-06-29T15:24:51.072+07:00 DEBUG 33844 --- [nio-3000-exec-2] s.w.s.m.m.a.RequestMappingHandlerMapping : Mapped to vn.vuavuive.backend.modules.auth.AuthController#getMe()
2026-06-29T15:24:51.323+07:00 DEBUG 33844 --- [nio-3000-exec-2] o.s.w.s.m.m.a.HttpEntityMethodProcessor  : Using 'application/json', given [*/*] and supported [application/json, application/*+json]
2026-06-29T15:24:51.324+07:00 DEBUG 33844 --- [nio-3000-exec-2] o.s.w.s.m.m.a.HttpEntityMethodProcessor  : Writing [ApiResponse(success=true, message=Lấy thông tin người dùng thành công, data=UserResponse[id=22f857f6 (truncated)...]
2026-06-29T15:24:51.324+07:00 DEBUG 33844 --- [nio-3000-exec-2] o.s.web.servlet.DispatcherServlet        : Completed 200 OK
2026-06-29T15:25:14.642+07:00 DEBUG 33844 --- [io-3000-exec-10] v.v.backend.security.JwtAuthFilter       : JWT hợp lệ — Đã xác thực user: customer@gmail.com
2026-06-29T15:25:14.645+07:00 DEBUG 33844 --- [io-3000-exec-10] o.s.web.servlet.DispatcherServlet        : POST "/api/orders", parameters={}
2026-06-29T15:25:14.646+07:00 DEBUG 33844 --- [io-3000-exec-10] s.w.s.m.m.a.RequestMappingHandlerMapping : Mapped to vn.vuavuive.backend.modules.order.OrderController#createOrder(CreateOrderRequest, HttpServletRequest)
2026-06-29T15:25:14.652+07:00 DEBUG 33844 --- [io-3000-exec-10] m.m.a.RequestResponseBodyMethodProcessor : Read "application/json;charset=UTF-8" to [CreateOrderRequest(items=[OrderItemRequest[productId=90000000-0000-0000-0000-000000000120, quantity= (truncated)...]
2026-06-29T15:25:15.879+07:00  INFO 33844 --- [io-3000-exec-10] v.v.backend.modules.order.OrderService   : Đơn hàng 758bb4e7-2ba1-4276-acd4-5eae02a64908 đã được tạo bởi user customer@gmail.com
2026-06-29T15:25:16.117+07:00 DEBUG 33844 --- [io-3000-exec-10] o.s.w.s.m.m.a.HttpEntityMethodProcessor  : Using 'application/json', given [*/*] and supported [application/json, application/*+json]
2026-06-29T15:25:16.117+07:00 DEBUG 33844 --- [io-3000-exec-10] o.s.w.s.m.m.a.HttpEntityMethodProcessor  : Writing [ApiResponse(success=true, message=Thao tác thành công, data=OrderResponse[orderId=758bb4e7-2ba1-4276 (truncated)...]
2026-06-29T15:25:16.119+07:00 DEBUG 33844 --- [io-3000-exec-10] o.s.web.servlet.DispatcherServlet        : Completed 201 CREATED
2026-06-29T15:25:18.052+07:00 DEBUG 33844 --- [nio-3000-exec-3] v.v.backend.security.JwtAuthFilter       : JWT hợp lệ — Đã xác thực user: customer@gmail.com
2026-06-29T15:25:18.052+07:00 DEBUG 33844 --- [nio-3000-exec-3] o.s.web.servlet.DispatcherServlet        : GET "/api/orders/me?page=1&limit=20", parameters={masked}
2026-06-29T15:25:18.052+07:00 DEBUG 33844 --- [nio-3000-exec-3] s.w.s.m.m.a.RequestMappingHandlerMapping : Mapped to vn.vuavuive.backend.modules.order.OrderController#getMyOrders(String, int, Integer, Integer)
2026-06-29T15:25:19.164+07:00 DEBUG 33844 --- [nio-3000-exec-7] v.v.backend.security.JwtAuthFilter       : JWT hợp lệ — Đã xác thực user: customer@gmail.com
2026-06-29T15:25:19.168+07:00 DEBUG 33844 --- [nio-3000-exec-7] o.s.web.servlet.DispatcherServlet        : GET "/api/orders/me?page=1&limit=20", parameters={masked}
2026-06-29T15:25:19.168+07:00 DEBUG 33844 --- [nio-3000-exec-7] s.w.s.m.m.a.RequestMappingHandlerMapping : Mapped to vn.vuavuive.backend.modules.order.OrderController#getMyOrders(String, int, Integer, Integer)
2026-06-29T15:25:20.972+07:00 DEBUG 33844 --- [nio-3000-exec-5] v.v.backend.security.JwtAuthFilter       : JWT hợp lệ — Đã xác thực user: customer@gmail.com
2026-06-29T15:25:20.972+07:00 DEBUG 33844 --- [nio-3000-exec-5] o.s.web.servlet.DispatcherServlet        : GET "/api/orders/me?page=1&limit=20", parameters={masked}
2026-06-29T15:25:20.972+07:00 DEBUG 33844 --- [nio-3000-exec-5] s.w.s.m.m.a.RequestMappingHandlerMapping : Mapped to vn.vuavuive.backend.modules.order.OrderController#getMyOrders(String, int, Integer, Integer)
2026-06-29T15:25:21.680+07:00 DEBUG 33844 --- [nio-3000-exec-6] v.v.backend.security.JwtAuthFilter       : JWT hợp lệ — Đã xác thực user: customer@gmail.com
2026-06-29T15:25:21.681+07:00 DEBUG 33844 --- [nio-3000-exec-6] o.s.web.servlet.DispatcherServlet        : GET "/api/orders/me?page=1&limit=20", parameters={masked}
2026-06-29T15:25:21.681+07:00 DEBUG 33844 --- [nio-3000-exec-6] s.w.s.m.m.a.RequestMappingHandlerMapping : Mapped to vn.vuavuive.backend.modules.order.OrderController#getMyOrders(String, int, Integer, Integer)
2026-06-29T15:25:22.792+07:00 DEBUG 33844 --- [nio-3000-exec-3] o.s.w.s.m.m.a.HttpEntityMethodProcessor  : Using 'application/json', given [*/*] and supported [application/json, application/*+json]
2026-06-29T15:25:22.794+07:00 DEBUG 33844 --- [nio-3000-exec-3] o.s.w.s.m.m.a.HttpEntityMethodProcessor  : Writing [ApiResponse(success=true, message=Thao tác thành công, data=[OrderResponse[orderId=758bb4e7-2ba1-427 (truncated)...]
2026-06-29T15:25:22.796+07:00 DEBUG 33844 --- [nio-3000-exec-3] o.s.web.servlet.DispatcherServlet        : Completed 200 OK
2026-06-29T15:25:24.030+07:00 DEBUG 33844 --- [nio-3000-exec-7] o.s.w.s.m.m.a.HttpEntityMethodProcessor  : Using 'application/json', given [*/*] and supported [application/json, application/*+json]
2026-06-29T15:25:24.031+07:00 DEBUG 33844 --- [nio-3000-exec-7] o.s.w.s.m.m.a.HttpEntityMethodProcessor  : Writing [ApiResponse(success=true, message=Thao tác thành công, data=[OrderResponse[orderId=758bb4e7-2ba1-427 (truncated)...]
2026-06-29T15:25:24.033+07:00 DEBUG 33844 --- [nio-3000-exec-7] o.s.web.servlet.DispatcherServlet        : Completed 200 OK
2026-06-29T15:25:26.002+07:00 DEBUG 33844 --- [nio-3000-exec-5] o.s.w.s.m.m.a.HttpEntityMethodProcessor  : Using 'application/json', given [*/*] and supported [application/json, application/*+json]
2026-06-29T15:25:26.006+07:00 DEBUG 33844 --- [nio-3000-exec-5] o.s.w.s.m.m.a.HttpEntityMethodProcessor  : Writing [ApiResponse(success=true, message=Thao tác thành công, data=[OrderResponse[orderId=758bb4e7-2ba1-427 (truncated)...]
2026-06-29T15:25:26.007+07:00 DEBUG 33844 --- [nio-3000-exec-5] o.s.web.servlet.DispatcherServlet        : Completed 200 OK
2026-06-29T15:25:26.732+07:00 DEBUG 33844 --- [nio-3000-exec-6] o.s.w.s.m.m.a.HttpEntityMethodProcessor  : Using 'application/json', given [*/*] and supported [application/json, application/*+json]
2026-06-29T15:25:26.733+07:00 DEBUG 33844 --- [nio-3000-exec-6] o.s.w.s.m.m.a.HttpEntityMethodProcessor  : Writing [ApiResponse(success=true, message=Thao tác thành công, data=[OrderResponse[orderId=758bb4e7-2ba1-427 (truncated)...]
2026-06-29T15:25:26.733+07:00 DEBUG 33844 --- [nio-3000-exec-6] o.s.web.servlet.DispatcherServlet        : Completed 200 OK
2026-06-29T15:25:26.901+07:00 DEBUG 33844 --- [nio-3000-exec-9] v.v.backend.security.JwtAuthFilter       : JWT hợp lệ — Đã xác thực user: customer@gmail.com
2026-06-29T15:25:26.903+07:00 DEBUG 33844 --- [nio-3000-exec-9] o.s.web.servlet.DispatcherServlet        : GET "/api/orders/758bb4e7-2ba1-4276-acd4-5eae02a64908", parameters={}
2026-06-29T15:25:26.903+07:00 DEBUG 33844 --- [nio-3000-exec-9] s.w.s.m.m.a.RequestMappingHandlerMapping : Mapped to vn.vuavuive.backend.modules.order.OrderController#getOrderById(String)
2026-06-29T15:25:27.388+07:00 DEBUG 33844 --- [nio-3000-exec-9] o.s.w.s.m.m.a.HttpEntityMethodProcessor  : Using 'application/json', given [*/*] and supported [application/json, application/*+json]
2026-06-29T15:25:27.389+07:00 DEBUG 33844 --- [nio-3000-exec-9] o.s.w.s.m.m.a.HttpEntityMethodProcessor  : Writing [ApiResponse(success=true, message=Thao tác thành công, data=OrderResponse[orderId=758bb4e7-2ba1-4276 (truncated)...]
2026-06-29T15:25:27.391+07:00 DEBUG 33844 --- [nio-3000-exec-9] o.s.web.servlet.DispatcherServlet        : Completed 200 OK
2026-06-29T15:25:27.569+07:00 DEBUG 33844 --- [nio-3000-exec-1] v.v.backend.security.JwtAuthFilter       : JWT hợp lệ — Đã xác thực user: customer@gmail.com
2026-06-29T15:25:27.571+07:00 DEBUG 33844 --- [nio-3000-exec-1] o.s.web.servlet.DispatcherServlet        : GET "/api/orders/758bb4e7-2ba1-4276-acd4-5eae02a64908", parameters={}
2026-06-29T15:25:27.571+07:00 DEBUG 33844 --- [nio-3000-exec-1] s.w.s.m.m.a.RequestMappingHandlerMapping : Mapped to vn.vuavuive.backend.modules.order.OrderController#getOrderById(String)
2026-06-29T15:25:28.056+07:00 DEBUG 33844 --- [nio-3000-exec-1] o.s.w.s.m.m.a.HttpEntityMethodProcessor  : Using 'application/json', given [*/*] and supported [application/json, application/*+json]
2026-06-29T15:25:28.056+07:00 DEBUG 33844 --- [nio-3000-exec-1] o.s.w.s.m.m.a.HttpEntityMethodProcessor  : Writing [ApiResponse(success=true, message=Thao tác thành công, data=OrderResponse[orderId=758bb4e7-2ba1-4276 (truncated)...]
2026-06-29T15:25:28.058+07:00 DEBUG 33844 --- [nio-3000-exec-1] o.s.web.servlet.DispatcherServlet        : Completed 200 OK
2026-06-29T15:25:33.156+07:00 DEBUG 33844 --- [nio-3000-exec-4] v.v.backend.security.JwtAuthFilter       : JWT hợp lệ — Đã xác thực user: customer@gmail.com
2026-06-29T15:25:33.158+07:00 DEBUG 33844 --- [nio-3000-exec-4] o.s.web.servlet.DispatcherServlet        : GET "/api/orders/me?page=1&limit=20", parameters={masked}
2026-06-29T15:25:33.158+07:00 DEBUG 33844 --- [nio-3000-exec-4] s.w.s.m.m.a.RequestMappingHandlerMapping : Mapped to vn.vuavuive.backend.modules.order.OrderController#getMyOrders(String, int, Integer, Integer)
2026-06-29T15:25:37.967+07:00 DEBUG 33844 --- [nio-3000-exec-4] o.s.w.s.m.m.a.HttpEntityMethodProcessor  : Using 'application/json', given [*/*] and supported [application/json, application/*+json]
2026-06-29T15:25:37.971+07:00 DEBUG 33844 --- [nio-3000-exec-4] o.s.w.s.m.m.a.HttpEntityMethodProcessor  : Writing [ApiResponse(success=true, message=Thao tác thành công, data=[OrderResponse[orderId=758bb4e7-2ba1-427 (truncated)...]
2026-06-29T15:25:37.974+07:00 DEBUG 33844 --- [nio-3000-exec-4] o.s.web.servlet.DispatcherServlet        : Completed 200 OK
2026-06-29T15:26:00.656+07:00 DEBUG 33844 --- [nio-3000-exec-8] v.v.backend.security.JwtAuthFilter       : JWT hợp lệ — Đã xác thực user: customer@gmail.com
2026-06-29T15:26:00.657+07:00 DEBUG 33844 --- [nio-3000-exec-8] o.s.web.servlet.DispatcherServlet        : POST "/api/orders", parameters={}
2026-06-29T15:26:00.657+07:00 DEBUG 33844 --- [nio-3000-exec-8] s.w.s.m.m.a.RequestMappingHandlerMapping : Mapped to vn.vuavuive.backend.modules.order.OrderController#createOrder(CreateOrderRequest, HttpServletRequest)
2026-06-29T15:26:00.658+07:00 DEBUG 33844 --- [nio-3000-exec-8] m.m.a.RequestResponseBodyMethodProcessor : Read "application/json;charset=UTF-8" to [CreateOrderRequest(items=[OrderItemRequest[productId=90000000-0000-0000-0000-000000000311, quantity= (truncated)...]
2026-06-29T15:26:02.323+07:00  INFO 33844 --- [nio-3000-exec-8] v.v.backend.modules.payment.MoMoService  : MoMo create requestId=MOMO-1782721562320, orderId=4279a053-45cc-4457-a259-49a9c2a79457, amount=125000
2026-06-29T15:26:03.043+07:00  INFO 33844 --- [nio-3000-exec-8] v.v.backend.modules.order.OrderService   : Đơn hàng 4279a053-45cc-4457-a259-49a9c2a79457 đã được tạo bởi user customer@gmail.com
2026-06-29T15:26:03.276+07:00 DEBUG 33844 --- [nio-3000-exec-8] o.s.w.s.m.m.a.HttpEntityMethodProcessor  : Using 'application/json', given [*/*] and supported [application/json, application/*+json]
2026-06-29T15:26:03.276+07:00 DEBUG 33844 --- [nio-3000-exec-8] o.s.w.s.m.m.a.HttpEntityMethodProcessor  : Writing [ApiResponse(success=true, message=Thao tác thành công, data=OrderResponse[orderId=4279a053-45cc-4457 (truncated)...]
2026-06-29T15:26:03.277+07:00 DEBUG 33844 --- [nio-3000-exec-8] o.s.web.servlet.DispatcherServlet        : Completed 201 CREATED
2026-06-29T15:26:03.531+07:00 DEBUG 33844 --- [nio-3000-exec-2] v.v.backend.security.JwtAuthFilter       : JWT hợp lệ — Đã xác thực user: customer@gmail.com
2026-06-29T15:26:03.531+07:00 DEBUG 33844 --- [nio-3000-exec-2] o.s.web.servlet.DispatcherServlet        : POST "/api/payments/momo", parameters={}
2026-06-29T15:26:03.531+07:00 DEBUG 33844 --- [nio-3000-exec-2] s.w.s.m.m.a.RequestMappingHandlerMapping : Mapped to vn.vuavuive.backend.modules.payment.PaymentController#createMomoPayment(CreateMomoPaymentRequest)
2026-06-29T15:26:03.535+07:00 DEBUG 33844 --- [nio-3000-exec-2] m.m.a.RequestResponseBodyMethodProcessor : Read "application/json;charset=UTF-8" to [CreateMomoPaymentRequest[orderId=4279a053-45cc-4457-a259-49a9c2a79457, amount=125000.0, orderInfo=Th (truncated)...]
2026-06-29T15:26:04.007+07:00  INFO 33844 --- [nio-3000-exec-2] v.v.backend.modules.payment.MoMoService  : MoMo create requestId=MOMO-1782721564007, orderId=4279a053-45cc-4457-a259-49a9c2a79457, amount=125000
2026-06-29T15:26:04.473+07:00 DEBUG 33844 --- [nio-3000-exec-2] o.s.w.s.m.m.a.HttpEntityMethodProcessor  : Using 'application/json', given [*/*] and supported [application/json, application/*+json]
2026-06-29T15:26:04.479+07:00 DEBUG 33844 --- [nio-3000-exec-2] o.s.w.s.m.m.a.HttpEntityMethodProcessor  : Writing [ApiResponse(success=true, message=Thao tác thành công, data=CreateMomoPaymentResponse[orderId=4279a0 (truncated)...]
2026-06-29T15:26:04.480+07:00 DEBUG 33844 --- [nio-3000-exec-2] o.s.web.servlet.DispatcherServlet        : Completed 200 OK
2026-06-29T15:26:04.927+07:00 DEBUG 33844 --- [io-3000-exec-10] v.v.backend.security.JwtAuthFilter       : JWT hợp lệ — Đã xác thực user: customer@gmail.com
2026-06-29T15:26:04.928+07:00 DEBUG 33844 --- [io-3000-exec-10] o.s.web.servlet.DispatcherServlet        : GET "/api/payments/4279a053-45cc-4457-a259-49a9c2a79457/status", parameters={}
2026-06-29T15:26:04.929+07:00 DEBUG 33844 --- [io-3000-exec-10] s.w.s.m.m.a.RequestMappingHandlerMapping : Mapped to vn.vuavuive.backend.modules.payment.PaymentController#paymentStatus(String)
2026-06-29T15:26:05.906+07:00 DEBUG 33844 --- [io-3000-exec-10] o.s.w.s.m.m.a.HttpEntityMethodProcessor  : Using 'application/json', given [*/*] and supported [application/json, application/*+json]
2026-06-29T15:26:05.911+07:00 DEBUG 33844 --- [io-3000-exec-10] o.s.w.s.m.m.a.HttpEntityMethodProcessor  : Writing [ApiResponse(success=true, message=Thao tác thành công, data=PaymentStatusResponse[orderId=4279a053-4 (truncated)...]
2026-06-29T15:26:05.912+07:00 DEBUG 33844 --- [io-3000-exec-10] o.s.web.servlet.DispatcherServlet        : Completed 200 OK
2026-06-29T15:26:07.533+07:00 DEBUG 33844 --- [nio-3000-exec-5] o.s.web.servlet.DispatcherServlet        : GET "/api/payments/momo/mock?orderId=4279a053-45cc-4457-a259-49a9c2a79457&requestId=MOMO-1782721564007&amount=125000", parameters={masked}
2026-06-29T15:26:07.535+07:00 DEBUG 33844 --- [nio-3000-exec-5] s.w.s.m.m.a.RequestMappingHandlerMapping : Mapped to vn.vuavuive.backend.modules.payment.PaymentController#momoMock(String, String, String)
2026-06-29T15:26:07.538+07:00 DEBUG 33844 --- [nio-3000-exec-5] o.s.w.s.m.m.a.HttpEntityMethodProcessor  : Using 'text/html', given [text/html, application/xhtml+xml, image/avif, image/webp, image/apng, application/xml;q=0.9, */*;q=0.8, application/signed-exchange;v=b3;q=0.7] and supported [text/plain, */*, application/json, application/*+json]
2026-06-29T15:26:07.539+07:00 DEBUG 33844 --- [nio-3000-exec-5] o.s.w.s.m.m.a.HttpEntityMethodProcessor  : Writing ["{"success":true,"message":"Thao tác thành công","data":"<html><body style='font-family:sans-serif;te (truncated)..."]
2026-06-29T15:26:07.540+07:00 DEBUG 33844 --- [nio-3000-exec-5] o.s.web.servlet.DispatcherServlet        : Completed 200 OK
2026-06-29T15:26:19.785+07:00 DEBUG 33844 --- [nio-3000-exec-4] v.v.backend.security.JwtAuthFilter       : JWT hợp lệ — Đã xác thực user: customer@gmail.com
2026-06-29T15:26:19.787+07:00 DEBUG 33844 --- [nio-3000-exec-4] o.s.web.servlet.DispatcherServlet        : GET "/api/payments/4279a053-45cc-4457-a259-49a9c2a79457/status", parameters={}
2026-06-29T15:26:19.787+07:00 DEBUG 33844 --- [nio-3000-exec-4] s.w.s.m.m.a.RequestMappingHandlerMapping : Mapped to vn.vuavuive.backend.modules.payment.PaymentController#paymentStatus(String)
2026-06-29T15:26:20.749+07:00 DEBUG 33844 --- [nio-3000-exec-4] o.s.w.s.m.m.a.HttpEntityMethodProcessor  : Using 'application/json', given [*/*] and supported [application/json, application/*+json]
2026-06-29T15:26:20.750+07:00 DEBUG 33844 --- [nio-3000-exec-4] o.s.w.s.m.m.a.HttpEntityMethodProcessor  : Writing [ApiResponse(success=true, message=Thao tác thành công, data=PaymentStatusResponse[orderId=4279a053-4 (truncated)...]
2026-06-29T15:26:20.752+07:00 DEBUG 33844 --- [nio-3000-exec-4] o.s.web.servlet.DispatcherServlet        : Completed 200 OK
2026-06-29T15:26:26.954+07:00 DEBUG 33844 --- [nio-3000-exec-8] v.v.backend.security.JwtAuthFilter       : JWT hợp lệ — Đã xác thực user: customer@gmail.com
2026-06-29T15:26:26.955+07:00 DEBUG 33844 --- [nio-3000-exec-8] o.s.web.servlet.DispatcherServlet        : POST "/api/payments/momo/mock-success/4279a053-45cc-4457-a259-49a9c2a79457", parameters={}
2026-06-29T15:26:26.955+07:00 DEBUG 33844 --- [nio-3000-exec-8] s.w.s.m.m.a.RequestMappingHandlerMapping : Mapped to vn.vuavuive.backend.modules.payment.PaymentController#mockMomoSuccess(String)
2026-06-29T15:26:28.180+07:00  INFO 33844 --- [nio-3000-exec-8] v.v.backend.modules.payment.MoMoService  : MoMo mock result requestId=MOMO-1782721564007, orderId=4279a053-45cc-4457-a259-49a9c2a79457, amount=125000.0, resultCode=0
2026-06-29T15:26:28.888+07:00 DEBUG 33844 --- [nio-3000-exec-8] o.s.w.s.m.m.a.HttpEntityMethodProcessor  : Using 'application/json', given [*/*] and supported [application/json, application/*+json]
2026-06-29T15:26:28.890+07:00 DEBUG 33844 --- [nio-3000-exec-8] o.s.w.s.m.m.a.HttpEntityMethodProcessor  : Writing [ApiResponse(success=true, message=Thao tác thành công, data={amount=125000.0, orderId=4279a053-45cc- (truncated)...]
2026-06-29T15:26:28.890+07:00 DEBUG 33844 --- [nio-3000-exec-8] o.s.web.servlet.DispatcherServlet        : Completed 200 OK
2026-06-29T15:26:29.144+07:00 DEBUG 33844 --- [nio-3000-exec-3] v.v.backend.security.JwtAuthFilter       : JWT hợp lệ — Đã xác thực user: customer@gmail.com
2026-06-29T15:26:29.146+07:00 DEBUG 33844 --- [nio-3000-exec-3] o.s.web.servlet.DispatcherServlet        : GET "/api/payments/4279a053-45cc-4457-a259-49a9c2a79457/status", parameters={}
2026-06-29T15:26:29.146+07:00 DEBUG 33844 --- [nio-3000-exec-3] s.w.s.m.m.a.RequestMappingHandlerMapping : Mapped to vn.vuavuive.backend.modules.payment.PaymentController#paymentStatus(String)
2026-06-29T15:26:30.112+07:00 DEBUG 33844 --- [nio-3000-exec-3] o.s.w.s.m.m.a.HttpEntityMethodProcessor  : Using 'application/json', given [*/*] and supported [application/json, application/*+json]
2026-06-29T15:26:30.112+07:00 DEBUG 33844 --- [nio-3000-exec-3] o.s.w.s.m.m.a.HttpEntityMethodProcessor  : Writing [ApiResponse(success=true, message=Thao tác thành công, data=PaymentStatusResponse[orderId=4279a053-4 (truncated)...]
2026-06-29T15:26:30.115+07:00 DEBUG 33844 --- [nio-3000-exec-3] o.s.web.servlet.DispatcherServlet        : Completed 200 OK
2026-06-29T15:26:30.258+07:00 DEBUG 33844 --- [nio-3000-exec-5] v.v.backend.security.JwtAuthFilter       : JWT hợp lệ — Đã xác thực user: customer@gmail.com
2026-06-29T15:26:30.259+07:00 DEBUG 33844 --- [nio-3000-exec-5] o.s.web.servlet.DispatcherServlet        : GET "/api/orders/me?page=1&limit=20", parameters={masked}
2026-06-29T15:26:30.259+07:00 DEBUG 33844 --- [nio-3000-exec-5] s.w.s.m.m.a.RequestMappingHandlerMapping : Mapped to vn.vuavuive.backend.modules.order.OrderController#getMyOrders(String, int, Integer, Integer)
2026-06-29T15:26:30.297+07:00 DEBUG 33844 --- [nio-3000-exec-6] v.v.backend.security.JwtAuthFilter       : JWT hợp lệ — Đã xác thực user: customer@gmail.com
2026-06-29T15:26:30.297+07:00 DEBUG 33844 --- [nio-3000-exec-6] o.s.web.servlet.DispatcherServlet        : GET "/api/orders/me?page=1&limit=20", parameters={masked}
2026-06-29T15:26:30.297+07:00 DEBUG 33844 --- [nio-3000-exec-6] s.w.s.m.m.a.RequestMappingHandlerMapping : Mapped to vn.vuavuive.backend.modules.order.OrderController#getMyOrders(String, int, Integer, Integer)
2026-06-29T15:26:35.173+07:00 DEBUG 33844 --- [nio-3000-exec-5] o.s.w.s.m.m.a.HttpEntityMethodProcessor  : Using 'application/json', given [*/*] and supported [application/json, application/*+json]
2026-06-29T15:26:35.175+07:00 DEBUG 33844 --- [nio-3000-exec-5] o.s.w.s.m.m.a.HttpEntityMethodProcessor  : Writing [ApiResponse(success=true, message=Thao tác thành công, data=[OrderResponse[orderId=4279a053-45cc-445 (truncated)...]
2026-06-29T15:26:35.177+07:00 DEBUG 33844 --- [nio-3000-exec-5] o.s.web.servlet.DispatcherServlet        : Completed 200 OK
2026-06-29T15:26:35.455+07:00 DEBUG 33844 --- [nio-3000-exec-6] o.s.w.s.m.m.a.HttpEntityMethodProcessor  : Using 'application/json', given [*/*] and supported [application/json, application/*+json]
2026-06-29T15:26:35.455+07:00 DEBUG 33844 --- [nio-3000-exec-6] o.s.w.s.m.m.a.HttpEntityMethodProcessor  : Writing [ApiResponse(success=true, message=Thao tác thành công, data=[OrderResponse[orderId=4279a053-45cc-445 (truncated)...]
2026-06-29T15:26:35.456+07:00 DEBUG 33844 --- [nio-3000-exec-6] o.s.web.servlet.DispatcherServlet        : Completed 200 OK
2026-06-29T15:26:44.220+07:00 DEBUG 33844 --- [nio-3000-exec-1] v.v.backend.security.JwtAuthFilter       : JWT hợp lệ — Đã xác thực user: customer@gmail.com
2026-06-29T15:26:44.222+07:00 DEBUG 33844 --- [nio-3000-exec-1] o.s.web.servlet.DispatcherServlet        : GET "/api/orders/me?page=1&limit=20", parameters={masked}
2026-06-29T15:26:44.223+07:00 DEBUG 33844 --- [nio-3000-exec-1] s.w.s.m.m.a.RequestMappingHandlerMapping : Mapped to vn.vuavuive.backend.modules.order.OrderController#getMyOrders(String, int, Integer, Integer)
2026-06-29T15:26:44.239+07:00 DEBUG 33844 --- [nio-3000-exec-9] v.v.backend.security.JwtAuthFilter       : JWT hợp lệ — Đã xác thực user: customer@gmail.com
2026-06-29T15:26:44.239+07:00 DEBUG 33844 --- [nio-3000-exec-9] o.s.web.servlet.DispatcherServlet        : GET "/api/orders/me?page=1&limit=20", parameters={masked}
2026-06-29T15:26:44.242+07:00 DEBUG 33844 --- [nio-3000-exec-9] s.w.s.m.m.a.RequestMappingHandlerMapping : Mapped to vn.vuavuive.backend.modules.order.OrderController#getMyOrders(String, int, Integer, Integer)
2026-06-29T15:26:49.225+07:00 DEBUG 33844 --- [nio-3000-exec-1] o.s.w.s.m.m.a.HttpEntityMethodProcessor  : Using 'application/json', given [*/*] and supported [application/json, application/*+json]
2026-06-29T15:26:49.232+07:00 DEBUG 33844 --- [nio-3000-exec-1] o.s.w.s.m.m.a.HttpEntityMethodProcessor  : Writing [ApiResponse(success=true, message=Thao tác thành công, data=[OrderResponse[orderId=4279a053-45cc-445 (truncated)...]
2026-06-29T15:26:49.233+07:00 DEBUG 33844 --- [nio-3000-exec-1] o.s.web.servlet.DispatcherServlet        : Completed 200 OK
2026-06-29T15:26:49.334+07:00 DEBUG 33844 --- [nio-3000-exec-9] o.s.w.s.m.m.a.HttpEntityMethodProcessor  : Using 'application/json', given [*/*] and supported [application/json, application/*+json]
2026-06-29T15:26:49.336+07:00 DEBUG 33844 --- [nio-3000-exec-9] o.s.w.s.m.m.a.HttpEntityMethodProcessor  : Writing [ApiResponse(success=true, message=Thao tác thành công, data=[OrderResponse[orderId=4279a053-45cc-445 (truncated)...]
2026-06-29T15:26:49.337+07:00 DEBUG 33844 --- [nio-3000-exec-9] o.s.web.servlet.DispatcherServlet        : Completed 200 OK
2026-06-29T15:26:56.830+07:00 DEBUG 33844 --- [io-3000-exec-10] v.v.backend.security.JwtAuthFilter       : JWT hợp lệ — Đã xác thực user: customer@gmail.com
2026-06-29T15:26:56.831+07:00 DEBUG 33844 --- [io-3000-exec-10] o.s.web.servlet.DispatcherServlet        : GET "/api/orders/me?page=1&limit=20", parameters={masked}
2026-06-29T15:26:56.831+07:00 DEBUG 33844 --- [io-3000-exec-10] s.w.s.m.m.a.RequestMappingHandlerMapping : Mapped to vn.vuavuive.backend.modules.order.OrderController#getMyOrders(String, int, Integer, Integer)
2026-06-29T15:26:56.847+07:00 DEBUG 33844 --- [nio-3000-exec-4] v.v.backend.security.JwtAuthFilter       : JWT hợp lệ — Đã xác thực user: customer@gmail.com
2026-06-29T15:26:56.847+07:00 DEBUG 33844 --- [nio-3000-exec-4] o.s.web.servlet.DispatcherServlet        : GET "/api/orders/me?page=1&limit=20", parameters={masked}
2026-06-29T15:26:56.848+07:00 DEBUG 33844 --- [nio-3000-exec-4] s.w.s.m.m.a.RequestMappingHandlerMapping : Mapped to vn.vuavuive.backend.modules.order.OrderController#getMyOrders(String, int, Integer, Integer)
2026-06-29T15:27:01.831+07:00 DEBUG 33844 --- [io-3000-exec-10] o.s.w.s.m.m.a.HttpEntityMethodProcessor  : Using 'application/json', given [*/*] and supported [application/json, application/*+json]
2026-06-29T15:27:01.834+07:00 DEBUG 33844 --- [io-3000-exec-10] o.s.w.s.m.m.a.HttpEntityMethodProcessor  : Writing [ApiResponse(success=true, message=Thao tác thành công, data=[OrderResponse[orderId=4279a053-45cc-445 (truncated)...]
2026-06-29T15:27:01.835+07:00 DEBUG 33844 --- [io-3000-exec-10] o.s.web.servlet.DispatcherServlet        : Completed 200 OK
2026-06-29T15:27:01.942+07:00 DEBUG 33844 --- [nio-3000-exec-4] o.s.w.s.m.m.a.HttpEntityMethodProcessor  : Using 'application/json', given [*/*] and supported [application/json, application/*+json]
2026-06-29T15:27:01.944+07:00 DEBUG 33844 --- [nio-3000-exec-4] o.s.w.s.m.m.a.HttpEntityMethodProcessor  : Writing [ApiResponse(success=true, message=Thao tác thành công, data=[OrderResponse[orderId=4279a053-45cc-445 (truncated)...]
2026-06-29T15:27:01.945+07:00 DEBUG 33844 --- [nio-3000-exec-4] o.s.web.servlet.DispatcherServlet        : Completed 200 OK
2026-06-29T15:27:06.550+07:00 DEBUG 33844 --- [nio-3000-exec-2] v.v.backend.security.JwtAuthFilter       : JWT hợp lệ — Đã xác thực user: customer@gmail.com
2026-06-29T15:27:06.552+07:00 DEBUG 33844 --- [nio-3000-exec-2] o.s.web.servlet.DispatcherServlet        : GET "/api/orders/me?page=1&limit=20", parameters={masked}
2026-06-29T15:27:06.552+07:00 DEBUG 33844 --- [nio-3000-exec-2] s.w.s.m.m.a.RequestMappingHandlerMapping : Mapped to vn.vuavuive.backend.modules.order.OrderController#getMyOrders(String, int, Integer, Integer)
2026-06-29T15:27:06.559+07:00 DEBUG 33844 --- [nio-3000-exec-7] v.v.backend.security.JwtAuthFilter       : JWT hợp lệ — Đã xác thực user: customer@gmail.com
2026-06-29T15:27:06.559+07:00 DEBUG 33844 --- [nio-3000-exec-7] o.s.web.servlet.DispatcherServlet        : GET "/api/orders/me?page=1&limit=20", parameters={masked}
2026-06-29T15:27:06.559+07:00 DEBUG 33844 --- [nio-3000-exec-7] s.w.s.m.m.a.RequestMappingHandlerMapping : Mapped to vn.vuavuive.backend.modules.order.OrderController#getMyOrders(String, int, Integer, Integer)
2026-06-29T15:27:11.461+07:00 DEBUG 33844 --- [nio-3000-exec-7] o.s.w.s.m.m.a.HttpEntityMethodProcessor  : Using 'application/json', given [*/*] and supported [application/json, application/*+json]
2026-06-29T15:27:11.462+07:00 DEBUG 33844 --- [nio-3000-exec-7] o.s.w.s.m.m.a.HttpEntityMethodProcessor  : Writing [ApiResponse(success=true, message=Thao tác thành công, data=[OrderResponse[orderId=4279a053-45cc-445 (truncated)...]
2026-06-29T15:27:11.464+07:00 DEBUG 33844 --- [nio-3000-exec-7] o.s.web.servlet.DispatcherServlet        : Completed 200 OK
2026-06-29T15:27:11.684+07:00 DEBUG 33844 --- [nio-3000-exec-2] o.s.w.s.m.m.a.HttpEntityMethodProcessor  : Using 'application/json', given [*/*] and supported [application/json, application/*+json]
2026-06-29T15:27:11.685+07:00 DEBUG 33844 --- [nio-3000-exec-2] o.s.w.s.m.m.a.HttpEntityMethodProcessor  : Writing [ApiResponse(success=true, message=Thao tác thành công, data=[OrderResponse[orderId=4279a053-45cc-445 (truncated)...]
2026-06-29T15:27:11.687+07:00 DEBUG 33844 --- [nio-3000-exec-2] o.s.web.servlet.DispatcherServlet        : Completed 200 OK
2026-06-29T15:27:12.400+07:00 DEBUG 33844 --- [nio-3000-exec-3] v.v.backend.security.JwtAuthFilter       : JWT hợp lệ — Đã xác thực user: customer@gmail.com
2026-06-29T15:27:12.402+07:00 DEBUG 33844 --- [nio-3000-exec-3] o.s.web.servlet.DispatcherServlet        : GET "/api/orders/me?page=1&limit=20", parameters={masked}
2026-06-29T15:27:12.402+07:00 DEBUG 33844 --- [nio-3000-exec-3] s.w.s.m.m.a.RequestMappingHandlerMapping : Mapped to vn.vuavuive.backend.modules.order.OrderController#getMyOrders(String, int, Integer, Integer)
2026-06-29T15:27:12.404+07:00 DEBUG 33844 --- [nio-3000-exec-8] v.v.backend.security.JwtAuthFilter       : JWT hợp lệ — Đã xác thực user: customer@gmail.com
2026-06-29T15:27:12.405+07:00 DEBUG 33844 --- [nio-3000-exec-8] o.s.web.servlet.DispatcherServlet        : GET "/api/orders/me?page=1&limit=20", parameters={masked}
2026-06-29T15:27:12.405+07:00 DEBUG 33844 --- [nio-3000-exec-8] s.w.s.m.m.a.RequestMappingHandlerMapping : Mapped to vn.vuavuive.backend.modules.order.OrderController#getMyOrders(String, int, Integer, Integer)
2026-06-29T15:27:14.770+07:00 DEBUG 33844 --- [nio-3000-exec-5] v.v.backend.security.JwtAuthFilter       : JWT hợp lệ — Đã xác thực user: customer@gmail.com
2026-06-29T15:27:14.770+07:00 DEBUG 33844 --- [nio-3000-exec-5] o.s.web.servlet.DispatcherServlet        : GET "/api/orders/me?page=1&limit=20", parameters={masked}
2026-06-29T15:27:14.771+07:00 DEBUG 33844 --- [nio-3000-exec-5] s.w.s.m.m.a.RequestMappingHandlerMapping : Mapped to vn.vuavuive.backend.modules.order.OrderController#getMyOrders(String, int, Integer, Integer)
2026-06-29T15:27:15.742+07:00 DEBUG 33844 --- [nio-3000-exec-6] v.v.backend.security.JwtAuthFilter       : JWT hợp lệ — Đã xác thực user: customer@gmail.com
2026-06-29T15:27:15.744+07:00 DEBUG 33844 --- [nio-3000-exec-6] o.s.web.servlet.DispatcherServlet        : GET "/api/orders/me?page=1&limit=20", parameters={masked}
2026-06-29T15:27:15.744+07:00 DEBUG 33844 --- [nio-3000-exec-6] s.w.s.m.m.a.RequestMappingHandlerMapping : Mapped to vn.vuavuive.backend.modules.order.OrderController#getMyOrders(String, int, Integer, Integer)
2026-06-29T15:27:16.272+07:00 DEBUG 33844 --- [nio-3000-exec-1] v.v.backend.security.JwtAuthFilter       : JWT hợp lệ — Đã xác thực user: customer@gmail.com
2026-06-29T15:27:16.273+07:00 DEBUG 33844 --- [nio-3000-exec-1] o.s.web.servlet.DispatcherServlet        : GET "/api/orders/me?page=1&limit=20", parameters={masked}
2026-06-29T15:27:16.273+07:00 DEBUG 33844 --- [nio-3000-exec-1] s.w.s.m.m.a.RequestMappingHandlerMapping : Mapped to vn.vuavuive.backend.modules.order.OrderController#getMyOrders(String, int, Integer, Integer)
2026-06-29T15:27:17.386+07:00 DEBUG 33844 --- [nio-3000-exec-8] o.s.w.s.m.m.a.HttpEntityMethodProcessor  : Using 'application/json', given [*/*] and supported [application/json, application/*+json]
2026-06-29T15:27:17.388+07:00 DEBUG 33844 --- [nio-3000-exec-8] o.s.w.s.m.m.a.HttpEntityMethodProcessor  : Writing [ApiResponse(success=true, message=Thao tác thành công, data=[OrderResponse[orderId=4279a053-45cc-445 (truncated)...]
2026-06-29T15:27:17.389+07:00 DEBUG 33844 --- [nio-3000-exec-8] o.s.web.servlet.DispatcherServlet        : Completed 200 OK
2026-06-29T15:27:17.465+07:00 DEBUG 33844 --- [nio-3000-exec-3] o.s.w.s.m.m.a.HttpEntityMethodProcessor  : Using 'application/json', given [*/*] and supported [application/json, application/*+json]
2026-06-29T15:27:17.465+07:00 DEBUG 33844 --- [nio-3000-exec-3] o.s.w.s.m.m.a.HttpEntityMethodProcessor  : Writing [ApiResponse(success=true, message=Thao tác thành công, data=[OrderResponse[orderId=4279a053-45cc-445 (truncated)...]
2026-06-29T15:27:17.466+07:00 DEBUG 33844 --- [nio-3000-exec-3] o.s.web.servlet.DispatcherServlet        : Completed 200 OK
2026-06-29T15:27:19.709+07:00 DEBUG 33844 --- [nio-3000-exec-5] o.s.w.s.m.m.a.HttpEntityMethodProcessor  : Using 'application/json', given [*/*] and supported [application/json, application/*+json]
2026-06-29T15:27:19.709+07:00 DEBUG 33844 --- [nio-3000-exec-5] o.s.w.s.m.m.a.HttpEntityMethodProcessor  : Writing [ApiResponse(success=true, message=Thao tác thành công, data=[OrderResponse[orderId=4279a053-45cc-445 (truncated)...]
2026-06-29T15:27:19.710+07:00 DEBUG 33844 --- [nio-3000-exec-5] o.s.web.servlet.DispatcherServlet        : Completed 200 OK
2026-06-29T15:27:20.828+07:00 DEBUG 33844 --- [nio-3000-exec-6] o.s.w.s.m.m.a.HttpEntityMethodProcessor  : Using 'application/json', given [*/*] and supported [application/json, application/*+json]
2026-06-29T15:27:20.828+07:00 DEBUG 33844 --- [nio-3000-exec-6] o.s.w.s.m.m.a.HttpEntityMethodProcessor  : Writing [ApiResponse(success=true, message=Thao tác thành công, data=[OrderResponse[orderId=4279a053-45cc-445 (truncated)...]
2026-06-29T15:27:20.829+07:00 DEBUG 33844 --- [nio-3000-exec-6] o.s.web.servlet.DispatcherServlet        : Completed 200 OK
2026-06-29T15:27:21.606+07:00 DEBUG 33844 --- [nio-3000-exec-1] o.s.w.s.m.m.a.HttpEntityMethodProcessor  : Using 'application/json', given [*/*] and supported [application/json, application/*+json]
2026-06-29T15:27:21.606+07:00 DEBUG 33844 --- [nio-3000-exec-1] o.s.w.s.m.m.a.HttpEntityMethodProcessor  : Writing [ApiResponse(success=true, message=Thao tác thành công, data=[OrderResponse[orderId=4279a053-45cc-445 (truncated)...]
2026-06-29T15:27:21.608+07:00 DEBUG 33844 --- [nio-3000-exec-1] o.s.web.servlet.DispatcherServlet        : Completed 200 OK
2026-06-29T15:27:25.069+07:00 DEBUG 33844 --- [nio-3000-exec-9] v.v.backend.security.JwtAuthFilter       : JWT hợp lệ — Đã xác thực user: customer@gmail.com
2026-06-29T15:27:25.070+07:00 DEBUG 33844 --- [nio-3000-exec-9] o.s.web.servlet.DispatcherServlet        : GET "/api/orders/ab64a865-afe2-44bb-9527-cf1ba1a2ace9", parameters={}
2026-06-29T15:27:25.070+07:00 DEBUG 33844 --- [nio-3000-exec-9] s.w.s.m.m.a.RequestMappingHandlerMapping : Mapped to vn.vuavuive.backend.modules.order.OrderController#getOrderById(String)
2026-06-29T15:27:25.538+07:00 DEBUG 33844 --- [nio-3000-exec-9] o.s.w.s.m.m.a.HttpEntityMethodProcessor  : Using 'application/json', given [*/*] and supported [application/json, application/*+json]
2026-06-29T15:27:25.539+07:00 DEBUG 33844 --- [nio-3000-exec-9] o.s.w.s.m.m.a.HttpEntityMethodProcessor  : Writing [ApiResponse(success=true, message=Thao tác thành công, data=OrderResponse[orderId=ab64a865-afe2-44bb (truncated)...]
2026-06-29T15:27:25.539+07:00 DEBUG 33844 --- [nio-3000-exec-9] o.s.web.servlet.DispatcherServlet        : Completed 200 OK
2026-06-29T15:27:28.610+07:00 DEBUG 33844 --- [io-3000-exec-10] v.v.backend.security.JwtAuthFilter       : JWT hợp lệ — Đã xác thực user: customer@gmail.com
2026-06-29T15:27:28.610+07:00 DEBUG 33844 --- [io-3000-exec-10] o.s.web.servlet.DispatcherServlet        : GET "/api/orders/me?page=1&limit=20", parameters={masked}
2026-06-29T15:27:28.610+07:00 DEBUG 33844 --- [io-3000-exec-10] s.w.s.m.m.a.RequestMappingHandlerMapping : Mapped to vn.vuavuive.backend.modules.order.OrderController#getMyOrders(String, int, Integer, Integer)
2026-06-29T15:27:32.754+07:00 DEBUG 33844 --- [nio-3000-exec-4] v.v.backend.security.JwtAuthFilter       : JWT hợp lệ — Đã xác thực user: customer@gmail.com
2026-06-29T15:27:32.756+07:00 DEBUG 33844 --- [nio-3000-exec-4] o.s.web.servlet.DispatcherServlet        : GET "/api/orders/me?page=1&limit=20", parameters={masked}
2026-06-29T15:27:32.756+07:00 DEBUG 33844 --- [nio-3000-exec-4] s.w.s.m.m.a.RequestMappingHandlerMapping : Mapped to vn.vuavuive.backend.modules.order.OrderController#getMyOrders(String, int, Integer, Integer)
2026-06-29T15:27:33.764+07:00 DEBUG 33844 --- [io-3000-exec-10] o.s.w.s.m.m.a.HttpEntityMethodProcessor  : Using 'application/json', given [*/*] and supported [application/json, application/*+json]
2026-06-29T15:27:33.764+07:00 DEBUG 33844 --- [io-3000-exec-10] o.s.w.s.m.m.a.HttpEntityMethodProcessor  : Writing [ApiResponse(success=true, message=Thao tác thành công, data=[OrderResponse[orderId=4279a053-45cc-445 (truncated)...]
2026-06-29T15:27:33.765+07:00 DEBUG 33844 --- [io-3000-exec-10] o.s.web.servlet.DispatcherServlet        : Completed 200 OK
2026-06-29T15:27:37.074+07:00 DEBUG 33844 --- [nio-3000-exec-7] v.v.backend.security.JwtAuthFilter       : JWT hợp lệ — Đã xác thực user: customer@gmail.com
2026-06-29T15:27:37.076+07:00 DEBUG 33844 --- [nio-3000-exec-7] o.s.web.servlet.DispatcherServlet        : GET "/api/recipes", parameters={}
2026-06-29T15:27:37.077+07:00 DEBUG 33844 --- [nio-3000-exec-7] s.w.s.m.m.a.RequestMappingHandlerMapping : Mapped to vn.vuavuive.backend.modules.recipe.RecipeController#getRecipes()
2026-06-29T15:27:37.295+07:00 DEBUG 33844 --- [nio-3000-exec-2] v.v.backend.security.JwtAuthFilter       : JWT hợp lệ — Đã xác thực user: customer@gmail.com
2026-06-29T15:27:37.297+07:00 DEBUG 33844 --- [nio-3000-exec-2] o.s.web.servlet.DispatcherServlet        : GET "/api/auth/me", parameters={}
2026-06-29T15:27:37.297+07:00 DEBUG 33844 --- [nio-3000-exec-2] s.w.s.m.m.a.RequestMappingHandlerMapping : Mapped to vn.vuavuive.backend.modules.auth.AuthController#getMe()
2026-06-29T15:27:37.363+07:00 DEBUG 33844 --- [nio-3000-exec-7] m.m.a.RequestResponseBodyMethodProcessor : Using 'application/json', given [*/*] and supported [application/json, application/*+json]
2026-06-29T15:27:37.363+07:00 DEBUG 33844 --- [nio-3000-exec-7] m.m.a.RequestResponseBodyMethodProcessor : Writing [ApiResponse(success=true, message=Thao tác thành công, data=[{difficulty=Dễ, image=http://10.0.2.2:3 (truncated)...]
2026-06-29T15:27:37.366+07:00 DEBUG 33844 --- [nio-3000-exec-7] o.s.web.servlet.DispatcherServlet        : Completed 200 OK
2026-06-29T15:27:37.553+07:00 DEBUG 33844 --- [nio-3000-exec-2] o.s.w.s.m.m.a.HttpEntityMethodProcessor  : Using 'application/json', given [*/*] and supported [application/json, application/*+json]
2026-06-29T15:27:37.554+07:00 DEBUG 33844 --- [nio-3000-exec-2] o.s.w.s.m.m.a.HttpEntityMethodProcessor  : Writing [ApiResponse(success=true, message=Lấy thông tin người dùng thành công, data=UserResponse[id=22f857f6 (truncated)...]
2026-06-29T15:27:37.555+07:00 DEBUG 33844 --- [nio-3000-exec-2] o.s.web.servlet.DispatcherServlet        : Completed 200 OK
2026-06-29T15:27:37.866+07:00 DEBUG 33844 --- [nio-3000-exec-8] o.s.web.servlet.DispatcherServlet        : GET "/images/recipes/recipe_rau_muong_xao.png", parameters={}
2026-06-29T15:27:37.868+07:00 DEBUG 33844 --- [nio-3000-exec-5] o.s.web.servlet.DispatcherServlet        : GET "/images/recipes/recipe_ca_kho_to.png", parameters={}
2026-06-29T15:27:37.868+07:00 DEBUG 33844 --- [nio-3000-exec-3] o.s.web.servlet.DispatcherServlet        : GET "/images/recipes/recipe_canh_bi_do.png", parameters={}
2026-06-29T15:27:37.869+07:00 DEBUG 33844 --- [nio-3000-exec-8] o.s.w.s.handler.SimpleUrlHandlerMapping  : Mapped to ResourceHttpRequestHandler [classpath [META-INF/resources/], classpath [resources/], classpath [static/], classpath [public/], ServletContext [/]]
2026-06-29T15:27:37.869+07:00 DEBUG 33844 --- [nio-3000-exec-5] o.s.w.s.handler.SimpleUrlHandlerMapping  : Mapped to ResourceHttpRequestHandler [classpath [META-INF/resources/], classpath [resources/], classpath [static/], classpath [public/], ServletContext [/]]
2026-06-29T15:27:37.869+07:00 DEBUG 33844 --- [nio-3000-exec-3] o.s.w.s.handler.SimpleUrlHandlerMapping  : Mapped to ResourceHttpRequestHandler [classpath [META-INF/resources/], classpath [resources/], classpath [static/], classpath [public/], ServletContext [/]]
2026-06-29T15:27:37.876+07:00 DEBUG 33844 --- [nio-3000-exec-4] o.s.w.s.m.m.a.HttpEntityMethodProcessor  : Using 'application/json', given [*/*] and supported [application/json, application/*+json]
2026-06-29T15:27:37.876+07:00 DEBUG 33844 --- [nio-3000-exec-4] o.s.w.s.m.m.a.HttpEntityMethodProcessor  : Writing [ApiResponse(success=true, message=Thao tác thành công, data=[OrderResponse[orderId=4279a053-45cc-445 (truncated)...]
2026-06-29T15:27:37.877+07:00 DEBUG 33844 --- [nio-3000-exec-4] o.s.web.servlet.DispatcherServlet        : Completed 200 OK
2026-06-29T15:27:38.598+07:00 DEBUG 33844 --- [nio-3000-exec-3] o.s.web.servlet.DispatcherServlet        : Completed 200 OK
2026-06-29T15:27:38.608+07:00 DEBUG 33844 --- [nio-3000-exec-5] o.s.web.servlet.DispatcherServlet        : Completed 200 OK
2026-06-29T15:27:38.617+07:00 DEBUG 33844 --- [nio-3000-exec-8] o.s.web.servlet.DispatcherServlet        : Completed 200 OK
2026-06-29T15:27:47.891+07:00 DEBUG 33844 --- [nio-3000-exec-6] o.s.web.servlet.DispatcherServlet        : GET "/images/recipes/recipe_canh_chua.png", parameters={}
2026-06-29T15:27:47.893+07:00 DEBUG 33844 --- [nio-3000-exec-6] o.s.w.s.handler.SimpleUrlHandlerMapping  : Mapped to ResourceHttpRequestHandler [classpath [META-INF/resources/], classpath [resources/], classpath [static/], classpath [public/], ServletContext [/]]
2026-06-29T15:27:47.985+07:00 DEBUG 33844 --- [nio-3000-exec-6] o.s.web.servlet.DispatcherServlet        : Completed 200 OK
2026-06-29T15:27:48.458+07:00 DEBUG 33844 --- [nio-3000-exec-1] o.s.web.servlet.DispatcherServlet        : GET "/images/recipes/recipe_canh_mong_toi.png", parameters={}
2026-06-29T15:27:48.458+07:00 DEBUG 33844 --- [nio-3000-exec-1] o.s.w.s.handler.SimpleUrlHandlerMapping  : Mapped to ResourceHttpRequestHandler [classpath [META-INF/resources/], classpath [resources/], classpath [static/], classpath [public/], ServletContext [/]]
2026-06-29T15:27:48.517+07:00 DEBUG 33844 --- [nio-3000-exec-1] o.s.web.servlet.DispatcherServlet        : Completed 200 OK
2026-06-29T15:27:49.058+07:00 DEBUG 33844 --- [nio-3000-exec-9] o.s.web.servlet.DispatcherServlet        : GET "/images/recipes/recipe_khoai_chien.png", parameters={}
2026-06-29T15:27:49.058+07:00 DEBUG 33844 --- [nio-3000-exec-9] o.s.w.s.handler.SimpleUrlHandlerMapping  : Mapped to ResourceHttpRequestHandler [classpath [META-INF/resources/], classpath [resources/], classpath [static/], classpath [public/], ServletContext [/]]
2026-06-29T15:27:49.110+07:00 DEBUG 33844 --- [nio-3000-exec-9] o.s.web.servlet.DispatcherServlet        : Completed 200 OK
2026-06-29T15:27:49.673+07:00 DEBUG 33844 --- [io-3000-exec-10] o.s.web.servlet.DispatcherServlet        : GET "/images/recipes/recipe_ca_rot_xao.png", parameters={}
2026-06-29T15:27:49.675+07:00 DEBUG 33844 --- [io-3000-exec-10] o.s.w.s.handler.SimpleUrlHandlerMapping  : Mapped to ResourceHttpRequestHandler [classpath [META-INF/resources/], classpath [resources/], classpath [static/], classpath [public/], ServletContext [/]]
2026-06-29T15:27:49.762+07:00 DEBUG 33844 --- [io-3000-exec-10] o.s.web.servlet.DispatcherServlet        : Completed 200 OK
2026-06-29T15:27:50.124+07:00 DEBUG 33844 --- [nio-3000-exec-7] o.s.web.servlet.DispatcherServlet        : GET "/images/recipes/recipe_salad_rau.png", parameters={}
2026-06-29T15:27:50.124+07:00 DEBUG 33844 --- [nio-3000-exec-7] o.s.w.s.handler.SimpleUrlHandlerMapping  : Mapped to ResourceHttpRequestHandler [classpath [META-INF/resources/], classpath [resources/], classpath [static/], classpath [public/], ServletContext [/]]
2026-06-29T15:27:50.202+07:00 DEBUG 33844 --- [nio-3000-exec-7] o.s.web.servlet.DispatcherServlet        : Completed 200 OK
2026-06-29T15:27:50.987+07:00 DEBUG 33844 --- [nio-3000-exec-2] v.v.backend.security.JwtAuthFilter       : JWT hợp lệ — Đã xác thực user: customer@gmail.com
2026-06-29T15:27:50.988+07:00 DEBUG 33844 --- [nio-3000-exec-2] o.s.web.servlet.DispatcherServlet        : GET "/api/recipes/recipe_007", parameters={}
2026-06-29T15:27:50.988+07:00 DEBUG 33844 --- [nio-3000-exec-2] s.w.s.m.m.a.RequestMappingHandlerMapping : Mapped to vn.vuavuive.backend.modules.recipe.RecipeController#getRecipe(String)
2026-06-29T15:27:51.226+07:00 DEBUG 33844 --- [nio-3000-exec-2] m.m.a.RequestResponseBodyMethodProcessor : Using 'application/json', given [*/*] and supported [application/json, application/*+json]
2026-06-29T15:27:51.228+07:00 DEBUG 33844 --- [nio-3000-exec-2] m.m.a.RequestResponseBodyMethodProcessor : Writing [ApiResponse(success=true, message=Thao tác thành công, data={difficulty=Dễ, image=http://10.0.2.2:30 (truncated)...]
2026-06-29T15:27:51.229+07:00 DEBUG 33844 --- [nio-3000-exec-2] o.s.web.servlet.DispatcherServlet        : Completed 200 OK
2026-06-29T15:27:53.959+07:00 DEBUG 33844 --- [nio-3000-exec-4] v.v.backend.security.JwtAuthFilter       : JWT hợp lệ — Đã xác thực user: customer@gmail.com
2026-06-29T15:27:53.959+07:00 DEBUG 33844 --- [nio-3000-exec-4] o.s.web.servlet.DispatcherServlet        : GET "/api/auth/me", parameters={}
2026-06-29T15:27:53.959+07:00 DEBUG 33844 --- [nio-3000-exec-4] s.w.s.m.m.a.RequestMappingHandlerMapping : Mapped to vn.vuavuive.backend.modules.auth.AuthController#getMe()
2026-06-29T15:27:54.198+07:00 DEBUG 33844 --- [nio-3000-exec-4] o.s.w.s.m.m.a.HttpEntityMethodProcessor  : Using 'application/json', given [*/*] and supported [application/json, application/*+json]
2026-06-29T15:27:54.199+07:00 DEBUG 33844 --- [nio-3000-exec-4] o.s.w.s.m.m.a.HttpEntityMethodProcessor  : Writing [ApiResponse(success=true, message=Lấy thông tin người dùng thành công, data=UserResponse[id=22f857f6 (truncated)...]
2026-06-29T15:27:54.199+07:00 DEBUG 33844 --- [nio-3000-exec-4] o.s.web.servlet.DispatcherServlet        : Completed 200 OK
2026-06-29T15:27:54.996+07:00 DEBUG 33844 --- [nio-3000-exec-3] o.s.web.servlet.DispatcherServlet        : GET "/images/recipes/recipe_canh_bau.png", parameters={}
2026-06-29T15:27:54.998+07:00 DEBUG 33844 --- [nio-3000-exec-3] o.s.w.s.handler.SimpleUrlHandlerMapping  : Mapped to ResourceHttpRequestHandler [classpath [META-INF/resources/], classpath [resources/], classpath [static/], classpath [public/], ServletContext [/]]
2026-06-29T15:27:55.086+07:00 DEBUG 33844 --- [nio-3000-exec-3] o.s.web.servlet.DispatcherServlet        : Completed 200 OK
2026-06-29T15:28:14.553+07:00 DEBUG 33844 --- [nio-3000-exec-5] v.v.backend.security.JwtAuthFilter       : JWT hợp lệ — Đã xác thực user: customer@gmail.com
2026-06-29T15:28:14.554+07:00 DEBUG 33844 --- [nio-3000-exec-5] o.s.web.servlet.DispatcherServlet        : GET "/api/orders/me?page=1&limit=20", parameters={masked}
2026-06-29T15:28:14.554+07:00 DEBUG 33844 --- [nio-3000-exec-5] s.w.s.m.m.a.RequestMappingHandlerMapping : Mapped to vn.vuavuive.backend.modules.order.OrderController#getMyOrders(String, int, Integer, Integer)
2026-06-29T15:28:14.558+07:00 DEBUG 33844 --- [nio-3000-exec-8] v.v.backend.security.JwtAuthFilter       : JWT hợp lệ — Đã xác thực user: customer@gmail.com
2026-06-29T15:28:14.558+07:00 DEBUG 33844 --- [nio-3000-exec-8] o.s.web.servlet.DispatcherServlet        : GET "/api/orders/me?page=1&limit=20", parameters={masked}
2026-06-29T15:28:14.559+07:00 DEBUG 33844 --- [nio-3000-exec-8] s.w.s.m.m.a.RequestMappingHandlerMapping : Mapped to vn.vuavuive.backend.modules.order.OrderController#getMyOrders(String, int, Integer, Integer)
2026-06-29T15:28:19.597+07:00 DEBUG 33844 --- [nio-3000-exec-8] o.s.w.s.m.m.a.HttpEntityMethodProcessor  : Using 'application/json', given [*/*] and supported [application/json, application/*+json]
2026-06-29T15:28:19.597+07:00 DEBUG 33844 --- [nio-3000-exec-8] o.s.w.s.m.m.a.HttpEntityMethodProcessor  : Writing [ApiResponse(success=true, message=Thao tác thành công, data=[OrderResponse[orderId=4279a053-45cc-445 (truncated)...]
2026-06-29T15:28:19.597+07:00 DEBUG 33844 --- [nio-3000-exec-8] o.s.web.servlet.DispatcherServlet        : Completed 200 OK
2026-06-29T15:28:19.831+07:00 DEBUG 33844 --- [nio-3000-exec-5] o.s.w.s.m.m.a.HttpEntityMethodProcessor  : Using 'application/json', given [*/*] and supported [application/json, application/*+json]
2026-06-29T15:28:19.832+07:00 DEBUG 33844 --- [nio-3000-exec-5] o.s.w.s.m.m.a.HttpEntityMethodProcessor  : Writing [ApiResponse(success=true, message=Thao tác thành công, data=[OrderResponse[orderId=4279a053-45cc-445 (truncated)...]
2026-06-29T15:28:19.834+07:00 DEBUG 33844 --- [nio-3000-exec-5] o.s.web.servlet.DispatcherServlet        : Completed 200 OK
2026-06-29T15:31:10.162+07:00 DEBUG 33844 --- [nio-3000-exec-8] o.s.web.servlet.DispatcherServlet        : GET "/api/auth/me", parameters={}
2026-06-29T15:31:10.162+07:00 DEBUG 33844 --- [nio-3000-exec-8] s.w.s.m.m.a.RequestMappingHandlerMapping : Mapped to vn.vuavuive.backend.modules.auth.AuthController#getMe()
2026-06-29T15:31:10.164+07:00 DEBUG 33844 --- [nio-3000-exec-8] .m.m.a.ExceptionHandlerExceptionResolver : Using @ExceptionHandler vn.vuavuive.backend.exception.GlobalExceptionHandler#handleAppException(AppException)
2026-06-29T15:31:10.164+07:00  WARN 33844 --- [nio-3000-exec-8] v.v.b.exception.GlobalExceptionHandler   : AppException: 401 UNAUTHORIZED - Chưa đăng nhập
2026-06-29T15:31:10.165+07:00 DEBUG 33844 --- [nio-3000-exec-8] o.s.w.s.m.m.a.HttpEntityMethodProcessor  : Using 'application/json', given [*/*] and supported [application/json, application/*+json]
2026-06-29T15:31:10.165+07:00 DEBUG 33844 --- [nio-3000-exec-8] o.s.w.s.m.m.a.HttpEntityMethodProcessor  : Writing [ErrorResponse[status=401, message=Chưa đăng nhập, errors=null, timestamp=2026-06-29T15:31:10.1654613 (truncated)...]
2026-06-29T15:31:10.166+07:00 DEBUG 33844 --- [nio-3000-exec-8] .m.m.a.ExceptionHandlerExceptionResolver : Resolved [vn.vuavuive.backend.exception.AppException: Chưa đăng nhập]
2026-06-29T15:31:10.166+07:00 DEBUG 33844 --- [nio-3000-exec-8] o.s.web.servlet.DispatcherServlet        : Completed 401 UNAUTHORIZED
2026-06-29T15:32:49.327+07:00 DEBUG 33844 --- [nio-3000-exec-6] v.v.backend.security.JwtAuthFilter       : JWT hợp lệ — Đã xác thực user: customer@gmail.com
2026-06-29T15:32:49.328+07:00 DEBUG 33844 --- [nio-3000-exec-6] o.s.web.servlet.DispatcherServlet        : POST "/api/auth/login", parameters={}
2026-06-29T15:32:49.328+07:00 DEBUG 33844 --- [nio-3000-exec-6] s.w.s.m.m.a.RequestMappingHandlerMapping : Mapped to vn.vuavuive.backend.modules.auth.AuthController#login(LoginRequest, HttpServletResponse)
2026-06-29T15:32:49.329+07:00 DEBUG 33844 --- [nio-3000-exec-6] m.m.a.RequestResponseBodyMethodProcessor : Read "application/json;charset=UTF-8" to [LoginRequest[identifier=customer@gmail.com, password=Customer@123]]
2026-06-29T15:32:50.357+07:00 DEBUG 33844 --- [nio-3000-exec-6] o.s.w.s.m.m.a.HttpEntityMethodProcessor  : Using 'application/json', given [*/*] and supported [application/json, application/*+json]
2026-06-29T15:32:50.358+07:00 DEBUG 33844 --- [nio-3000-exec-6] o.s.w.s.m.m.a.HttpEntityMethodProcessor  : Writing [ApiResponse(success=true, message=Đăng nhập thành công, data=UserResponse[id=22f857f6-079e-44ef-b9eb (truncated)...]
2026-06-29T15:32:50.358+07:00 DEBUG 33844 --- [nio-3000-exec-6] o.s.web.servlet.DispatcherServlet        : Completed 200 OK
2026-06-29T15:32:50.733+07:00 DEBUG 33844 --- [nio-3000-exec-1] v.v.backend.security.JwtAuthFilter       : JWT hợp lệ — Đã xác thực user: customer@gmail.com
2026-06-29T15:32:50.734+07:00 DEBUG 33844 --- [nio-3000-exec-1] o.s.web.servlet.DispatcherServlet        : GET "/api/auth/me", parameters={}
2026-06-29T15:32:50.734+07:00 DEBUG 33844 --- [nio-3000-exec-1] s.w.s.m.m.a.RequestMappingHandlerMapping : Mapped to vn.vuavuive.backend.modules.auth.AuthController#getMe()
2026-06-29T15:32:50.987+07:00 DEBUG 33844 --- [nio-3000-exec-1] o.s.w.s.m.m.a.HttpEntityMethodProcessor  : Using 'application/json', given [*/*] and supported [application/json, application/*+json]
2026-06-29T15:32:50.988+07:00 DEBUG 33844 --- [nio-3000-exec-1] o.s.w.s.m.m.a.HttpEntityMethodProcessor  : Writing [ApiResponse(success=true, message=Lấy thông tin người dùng thành công, data=UserResponse[id=22f857f6 (truncated)...]
2026-06-29T15:32:50.988+07:00 DEBUG 33844 --- [nio-3000-exec-1] o.s.web.servlet.DispatcherServlet        : Completed 200 OK
2026-06-29T15:38:44.794+07:00 DEBUG 33844 --- [io-3000-exec-10] v.v.backend.security.JwtAuthFilter       : JWT hợp lệ — Đã xác thực user: customer@gmail.com
2026-06-29T15:38:44.798+07:00 DEBUG 33844 --- [io-3000-exec-10] o.s.web.servlet.DispatcherServlet        : GET "/api/orders/me?page=1&limit=20", parameters={masked}
2026-06-29T15:38:44.798+07:00 DEBUG 33844 --- [io-3000-exec-10] s.w.s.m.m.a.RequestMappingHandlerMapping : Mapped to vn.vuavuive.backend.modules.order.OrderController#getMyOrders(String, int, Integer, Integer)
2026-06-29T15:38:44.843+07:00 DEBUG 33844 --- [nio-3000-exec-7] v.v.backend.security.JwtAuthFilter       : JWT hợp lệ — Đã xác thực user: customer@gmail.com
2026-06-29T15:38:44.843+07:00 DEBUG 33844 --- [nio-3000-exec-7] o.s.web.servlet.DispatcherServlet        : GET "/api/orders/me?page=1&limit=20", parameters={masked}
2026-06-29T15:38:44.845+07:00 DEBUG 33844 --- [nio-3000-exec-7] s.w.s.m.m.a.RequestMappingHandlerMapping : Mapped to vn.vuavuive.backend.modules.order.OrderController#getMyOrders(String, int, Integer, Integer)
2026-06-29T15:38:50.149+07:00 DEBUG 33844 --- [io-3000-exec-10] o.s.w.s.m.m.a.HttpEntityMethodProcessor  : Using 'application/json', given [*/*] and supported [application/json, application/*+json]
2026-06-29T15:38:50.153+07:00 DEBUG 33844 --- [io-3000-exec-10] o.s.w.s.m.m.a.HttpEntityMethodProcessor  : Writing [ApiResponse(success=true, message=Thao tác thành công, data=[OrderResponse[orderId=4279a053-45cc-445 (truncated)...]
2026-06-29T15:38:50.155+07:00 DEBUG 33844 --- [io-3000-exec-10] o.s.web.servlet.DispatcherServlet        : Completed 200 OK
2026-06-29T15:38:50.291+07:00 DEBUG 33844 --- [nio-3000-exec-7] o.s.w.s.m.m.a.HttpEntityMethodProcessor  : Using 'application/json', given [*/*] and supported [application/json, application/*+json]
2026-06-29T15:38:50.291+07:00 DEBUG 33844 --- [nio-3000-exec-7] o.s.w.s.m.m.a.HttpEntityMethodProcessor  : Writing [ApiResponse(success=true, message=Thao tác thành công, data=[OrderResponse[orderId=4279a053-45cc-445 (truncated)...]
2026-06-29T15:38:50.292+07:00 DEBUG 33844 --- [nio-3000-exec-7] o.s.web.servlet.DispatcherServlet        : Completed 200 OK
2026-06-29T15:39:40.673+07:00 DEBUG 33844 --- [nio-3000-exec-2] v.v.backend.security.JwtAuthFilter       : JWT hợp lệ — Đã xác thực user: customer@gmail.com
2026-06-29T15:39:40.677+07:00 DEBUG 33844 --- [nio-3000-exec-2] o.s.web.servlet.DispatcherServlet        : GET "/api/orders/me?page=1&limit=20", parameters={masked}
2026-06-29T15:39:40.677+07:00 DEBUG 33844 --- [nio-3000-exec-2] s.w.s.m.m.a.RequestMappingHandlerMapping : Mapped to vn.vuavuive.backend.modules.order.OrderController#getMyOrders(String, int, Integer, Integer)
2026-06-29T15:39:40.679+07:00 DEBUG 33844 --- [nio-3000-exec-3] v.v.backend.security.JwtAuthFilter       : JWT hợp lệ — Đã xác thực user: customer@gmail.com
2026-06-29T15:39:40.679+07:00 DEBUG 33844 --- [nio-3000-exec-3] o.s.web.servlet.DispatcherServlet        : GET "/api/orders/me?page=1&limit=20", parameters={masked}
2026-06-29T15:39:40.679+07:00 DEBUG 33844 --- [nio-3000-exec-3] s.w.s.m.m.a.RequestMappingHandlerMapping : Mapped to vn.vuavuive.backend.modules.order.OrderController#getMyOrders(String, int, Integer, Integer)
2026-06-29T15:39:45.654+07:00 DEBUG 33844 --- [nio-3000-exec-2] o.s.w.s.m.m.a.HttpEntityMethodProcessor  : Using 'application/json', given [*/*] and supported [application/json, application/*+json]
2026-06-29T15:39:45.654+07:00 DEBUG 33844 --- [nio-3000-exec-2] o.s.w.s.m.m.a.HttpEntityMethodProcessor  : Writing [ApiResponse(success=true, message=Thao tác thành công, data=[OrderResponse[orderId=4279a053-45cc-445 (truncated)...]
2026-06-29T15:39:45.656+07:00 DEBUG 33844 --- [nio-3000-exec-2] o.s.web.servlet.DispatcherServlet        : Completed 200 OK
2026-06-29T15:39:45.838+07:00 DEBUG 33844 --- [nio-3000-exec-3] o.s.w.s.m.m.a.HttpEntityMethodProcessor  : Using 'application/json', given [*/*] and supported [application/json, application/*+json]
2026-06-29T15:39:45.840+07:00 DEBUG 33844 --- [nio-3000-exec-3] o.s.w.s.m.m.a.HttpEntityMethodProcessor  : Writing [ApiResponse(success=true, message=Thao tác thành công, data=[OrderResponse[orderId=4279a053-45cc-445 (truncated)...]
2026-06-29T15:39:45.840+07:00 DEBUG 33844 --- [nio-3000-exec-3] o.s.web.servlet.DispatcherServlet        : Completed 200 OK
2026-06-29T15:40:06.099+07:00 DEBUG 33844 --- [nio-3000-exec-4] v.v.backend.security.JwtAuthFilter       : JWT hợp lệ — Đã xác thực user: customer@gmail.com
2026-06-29T15:40:06.099+07:00 DEBUG 33844 --- [nio-3000-exec-4] o.s.web.servlet.DispatcherServlet        : POST "/api/orders", parameters={}
2026-06-29T15:40:06.099+07:00 DEBUG 33844 --- [nio-3000-exec-4] s.w.s.m.m.a.RequestMappingHandlerMapping : Mapped to vn.vuavuive.backend.modules.order.OrderController#createOrder(CreateOrderRequest, HttpServletRequest)
2026-06-29T15:40:06.101+07:00 DEBUG 33844 --- [nio-3000-exec-4] m.m.a.RequestResponseBodyMethodProcessor : Read "application/json;charset=UTF-8" to [CreateOrderRequest(items=[OrderItemRequest[productId=90000000-0000-0000-0000-000000000400, quantity= (truncated)...]
2026-06-29T15:40:08.407+07:00  INFO 33844 --- [nio-3000-exec-4] v.v.backend.modules.order.OrderService   : Đơn hàng 3eb7deca-f9e2-4ab5-8902-d1b6a252c234 đã được tạo bởi user customer@gmail.com
2026-06-29T15:40:08.806+07:00 DEBUG 33844 --- [nio-3000-exec-4] o.s.w.s.m.m.a.HttpEntityMethodProcessor  : Using 'application/json', given [*/*] and supported [application/json, application/*+json]
2026-06-29T15:40:08.808+07:00 DEBUG 33844 --- [nio-3000-exec-4] o.s.w.s.m.m.a.HttpEntityMethodProcessor  : Writing [ApiResponse(success=true, message=Thao tác thành công, data=OrderResponse[orderId=3eb7deca-f9e2-4ab5 (truncated)...]
2026-06-29T15:40:08.808+07:00 DEBUG 33844 --- [nio-3000-exec-4] o.s.web.servlet.DispatcherServlet        : Completed 201 CREATED
2026-06-29T15:40:09.057+07:00 DEBUG 33844 --- [nio-3000-exec-8] v.v.backend.security.JwtAuthFilter       : JWT hợp lệ — Đã xác thực user: customer@gmail.com
2026-06-29T15:40:09.057+07:00 DEBUG 33844 --- [nio-3000-exec-8] o.s.web.servlet.DispatcherServlet        : POST "/api/payments/zalopay", parameters={}
2026-06-29T15:40:09.057+07:00 DEBUG 33844 --- [nio-3000-exec-8] s.w.s.m.m.a.RequestMappingHandlerMapping : Mapped to vn.vuavuive.backend.modules.payment.PaymentController#createZaloPayPayment(CreateZaloPayPaymentRequest)
2026-06-29T15:40:09.062+07:00 DEBUG 33844 --- [nio-3000-exec-8] m.m.a.RequestResponseBodyMethodProcessor : Read "application/json;charset=UTF-8" to [CreateZaloPayPaymentRequest[orderId=3eb7deca-f9e2-4ab5-8902-d1b6a252c234, amount=42000.0, descriptio (truncated)...]
2026-06-29T15:40:09.986+07:00 DEBUG 33844 --- [nio-3000-exec-8] o.s.w.s.m.m.a.HttpEntityMethodProcessor  : Using 'application/json', given [*/*] and supported [application/json, application/*+json]
2026-06-29T15:40:09.996+07:00 DEBUG 33844 --- [nio-3000-exec-8] o.s.w.s.m.m.a.HttpEntityMethodProcessor  : Writing [ApiResponse(success=true, message=Thao tác thành công, data=CreateZaloPayPaymentResponse[orderId=3eb (truncated)...]
2026-06-29T15:40:09.998+07:00 DEBUG 33844 --- [nio-3000-exec-8] o.s.web.servlet.DispatcherServlet        : Completed 200 OK
2026-06-29T15:40:10.303+07:00 DEBUG 33844 --- [nio-3000-exec-5] v.v.backend.security.JwtAuthFilter       : JWT hợp lệ — Đã xác thực user: customer@gmail.com
2026-06-29T15:40:10.304+07:00 DEBUG 33844 --- [nio-3000-exec-5] o.s.web.servlet.DispatcherServlet        : GET "/api/payments/3eb7deca-f9e2-4ab5-8902-d1b6a252c234/status", parameters={}
2026-06-29T15:40:10.304+07:00 DEBUG 33844 --- [nio-3000-exec-5] s.w.s.m.m.a.RequestMappingHandlerMapping : Mapped to vn.vuavuive.backend.modules.payment.PaymentController#paymentStatus(String)
2026-06-29T15:40:11.665+07:00 DEBUG 33844 --- [nio-3000-exec-5] o.s.w.s.m.m.a.HttpEntityMethodProcessor  : Using 'application/json', given [*/*] and supported [application/json, application/*+json]
2026-06-29T15:40:11.665+07:00 DEBUG 33844 --- [nio-3000-exec-5] o.s.w.s.m.m.a.HttpEntityMethodProcessor  : Writing [ApiResponse(success=true, message=Thao tác thành công, data=PaymentStatusResponse[orderId=3eb7deca-f (truncated)...]
2026-06-29T15:40:11.665+07:00 DEBUG 33844 --- [nio-3000-exec-5] o.s.web.servlet.DispatcherServlet        : Completed 200 OK
2026-06-29T15:40:23.842+07:00 DEBUG 33844 --- [nio-3000-exec-6] v.v.backend.security.JwtAuthFilter       : JWT hợp lệ — Đã xác thực user: customer@gmail.com
2026-06-29T15:40:23.842+07:00 DEBUG 33844 --- [nio-3000-exec-6] o.s.web.servlet.DispatcherServlet        : GET "/api/payments/3eb7deca-f9e2-4ab5-8902-d1b6a252c234/status", parameters={}
2026-06-29T15:40:23.842+07:00 DEBUG 33844 --- [nio-3000-exec-6] s.w.s.m.m.a.RequestMappingHandlerMapping : Mapped to vn.vuavuive.backend.modules.payment.PaymentController#paymentStatus(String)
2026-06-29T15:40:24.837+07:00 DEBUG 33844 --- [nio-3000-exec-6] o.s.w.s.m.m.a.HttpEntityMethodProcessor  : Using 'application/json', given [*/*] and supported [application/json, application/*+json]
2026-06-29T15:40:24.837+07:00 DEBUG 33844 --- [nio-3000-exec-6] o.s.w.s.m.m.a.HttpEntityMethodProcessor  : Writing [ApiResponse(success=true, message=Thao tác thành công, data=PaymentStatusResponse[orderId=3eb7deca-f (truncated)...]
2026-06-29T15:40:24.838+07:00 DEBUG 33844 --- [nio-3000-exec-6] o.s.web.servlet.DispatcherServlet        : Completed 200 OK
2026-06-29T15:40:27.648+07:00 DEBUG 33844 --- [nio-3000-exec-1] v.v.backend.security.JwtAuthFilter       : JWT hợp lệ — Đã xác thực user: customer@gmail.com
2026-06-29T15:40:27.648+07:00 DEBUG 33844 --- [nio-3000-exec-1] o.s.web.servlet.DispatcherServlet        : POST "/api/payments/zalopay/mock-success/3eb7deca-f9e2-4ab5-8902-d1b6a252c234", parameters={}
2026-06-29T15:40:27.649+07:00 DEBUG 33844 --- [nio-3000-exec-1] s.w.s.m.m.a.RequestMappingHandlerMapping : Mapped to vn.vuavuive.backend.modules.payment.PaymentController#mockZaloPaySuccess(String)
2026-06-29T15:40:29.107+07:00 DEBUG 33844 --- [nio-3000-exec-1] o.s.w.s.m.m.a.HttpEntityMethodProcessor  : Using 'application/json', given [*/*] and supported [application/json, application/*+json]
2026-06-29T15:40:29.108+07:00 DEBUG 33844 --- [nio-3000-exec-1] o.s.w.s.m.m.a.HttpEntityMethodProcessor  : Writing [ApiResponse(success=true, message=Thao tác thành công, data={amount=42000.0, orderId=3eb7deca-f9e2-4 (truncated)...]
2026-06-29T15:40:29.108+07:00 DEBUG 33844 --- [nio-3000-exec-1] o.s.web.servlet.DispatcherServlet        : Completed 200 OK
2026-06-29T15:40:29.366+07:00 DEBUG 33844 --- [nio-3000-exec-9] v.v.backend.security.JwtAuthFilter       : JWT hợp lệ — Đã xác thực user: customer@gmail.com
2026-06-29T15:40:29.368+07:00 DEBUG 33844 --- [nio-3000-exec-9] o.s.web.servlet.DispatcherServlet        : GET "/api/payments/3eb7deca-f9e2-4ab5-8902-d1b6a252c234/status", parameters={}
2026-06-29T15:40:29.368+07:00 DEBUG 33844 --- [nio-3000-exec-9] s.w.s.m.m.a.RequestMappingHandlerMapping : Mapped to vn.vuavuive.backend.modules.payment.PaymentController#paymentStatus(String)
2026-06-29T15:40:30.365+07:00 DEBUG 33844 --- [nio-3000-exec-9] o.s.w.s.m.m.a.HttpEntityMethodProcessor  : Using 'application/json', given [*/*] and supported [application/json, application/*+json]
2026-06-29T15:40:30.366+07:00 DEBUG 33844 --- [nio-3000-exec-9] o.s.w.s.m.m.a.HttpEntityMethodProcessor  : Writing [ApiResponse(success=true, message=Thao tác thành công, data=PaymentStatusResponse[orderId=3eb7deca-f (truncated)...]
2026-06-29T15:40:30.366+07:00 DEBUG 33844 --- [nio-3000-exec-9] o.s.web.servlet.DispatcherServlet        : Completed 200 OK
2026-06-29T15:40:33.583+07:00 DEBUG 33844 --- [io-3000-exec-10] v.v.backend.security.JwtAuthFilter       : JWT hợp lệ — Đã xác thực user: customer@gmail.com
2026-06-29T15:40:33.583+07:00 DEBUG 33844 --- [io-3000-exec-10] o.s.web.servlet.DispatcherServlet        : GET "/api/orders/me?page=1&limit=20", parameters={masked}
2026-06-29T15:40:33.583+07:00 DEBUG 33844 --- [io-3000-exec-10] s.w.s.m.m.a.RequestMappingHandlerMapping : Mapped to vn.vuavuive.backend.modules.order.OrderController#getMyOrders(String, int, Integer, Integer)
2026-06-29T15:40:33.823+07:00 DEBUG 33844 --- [nio-3000-exec-7] v.v.backend.security.JwtAuthFilter       : JWT hợp lệ — Đã xác thực user: customer@gmail.com
2026-06-29T15:40:33.823+07:00 DEBUG 33844 --- [nio-3000-exec-7] o.s.web.servlet.DispatcherServlet        : GET "/api/orders/me?page=1&limit=20", parameters={masked}
2026-06-29T15:40:33.824+07:00 DEBUG 33844 --- [nio-3000-exec-7] s.w.s.m.m.a.RequestMappingHandlerMapping : Mapped to vn.vuavuive.backend.modules.order.OrderController#getMyOrders(String, int, Integer, Integer)
2026-06-29T15:40:38.934+07:00 DEBUG 33844 --- [io-3000-exec-10] o.s.w.s.m.m.a.HttpEntityMethodProcessor  : Using 'application/json', given [*/*] and supported [application/json, application/*+json]
2026-06-29T15:40:38.935+07:00 DEBUG 33844 --- [io-3000-exec-10] o.s.w.s.m.m.a.HttpEntityMethodProcessor  : Writing [ApiResponse(success=true, message=Thao tác thành công, data=[OrderResponse[orderId=3eb7deca-f9e2-4ab (truncated)...]
2026-06-29T15:40:38.937+07:00 DEBUG 33844 --- [io-3000-exec-10] o.s.web.servlet.DispatcherServlet        : Completed 200 OK
2026-06-29T15:40:39.038+07:00 DEBUG 33844 --- [nio-3000-exec-7] o.s.w.s.m.m.a.HttpEntityMethodProcessor  : Using 'application/json', given [*/*] and supported [application/json, application/*+json]
2026-06-29T15:40:39.040+07:00 DEBUG 33844 --- [nio-3000-exec-7] o.s.w.s.m.m.a.HttpEntityMethodProcessor  : Writing [ApiResponse(success=true, message=Thao tác thành công, data=[OrderResponse[orderId=3eb7deca-f9e2-4ab (truncated)...]
2026-06-29T15:40:39.040+07:00 DEBUG 33844 --- [nio-3000-exec-7] o.s.web.servlet.DispatcherServlet        : Completed 200 OK
2026-06-29T15:40:45.011+07:00 DEBUG 33844 --- [nio-3000-exec-3] v.v.backend.security.JwtAuthFilter       : JWT hợp lệ — Đã xác thực user: customer@gmail.com
2026-06-29T15:40:45.012+07:00 DEBUG 33844 --- [nio-3000-exec-3] o.s.web.servlet.DispatcherServlet        : GET "/api/orders/me?page=1&limit=20", parameters={masked}
2026-06-29T15:40:45.012+07:00 DEBUG 33844 --- [nio-3000-exec-3] s.w.s.m.m.a.RequestMappingHandlerMapping : Mapped to vn.vuavuive.backend.modules.order.OrderController#getMyOrders(String, int, Integer, Integer)
2026-06-29T15:40:45.022+07:00 DEBUG 33844 --- [nio-3000-exec-2] v.v.backend.security.JwtAuthFilter       : JWT hợp lệ — Đã xác thực user: customer@gmail.com
2026-06-29T15:40:45.023+07:00 DEBUG 33844 --- [nio-3000-exec-2] o.s.web.servlet.DispatcherServlet        : GET "/api/orders/me?page=1&limit=20", parameters={masked}
2026-06-29T15:40:45.023+07:00 DEBUG 33844 --- [nio-3000-exec-2] s.w.s.m.m.a.RequestMappingHandlerMapping : Mapped to vn.vuavuive.backend.modules.order.OrderController#getMyOrders(String, int, Integer, Integer)
2026-06-29T15:40:50.114+07:00 DEBUG 33844 --- [nio-3000-exec-3] o.s.w.s.m.m.a.HttpEntityMethodProcessor  : Using 'application/json', given [*/*] and supported [application/json, application/*+json]
2026-06-29T15:40:50.114+07:00 DEBUG 33844 --- [nio-3000-exec-3] o.s.w.s.m.m.a.HttpEntityMethodProcessor  : Writing [ApiResponse(success=true, message=Thao tác thành công, data=[OrderResponse[orderId=3eb7deca-f9e2-4ab (truncated)...]
2026-06-29T15:40:50.115+07:00 DEBUG 33844 --- [nio-3000-exec-3] o.s.web.servlet.DispatcherServlet        : Completed 200 OK
2026-06-29T15:40:50.309+07:00 DEBUG 33844 --- [nio-3000-exec-2] o.s.w.s.m.m.a.HttpEntityMethodProcessor  : Using 'application/json', given [*/*] and supported [application/json, application/*+json]
2026-06-29T15:40:50.310+07:00 DEBUG 33844 --- [nio-3000-exec-2] o.s.w.s.m.m.a.HttpEntityMethodProcessor  : Writing [ApiResponse(success=true, message=Thao tác thành công, data=[OrderResponse[orderId=3eb7deca-f9e2-4ab (truncated)...]
2026-06-29T15:40:50.310+07:00 DEBUG 33844 --- [nio-3000-exec-2] o.s.web.servlet.DispatcherServlet        : Completed 200 OK
2026-06-29T15:48:30.943+07:00  INFO 33844 --- [essageBroker-20] o.s.w.s.c.WebSocketMessageBrokerStats    : WebSocketSession[0 current WS(0)-HttpStream(0)-HttpPoll(0), 0 total, 0 closed abnormally (0 connect failure, 0 send limit, 0 transport error)], stompSubProtocol[processed CONNECT(0)-CONNECTED(0)-DISCONNECT(0)], stompBrokerRelay[null], inboundChannel[pool size = 0, active threads = 0, queued tasks = 0, completed tasks = 0], outboundChannel[pool size = 0, active threads = 0, queued tasks = 0, completed tasks = 0], sockJsScheduler[pool size = 24, active threads = 1, queued tasks = 1, completed tasks = 32]
2026-06-29T16:18:30.958+07:00  INFO 33844 --- [MessageBroker-5] o.s.w.s.c.WebSocketMessageBrokerStats    : WebSocketSession[0 current WS(0)-HttpStream(0)-HttpPoll(0), 0 total, 0 closed abnormally (0 connect failure, 0 send limit, 0 transport error)], stompSubProtocol[processed CONNECT(0)-CONNECTED(0)-DISCONNECT(0)], stompBrokerRelay[null], inboundChannel[pool size = 0, active threads = 0, queued tasks = 0, completed tasks = 0], outboundChannel[pool size = 0, active threads = 0, queued tasks = 0, completed tasks = 0], sockJsScheduler[pool size = 24, active threads = 1, queued tasks = 1, completed tasks = 63]
2026-06-29T16:48:30.970+07:00  INFO 33844 --- [essageBroker-17] o.s.w.s.c.WebSocketMessageBrokerStats    : WebSocketSession[0 current WS(0)-HttpStream(0)-HttpPoll(0), 0 total, 0 closed abnormally (0 connect failure, 0 send limit, 0 transport error)], stompSubProtocol[processed CONNECT(0)-CONNECTED(0)-DISCONNECT(0)], stompBrokerRelay[null], inboundChannel[pool size = 0, active threads = 0, queued tasks = 0, completed tasks = 0], outboundChannel[pool size = 0, active threads = 0, queued tasks = 0, completed tasks = 0], sockJsScheduler[pool size = 24, active threads = 1, queued tasks = 1, completed tasks = 93]
2026-06-29T17:18:30.980+07:00  INFO 33844 --- [essageBroker-22] o.s.w.s.c.WebSocketMessageBrokerStats    : WebSocketSession[0 current WS(0)-HttpStream(0)-HttpPoll(0), 0 total, 0 closed abnormally (0 connect failure, 0 send limit, 0 transport error)], stompSubProtocol[processed CONNECT(0)-CONNECTED(0)-DISCONNECT(0)], stompBrokerRelay[null], inboundChannel[pool size = 0, active threads = 0, queued tasks = 0, completed tasks = 0], outboundChannel[pool size = 0, active threads = 0, queued tasks = 0, completed tasks = 0], sockJsScheduler[pool size = 24, active threads = 1, queued tasks = 1, completed tasks = 124]
2026-06-29T17:48:30.984+07:00  INFO 33844 --- [MessageBroker-8] o.s.w.s.c.WebSocketMessageBrokerStats    : WebSocketSession[0 current WS(0)-HttpStream(0)-HttpPoll(0), 0 total, 0 closed abnormally (0 connect failure, 0 send limit, 0 transport error)], stompSubProtocol[processed CONNECT(0)-CONNECTED(0)-DISCONNECT(0)], stompBrokerRelay[null], inboundChannel[pool size = 0, active threads = 0, queued tasks = 0, completed tasks = 0], outboundChannel[pool size = 0, active threads = 0, queued tasks = 0, completed tasks = 0], sockJsScheduler[pool size = 24, active threads = 1, queued tasks = 1, completed tasks = 155]
2026-06-29T18:18:31.001+07:00  INFO 33844 --- [MessageBroker-4] o.s.w.s.c.WebSocketMessageBrokerStats    : WebSocketSession[0 current WS(0)-HttpStream(0)-HttpPoll(0), 0 total, 0 closed abnormally (0 connect failure, 0 send limit, 0 transport error)], stompSubProtocol[processed CONNECT(0)-CONNECTED(0)-DISCONNECT(0)], stompBrokerRelay[null], inboundChannel[pool size = 0, active threads = 0, queued tasks = 0, completed tasks = 0], outboundChannel[pool size = 0, active threads = 0, queued tasks = 0, completed tasks = 0], sockJsScheduler[pool size = 24, active threads = 1, queued tasks = 1, completed tasks = 185]
2026-06-29T18:48:31.005+07:00  INFO 33844 --- [essageBroker-13] o.s.w.s.c.WebSocketMessageBrokerStats    : WebSocketSession[0 current WS(0)-HttpStream(0)-HttpPoll(0), 0 total, 0 closed abnormally (0 connect failure, 0 send limit, 0 transport error)], stompSubProtocol[processed CONNECT(0)-CONNECTED(0)-DISCONNECT(0)], stompBrokerRelay[null], inboundChannel[pool size = 0, active threads = 0, queued tasks = 0, completed tasks = 0], outboundChannel[pool size = 0, active threads = 0, queued tasks = 0, completed tasks = 0], sockJsScheduler[pool size = 24, active threads = 1, queued tasks = 1, completed tasks = 216]
2026-06-29T19:18:31.036+07:00  INFO 33844 --- [MessageBroker-4] o.s.w.s.c.WebSocketMessageBrokerStats    : WebSocketSession[0 current WS(0)-HttpStream(0)-HttpPoll(0), 0 total, 0 closed abnormally (0 connect failure, 0 send limit, 0 transport error)], stompSubProtocol[processed CONNECT(0)-CONNECTED(0)-DISCONNECT(0)], stompBrokerRelay[null], inboundChannel[pool size = 0, active threads = 0, queued tasks = 0, completed tasks = 0], outboundChannel[pool size = 0, active threads = 0, queued tasks = 0, completed tasks = 0], sockJsScheduler[pool size = 24, active threads = 1, queued tasks = 1, completed tasks = 246]
2026-06-29T19:48:31.062+07:00  INFO 33844 --- [essageBroker-17] o.s.w.s.c.WebSocketMessageBrokerStats    : WebSocketSession[0 current WS(0)-HttpStream(0)-HttpPoll(0), 0 total, 0 closed abnormally (0 connect failure, 0 send limit, 0 transport error)], stompSubProtocol[processed CONNECT(0)-CONNECTED(0)-DISCONNECT(0)], stompBrokerRelay[null], inboundChannel[pool size = 0, active threads = 0, queued tasks = 0, completed tasks = 0], outboundChannel[pool size = 0, active threads = 0, queued tasks = 0, completed tasks = 0], sockJsScheduler[pool size = 24, active threads = 1, queued tasks = 1, completed tasks = 277]
