=======================================================
   KHOI DONG VUAVUIVE BACKEND - PORT FORWARD
=======================================================
[+] Kiem tra thiet bi dang ket noi...
[+] Da phat hien thiet bi/may ao dang chay san.
[+] Dang kich hoat dung luong tu dong reverse port 3000...

[+] Kiem tra Java:
[adb] Dang cho thiet bi... 
[+][adb] Da reverse port 3000 thanh cong!

Public base URL (ngrok): 
MoMo mock mode: true
[+] Dang khoi dong Spring Boot...
[INFO] Scanning for projects...
[INFO] 
[INFO] ------------------------< vn.vuavuive:backend >-------------------------
[INFO] Building Vựa Vui Vẻ Backend 1.0.0
[INFO]   from pom.xml
[INFO] --------------------------------[ jar ]---------------------------------
[INFO] 
[INFO] >>> spring-boot:3.3.0:run (default-cli) > test-compile @ backend >>>
[INFO] 
[INFO] --- resources:3.3.1:resources (default-resources) @ backend ---
[INFO] Copying 3 resources from src\main\resources to target\classes
[INFO] Copying 11 resources from src\main\resources to target\classes
[INFO] 
[INFO] --- compiler:3.13.0:compile (default-compile) @ backend ---
[INFO] Recompiling the module because of changed source code.
[INFO] Compiling 101 source files with javac [debug parameters release 21] to target\classes
[INFO] /E:/Nam3/TaiLieuHocKi8/APP/VuaVuiVe/app-backend/src/main/java/vn/vuavuive/backend/modules/payment/ZaloPayService.java: Some input files use unchecked or unsafe operations.
[INFO] /E:/Nam3/TaiLieuHocKi8/APP/VuaVuiVe/app-backend/src/main/java/vn/vuavuive/backend/modules/payment/ZaloPayService.java: Recompile with -Xlint:unchecked for details.
[INFO] 
[INFO] --- resources:3.3.1:testResources (default-testResources) @ backend ---
[INFO] skip non existing resourceDirectory E:\Nam3\TaiLieuHocKi8\APP\VuaVuiVe\app-backend\src\test\resources
[INFO] 
[INFO] --- compiler:3.13.0:testCompile (default-testCompile) @ backend ---
[INFO] No sources to compile
[INFO] 
[INFO] <<< spring-boot:3.3.0:run (default-cli) < test-compile @ backend <<<
[INFO] 
[INFO] 
[INFO] --- spring-boot:3.3.0:run (default-cli) @ backend ---
[INFO] Attaching agents: []
  .   ____          _            __ _ _
 /\\ / ___'_ __ _ _(_)_ __  __ _ \ \ \ \
( ( )\___ | '_ | '_| | '_ \/ _` | \ \ \ \
 \\/  ___)| |_)| | | | | || (_| |  ) ) ) )
  '  |____| .__|_| |_|_| |_\__, | / / / /
 =========|_|==============|___/=/_/_/_/

 :: Spring Boot ::                (v3.3.0)

2026-06-29T14:44:12.923+07:00  INFO 31484 --- [           main] v.v.backend.VuaVuiVeBackendApplication   : Starting VuaVuiVeBackendApplication using Java 21.0.11 with PID 31484 (E:\Nam3\TaiLieuHocKi8\APP\VuaVuiVe\app-backend\target\classes started by ADMIN in E:\Nam3\TaiLieuHocKi8\APP\VuaVuiVe\app-backend)
2026-06-29T14:44:12.925+07:00 DEBUG 31484 --- [           main] v.v.backend.VuaVuiVeBackendApplication   : Running with Spring Boot v3.3.0, Spring v6.1.8
2026-06-29T14:44:12.925+07:00  INFO 31484 --- [           main] v.v.backend.VuaVuiVeBackendApplication   : The following 1 profile is active: "dev"
2026-06-29T14:44:14.248+07:00  INFO 31484 --- [           main] o.s.b.w.embedded.tomcat.TomcatWebServer  : Tomcat initialized with port 3000 (http)
2026-06-29T14:44:14.264+07:00  INFO 31484 --- [           main] o.apache.catalina.core.StandardService   : Starting service [Tomcat]
2026-06-29T14:44:14.264+07:00  INFO 31484 --- [           main] o.apache.catalina.core.StandardEngine    : Starting Servlet engine: [Apache Tomcat/10.1.24]
2026-06-29T14:44:14.340+07:00  INFO 31484 --- [           main] o.a.c.c.C.[Tomcat].[localhost].[/]       : Initializing Spring embedded WebApplicationContext
2026-06-29T14:44:14.340+07:00  INFO 31484 --- [           main] w.s.c.ServletWebServerApplicationContext : Root WebApplicationContext: initialization completed in 1362 ms
2026-06-29T14:44:14.581+07:00  INFO 31484 --- [           main] v.v.b.core.FirebaseRepositoryHelper      : Initialized REST-based FirebaseRepositoryHelper with URL: https://vua-vui-ve-default-rtdb.firebaseio.com
2026-06-29T14:44:14.638+07:00 DEBUG 31484 --- [           main] v.v.backend.security.JwtAuthFilter       : Filter 'jwtAuthFilter' configured for use
2026-06-29T14:44:14.795+07:00  INFO 31484 --- [           main] eAuthenticationProviderManagerConfigurer : Global AuthenticationManager configured with AuthenticationProvider bean with name authenticationProvider
2026-06-29T14:44:14.796+07:00  WARN 31484 --- [           main] r$InitializeUserDetailsManagerConfigurer : Global AuthenticationManager configured with an AuthenticationProvider bean. UserDetailsService beans will not be used for username/password login. Consider removing the AuthenticationProvider bean. Alternatively, consider using the UserDetailsService in a manually instantiated DaoAuthenticationProvider.
2026-06-29T14:44:14.957+07:00  INFO 31484 --- [           main] v.v.backend.config.FirebaseConfig        : Starting initialization of Firebase Admin SDK...
2026-06-29T14:44:15.008+07:00  INFO 31484 --- [           main] v.v.backend.config.FirebaseConfig        : Firebase Admin SDK initialized successfully for project: [DEFAULT]
2026-06-29T14:44:15.282+07:00 DEBUG 31484 --- [           main] o.s.w.s.s.s.WebSocketHandlerMapping      : Patterns [/ws, /ws/**] in 'stompWebSocketHandlerMapping'
2026-06-29T14:44:15.410+07:00 DEBUG 31484 --- [           main] s.w.s.m.m.a.RequestMappingHandlerMapping : 87 mappings in 'requestMappingHandlerMapping'
2026-06-29T14:44:15.465+07:00 DEBUG 31484 --- [           main] o.s.w.s.handler.SimpleUrlHandlerMapping  : Patterns [/webjars/**, /**, /uploads/**, /swagger-ui*/*swagger-initializer.js, /swagger-ui*/**] in 'resourceHandlerMapping'
2026-06-29T14:44:15.528+07:00  INFO 31484 --- [           main] o.s.s.web.DefaultSecurityFilterChain     : Will secure any request with [org.springframework.security.web.session.DisableEncodeUrlFilter@1e29a81a, org.springframework.security.web.context.request.async.WebAsyncManagerIntegrationFilter@7b4b8199, org.springframework.security.web.context.SecurityContextHolderFilter@1bfa3893, org.springframework.security.web.header.HeaderWriterFilter@573a078, org.springframework.web.filter.CorsFilter@4bbf20d1, org.springframework.security.web.authentication.logout.LogoutFilter@31f7eb8, vn.vuavuive.backend.security.JwtAuthFilter@7197b07f, org.springframework.security.web.savedrequest.RequestCacheAwareFilter@3d6778d5, org.springframework.security.web.servletapi.SecurityContextHolderAwareRequestFilter@278de2b2, org.springframework.security.web.authentication.AnonymousAuthenticationFilter@6fced25c, org.springframework.security.web.session.SessionManagementFilter@31ab4859, org.springframework.security.web.access.ExceptionTranslationFilter@5597ca3, org.springframework.security.web.access.intercept.AuthorizationFilter@6ac756b]
2026-06-29T14:44:15.605+07:00 DEBUG 31484 --- [           main] .WebSocketAnnotationMethodMessageHandler : 
	v.v.b.m.a.ChatController:
	
2026-06-29T14:44:15.607+07:00 DEBUG 31484 --- [           main] .WebSocketAnnotationMethodMessageHandler : 
	v.v.b.m.a.AuthController:
	
2026-06-29T14:44:15.607+07:00 DEBUG 31484 --- [           main] .WebSocketAnnotationMethodMessageHandler : 
	v.v.b.m.c.CartController:
	
2026-06-29T14:44:15.607+07:00 DEBUG 31484 --- [           main] .WebSocketAnnotationMethodMessageHandler : 
	v.v.b.m.c.CategoryController:
	
2026-06-29T14:44:15.607+07:00 DEBUG 31484 --- [           main] .WebSocketAnnotationMethodMessageHandler : 
	v.v.b.m.o.AdminOrderController:
	
2026-06-29T14:44:15.607+07:00 DEBUG 31484 --- [           main] .WebSocketAnnotationMethodMessageHandler : 
	v.v.b.m.o.AdminShipperController:
	
2026-06-29T14:44:15.607+07:00 DEBUG 31484 --- [           main] .WebSocketAnnotationMethodMessageHandler : 
	v.v.b.m.o.OrderController:
	
2026-06-29T14:44:15.607+07:00 DEBUG 31484 --- [           main] .WebSocketAnnotationMethodMessageHandler : 
	v.v.b.m.p.MomoController:
	
2026-06-29T14:44:15.607+07:00 DEBUG 31484 --- [           main] .WebSocketAnnotationMethodMessageHandler : 
	v.v.b.m.p.PaymentController:
	
2026-06-29T14:44:15.607+07:00 DEBUG 31484 --- [           main] .WebSocketAnnotationMethodMessageHandler : 
	v.v.b.m.p.ProductController:
	
2026-06-29T14:44:15.607+07:00 DEBUG 31484 --- [           main] .WebSocketAnnotationMethodMessageHandler : 
	v.v.b.m.r.RecipeController:
	
2026-06-29T14:44:15.607+07:00 DEBUG 31484 --- [           main] .WebSocketAnnotationMethodMessageHandler : 
	v.v.b.m.r.RecommendController:
	
2026-06-29T14:44:15.607+07:00 DEBUG 31484 --- [           main] .WebSocketAnnotationMethodMessageHandler : 
	v.v.b.m.r.ReviewController:
	
2026-06-29T14:44:15.607+07:00 DEBUG 31484 --- [           main] .WebSocketAnnotationMethodMessageHandler : 
	v.v.b.m.s.ShipperController:
	
2026-06-29T14:44:15.607+07:00 DEBUG 31484 --- [           main] .WebSocketAnnotationMethodMessageHandler : 
	v.v.b.m.u.UploadController:
	
2026-06-29T14:44:15.608+07:00 DEBUG 31484 --- [           main] .WebSocketAnnotationMethodMessageHandler : 
	o.s.b.a.w.s.e.BasicErrorController:
	
2026-06-29T14:44:15.608+07:00 DEBUG 31484 --- [           main] .WebSocketAnnotationMethodMessageHandler : 
	o.s.w.a.OpenApiWebMvcResource:
	
2026-06-29T14:44:15.609+07:00 DEBUG 31484 --- [           main] .WebSocketAnnotationMethodMessageHandler : 
	o.s.w.u.SwaggerWelcomeWebMvc:
	
2026-06-29T14:44:15.609+07:00 DEBUG 31484 --- [           main] .WebSocketAnnotationMethodMessageHandler : 
	o.s.w.u.SwaggerConfigResource:
	
2026-06-29T14:44:15.660+07:00 DEBUG 31484 --- [           main] s.w.s.m.m.a.RequestMappingHandlerAdapter : ControllerAdvice beans: 0 @ModelAttribute, 0 @InitBinder, 1 RequestBodyAdvice, 2 ResponseBodyAdvice
2026-06-29T14:44:15.691+07:00 DEBUG 31484 --- [           main] .m.m.a.ExceptionHandlerExceptionResolver : ControllerAdvice beans: 2 @ExceptionHandler, 2 ResponseBodyAdvice
2026-06-29T14:44:15.923+07:00  INFO 31484 --- [           main] o.s.b.w.embedded.tomcat.TomcatWebServer  : Tomcat started on port 3000 (http) with context path '/'
2026-06-29T14:44:15.926+07:00 DEBUG 31484 --- [           main] org.springframework.web.SimpLogging      : clientOutboundChannel added SubProtocolWebSocketHandler[StompSubProtocolHandler[v10.stomp, v11.stomp, v12.stomp]]
2026-06-29T14:44:15.926+07:00 DEBUG 31484 --- [           main] org.springframework.web.SimpLogging      : clientInboundChannel added WebSocketAnnotationMethodMessageHandler[prefixes=[/app/]]
2026-06-29T14:44:15.926+07:00  INFO 31484 --- [           main] o.s.m.s.b.SimpleBrokerMessageHandler     : Starting...
2026-06-29T14:44:15.926+07:00 DEBUG 31484 --- [           main] org.springframework.web.SimpLogging      : clientInboundChannel added SimpleBrokerMessageHandler [org.springframework.messaging.simp.broker.DefaultSubscriptionRegistry@2a11ae0b]
2026-06-29T14:44:15.926+07:00 DEBUG 31484 --- [           main] org.springframework.web.SimpLogging      : brokerChannel added SimpleBrokerMessageHandler [org.springframework.messaging.simp.broker.DefaultSubscriptionRegistry@2a11ae0b]
2026-06-29T14:44:15.927+07:00  INFO 31484 --- [           main] o.s.m.s.b.SimpleBrokerMessageHandler     : BrokerAvailabilityEvent[available=true, SimpleBrokerMessageHandler [org.springframework.messaging.simp.broker.DefaultSubscriptionRegistry@2a11ae0b]]
2026-06-29T14:44:15.927+07:00  INFO 31484 --- [           main] o.s.m.s.b.SimpleBrokerMessageHandler     : Started.
2026-06-29T14:44:15.928+07:00 DEBUG 31484 --- [           main] org.springframework.web.SimpLogging      : clientInboundChannel added UserDestinationMessageHandler[DefaultUserDestinationResolver[prefix=/user/]]
2026-06-29T14:44:15.928+07:00 DEBUG 31484 --- [           main] org.springframework.web.SimpLogging      : brokerChannel added UserDestinationMessageHandler[DefaultUserDestinationResolver[prefix=/user/]]
2026-06-29T14:44:15.937+07:00  INFO 31484 --- [           main] v.v.backend.VuaVuiVeBackendApplication   : Started VuaVuiVeBackendApplication in 3.46 seconds (process running for 3.819)
2026-06-29T14:44:16.338+07:00  INFO 31484 --- [nio-3000-exec-2] o.a.c.c.C.[Tomcat].[localhost].[/]       : Initializing Spring DispatcherServlet 'dispatcherServlet'
2026-06-29T14:44:16.338+07:00  INFO 31484 --- [nio-3000-exec-2] o.s.web.servlet.DispatcherServlet        : Initializing Servlet 'dispatcherServlet'
2026-06-29T14:44:16.339+07:00 DEBUG 31484 --- [nio-3000-exec-2] o.s.web.servlet.DispatcherServlet        : Detected StandardServletMultipartResolver
2026-06-29T14:44:16.339+07:00 DEBUG 31484 --- [nio-3000-exec-2] o.s.web.servlet.DispatcherServlet        : Detected AcceptHeaderLocaleResolver
2026-06-29T14:44:16.339+07:00 DEBUG 31484 --- [nio-3000-exec-2] o.s.web.servlet.DispatcherServlet        : Detected FixedThemeResolver
2026-06-29T14:44:16.340+07:00 DEBUG 31484 --- [nio-3000-exec-2] o.s.web.servlet.DispatcherServlet        : Detected org.springframework.web.servlet.view.DefaultRequestToViewNameTranslator@7b3c2ae0
2026-06-29T14:44:16.340+07:00 DEBUG 31484 --- [nio-3000-exec-2] o.s.web.servlet.DispatcherServlet        : Detected org.springframework.web.servlet.support.SessionFlashMapManager@3c346c45
2026-06-29T14:44:16.340+07:00 DEBUG 31484 --- [nio-3000-exec-2] o.s.web.servlet.DispatcherServlet        : enableLoggingRequestDetails='false': request parameters and headers will be masked to prevent unsafe logging of potentially sensitive data
2026-06-29T14:44:16.340+07:00  INFO 31484 --- [nio-3000-exec-2] o.s.web.servlet.DispatcherServlet        : Completed initialization in 1 ms
2026-06-29T14:44:16.370+07:00 DEBUG 31484 --- [nio-3000-exec-2] o.s.web.servlet.DispatcherServlet        : GET "/swagger-ui/index.html", parameters={}
2026-06-29T14:44:16.370+07:00 DEBUG 31484 --- [nio-3000-exec-1] o.s.web.servlet.DispatcherServlet        : GET "/swagger-ui/index.html", parameters={}
2026-06-29T14:44:16.373+07:00 DEBUG 31484 --- [nio-3000-exec-2] o.s.w.s.handler.SimpleUrlHandlerMapping  : Mapped to ResourceHttpRequestHandler [classpath [META-INF/resources/webjars/]]
2026-06-29T14:44:16.373+07:00 DEBUG 31484 --- [nio-3000-exec-1] o.s.w.s.handler.SimpleUrlHandlerMapping  : Mapped to ResourceHttpRequestHandler [classpath [META-INF/resources/webjars/]]
2026-06-29T14:44:16.401+07:00 DEBUG 31484 --- [nio-3000-exec-1] o.s.web.servlet.DispatcherServlet        : Completed 200 OK
2026-06-29T14:44:16.401+07:00 DEBUG 31484 --- [nio-3000-exec-2] o.s.web.servlet.DispatcherServlet        : Completed 200 OK
2026-06-29T14:44:17.824+07:00  INFO 31484 --- [           main] vn.vuavuive.backend.config.DataSeeder    : >> SEED (FORCE): Cập nhật thành công tài khoản ADMIN: admin@vuavuive.vn / Admin@123 trên Firebase RTDB
2026-06-29T14:45:15.923+07:00  INFO 31484 --- [MessageBroker-2] o.s.w.s.c.WebSocketMessageBrokerStats    : WebSocketSession[0 current WS(0)-HttpStream(0)-HttpPoll(0), 0 total, 0 closed abnormally (0 connect failure, 0 send limit, 0 transport error)], stompSubProtocol[processed CONNECT(0)-CONNECTED(0)-DISCONNECT(0)], stompBrokerRelay[null], inboundChannel[pool size = 0, active threads = 0, queued tasks = 0, completed tasks = 0], outboundChannel[pool size = 0, active threads = 0, queued tasks = 0, completed tasks = 0], sockJsScheduler[pool size = 3, active threads = 1, queued tasks = 1, completed tasks = 1]
2026-06-29T14:46:49.595+07:00 DEBUG 31484 --- [nio-3000-exec-8] o.s.web.servlet.DispatcherServlet        : POST "/api/auth/login", parameters={}
2026-06-29T14:46:49.596+07:00 DEBUG 31484 --- [nio-3000-exec-8] s.w.s.m.m.a.RequestMappingHandlerMapping : Mapped to vn.vuavuive.backend.modules.auth.AuthController#login(LoginRequest, HttpServletResponse)
2026-06-29T14:46:49.616+07:00 DEBUG 31484 --- [nio-3000-exec-8] m.m.a.RequestResponseBodyMethodProcessor : Read "application/json;charset=UTF-8" to [LoginRequest[identifier=customer@gmail.com, password=Customer@123]]
2026-06-29T14:46:51.170+07:00 DEBUG 31484 --- [nio-3000-exec-8] o.s.w.s.m.m.a.HttpEntityMethodProcessor  : Using 'application/json', given [*/*] and supported [application/json, application/*+json]
2026-06-29T14:46:51.176+07:00 DEBUG 31484 --- [nio-3000-exec-8] o.s.w.s.m.m.a.HttpEntityMethodProcessor  : Writing [ApiResponse(success=true, message=Đăng nhập thành công, data=UserResponse[id=22f857f6-079e-44ef-b9eb (truncated)...]
2026-06-29T14:46:51.178+07:00 DEBUG 31484 --- [nio-3000-exec-8] o.s.web.servlet.DispatcherServlet        : Completed 200 OK
2026-06-29T14:46:51.190+07:00 DEBUG 31484 --- [io-3000-exec-10] o.s.web.servlet.DispatcherServlet        : POST "/api/auth/admin/login", parameters={}
2026-06-29T14:46:51.190+07:00 DEBUG 31484 --- [io-3000-exec-10] s.w.s.m.m.a.RequestMappingHandlerMapping : Mapped to vn.vuavuive.backend.modules.auth.AuthController#adminLogin(LoginRequest, HttpServletResponse)
2026-06-29T14:46:51.191+07:00 DEBUG 31484 --- [io-3000-exec-10] m.m.a.RequestResponseBodyMethodProcessor : Read "application/json;charset=UTF-8" to [LoginRequest[identifier=admin@vuavuive.vn, password=Admin@123]]
2026-06-29T14:46:52.201+07:00 DEBUG 31484 --- [io-3000-exec-10] o.s.w.s.m.m.a.HttpEntityMethodProcessor  : Using 'application/json', given [*/*] and supported [application/json, application/*+json]
2026-06-29T14:46:52.201+07:00 DEBUG 31484 --- [io-3000-exec-10] o.s.w.s.m.m.a.HttpEntityMethodProcessor  : Writing [ApiResponse(success=true, message=Đăng nhập thành công, data=UserResponse[id=9c3910f4-2ce5-49a7-acb9 (truncated)...]
2026-06-29T14:46:52.201+07:00 DEBUG 31484 --- [io-3000-exec-10] o.s.web.servlet.DispatcherServlet        : Completed 200 OK
2026-06-29T14:46:52.204+07:00 DEBUG 31484 --- [nio-3000-exec-3] o.s.web.servlet.DispatcherServlet        : POST "/api/auth/shipper/login", parameters={}
2026-06-29T14:46:52.204+07:00 DEBUG 31484 --- [nio-3000-exec-3] s.w.s.m.m.a.RequestMappingHandlerMapping : Mapped to vn.vuavuive.backend.modules.auth.AuthController#shipperLogin(LoginRequest, HttpServletResponse)
2026-06-29T14:46:52.205+07:00 DEBUG 31484 --- [nio-3000-exec-3] m.m.a.RequestResponseBodyMethodProcessor : Read "application/json;charset=UTF-8" to [LoginRequest[identifier=shipper@gmail.com, password=Shipper@123]]
2026-06-29T14:46:53.192+07:00 DEBUG 31484 --- [nio-3000-exec-3] o.s.w.s.m.m.a.HttpEntityMethodProcessor  : Using 'application/json', given [*/*] and supported [application/json, application/*+json]
2026-06-29T14:46:53.193+07:00 DEBUG 31484 --- [nio-3000-exec-3] o.s.w.s.m.m.a.HttpEntityMethodProcessor  : Writing [ApiResponse(success=true, message=Đăng nhập thành công, data=UserResponse[id=76adb4d4-f11d-4cdb-bd93 (truncated)...]
2026-06-29T14:46:53.194+07:00 DEBUG 31484 --- [nio-3000-exec-3] o.s.web.servlet.DispatcherServlet        : Completed 200 OK
2026-06-29T14:46:53.465+07:00 DEBUG 31484 --- [nio-3000-exec-9] v.v.backend.security.JwtAuthFilter       : JWT hợp lệ — Đã xác thực user: customer@gmail.com
2026-06-29T14:46:53.465+07:00 DEBUG 31484 --- [nio-3000-exec-9] o.s.web.servlet.DispatcherServlet        : GET "/api/products?page=1&limit=20", parameters={masked}
2026-06-29T14:46:53.465+07:00 DEBUG 31484 --- [nio-3000-exec-9] s.w.s.m.m.a.RequestMappingHandlerMapping : Mapped to vn.vuavuive.backend.modules.product.ProductController#getProducts(String, String, int, Integer, Integer, String)
2026-06-29T14:46:57.827+07:00 DEBUG 31484 --- [nio-3000-exec-9] o.s.w.s.m.m.a.HttpEntityMethodProcessor  : Using 'application/json', given [*/*] and supported [application/json, application/*+json]
2026-06-29T14:46:57.840+07:00 DEBUG 31484 --- [nio-3000-exec-9] o.s.w.s.m.m.a.HttpEntityMethodProcessor  : Writing [ApiResponse(success=true, message=Thao tác thành công, data=[ProductResponse[id=3a81dace-b224-4a3d-b (truncated)...]
2026-06-29T14:46:57.848+07:00 DEBUG 31484 --- [nio-3000-exec-9] o.s.web.servlet.DispatcherServlet        : Completed 200 OK
2026-06-29T14:46:58.145+07:00 DEBUG 31484 --- [nio-3000-exec-5] v.v.backend.security.JwtAuthFilter       : JWT hợp lệ — Đã xác thực user: admin@vuavuive.vn
2026-06-29T14:46:58.146+07:00 DEBUG 31484 --- [nio-3000-exec-5] o.s.web.servlet.DispatcherServlet        : GET "/api/admin/shippers", parameters={}
2026-06-29T14:46:58.146+07:00 DEBUG 31484 --- [nio-3000-exec-5] s.w.s.m.m.a.RequestMappingHandlerMapping : Mapped to vn.vuavuive.backend.modules.order.AdminShipperController#getShippers()
2026-06-29T14:46:58.386+07:00 DEBUG 31484 --- [nio-3000-exec-5] o.s.w.s.m.m.a.HttpEntityMethodProcessor  : Using 'application/json', given [*/*] and supported [application/json, application/*+json]
2026-06-29T14:46:58.390+07:00 DEBUG 31484 --- [nio-3000-exec-5] o.s.w.s.m.m.a.HttpEntityMethodProcessor  : Writing [ApiResponse(success=true, message=Thao tác thành công, data=[ShipperResponse[id=0uZKhK1003dh5TjAGpde (truncated)...]
2026-06-29T14:46:58.392+07:00 DEBUG 31484 --- [nio-3000-exec-5] o.s.web.servlet.DispatcherServlet        : Completed 200 OK
2026-06-29T14:47:05.403+07:00 DEBUG 31484 --- [nio-3000-exec-2] o.s.web.servlet.DispatcherServlet        : POST "/api/auth/admin/login", parameters={}
2026-06-29T14:47:05.404+07:00 DEBUG 31484 --- [nio-3000-exec-2] s.w.s.m.m.a.RequestMappingHandlerMapping : Mapped to vn.vuavuive.backend.modules.auth.AuthController#adminLogin(LoginRequest, HttpServletResponse)
2026-06-29T14:47:05.404+07:00 DEBUG 31484 --- [nio-3000-exec-2] m.m.a.RequestResponseBodyMethodProcessor : Read "application/json;charset=UTF-8" to [LoginRequest[identifier=admin@vuavuive.vn, password=Admin@123]]
2026-06-29T14:47:06.388+07:00 DEBUG 31484 --- [nio-3000-exec-2] o.s.w.s.m.m.a.HttpEntityMethodProcessor  : Using 'application/json', given [*/*] and supported [application/json, application/*+json]
2026-06-29T14:47:06.388+07:00 DEBUG 31484 --- [nio-3000-exec-2] o.s.w.s.m.m.a.HttpEntityMethodProcessor  : Writing [ApiResponse(success=true, message=Đăng nhập thành công, data=UserResponse[id=9c3910f4-2ce5-49a7-acb9 (truncated)...]
2026-06-29T14:47:06.388+07:00 DEBUG 31484 --- [nio-3000-exec-2] o.s.web.servlet.DispatcherServlet        : Completed 200 OK
2026-06-29T14:47:06.640+07:00 DEBUG 31484 --- [nio-3000-exec-1] v.v.backend.security.JwtAuthFilter       : JWT hợp lệ — Đã xác thực user: admin@vuavuive.vn
2026-06-29T14:47:06.640+07:00 DEBUG 31484 --- [nio-3000-exec-1] o.s.web.servlet.DispatcherServlet        : GET "/api/admin/shippers", parameters={}
2026-06-29T14:47:06.640+07:00 DEBUG 31484 --- [nio-3000-exec-1] s.w.s.m.m.a.RequestMappingHandlerMapping : Mapped to vn.vuavuive.backend.modules.order.AdminShipperController#getShippers()
2026-06-29T14:47:06.870+07:00 DEBUG 31484 --- [nio-3000-exec-1] o.s.w.s.m.m.a.HttpEntityMethodProcessor  : Using 'application/json', given [*/*] and supported [application/json, application/*+json]
2026-06-29T14:47:06.870+07:00 DEBUG 31484 --- [nio-3000-exec-1] o.s.w.s.m.m.a.HttpEntityMethodProcessor  : Writing [ApiResponse(success=true, message=Thao tác thành công, data=[ShipperResponse[id=0uZKhK1003dh5TjAGpde (truncated)...]
2026-06-29T14:47:06.872+07:00 DEBUG 31484 --- [nio-3000-exec-1] o.s.web.servlet.DispatcherServlet        : Completed 200 OK
2026-06-29T14:47:22.802+07:00 DEBUG 31484 --- [nio-3000-exec-7] o.s.web.servlet.DispatcherServlet        : POST "/api/auth/login", parameters={}
2026-06-29T14:47:22.802+07:00 DEBUG 31484 --- [nio-3000-exec-7] s.w.s.m.m.a.RequestMappingHandlerMapping : Mapped to vn.vuavuive.backend.modules.auth.AuthController#login(LoginRequest, HttpServletResponse)
2026-06-29T14:47:22.802+07:00 DEBUG 31484 --- [nio-3000-exec-7] m.m.a.RequestResponseBodyMethodProcessor : Read "application/json;charset=UTF-8" to [LoginRequest[identifier=customer@gmail.com, password=Customer@123]]
2026-06-29T14:47:23.851+07:00 DEBUG 31484 --- [nio-3000-exec-7] o.s.w.s.m.m.a.HttpEntityMethodProcessor  : Using 'application/json', given [*/*] and supported [application/json, application/*+json]
2026-06-29T14:47:23.851+07:00 DEBUG 31484 --- [nio-3000-exec-7] o.s.w.s.m.m.a.HttpEntityMethodProcessor  : Writing [ApiResponse(success=true, message=Đăng nhập thành công, data=UserResponse[id=22f857f6-079e-44ef-b9eb (truncated)...]
2026-06-29T14:47:23.852+07:00 DEBUG 31484 --- [nio-3000-exec-7] o.s.web.servlet.DispatcherServlet        : Completed 200 OK
2026-06-29T14:47:23.856+07:00 DEBUG 31484 --- [nio-3000-exec-8] o.s.web.servlet.DispatcherServlet        : POST "/api/auth/admin/login", parameters={}
2026-06-29T14:47:23.856+07:00 DEBUG 31484 --- [nio-3000-exec-8] s.w.s.m.m.a.RequestMappingHandlerMapping : Mapped to vn.vuavuive.backend.modules.auth.AuthController#adminLogin(LoginRequest, HttpServletResponse)
2026-06-29T14:47:23.856+07:00 DEBUG 31484 --- [nio-3000-exec-8] m.m.a.RequestResponseBodyMethodProcessor : Read "application/json;charset=UTF-8" to [LoginRequest[identifier=admin@vuavuive.vn, password=Admin@123]]
2026-06-29T14:47:24.907+07:00 DEBUG 31484 --- [nio-3000-exec-8] o.s.w.s.m.m.a.HttpEntityMethodProcessor  : Using 'application/json', given [*/*] and supported [application/json, application/*+json]
2026-06-29T14:47:24.908+07:00 DEBUG 31484 --- [nio-3000-exec-8] o.s.w.s.m.m.a.HttpEntityMethodProcessor  : Writing [ApiResponse(success=true, message=Đăng nhập thành công, data=UserResponse[id=9c3910f4-2ce5-49a7-acb9 (truncated)...]
2026-06-29T14:47:24.915+07:00 DEBUG 31484 --- [nio-3000-exec-8] o.s.web.servlet.DispatcherServlet        : Completed 200 OK
2026-06-29T14:47:24.945+07:00 DEBUG 31484 --- [io-3000-exec-10] o.s.web.servlet.DispatcherServlet        : POST "/api/auth/shipper/login", parameters={}
2026-06-29T14:47:24.946+07:00 DEBUG 31484 --- [io-3000-exec-10] s.w.s.m.m.a.RequestMappingHandlerMapping : Mapped to vn.vuavuive.backend.modules.auth.AuthController#shipperLogin(LoginRequest, HttpServletResponse)
2026-06-29T14:47:24.953+07:00 DEBUG 31484 --- [io-3000-exec-10] m.m.a.RequestResponseBodyMethodProcessor : Read "application/json;charset=UTF-8" to [LoginRequest[identifier=shipper@gmail.com, password=Shipper@123]]
2026-06-29T14:47:25.997+07:00 DEBUG 31484 --- [io-3000-exec-10] o.s.w.s.m.m.a.HttpEntityMethodProcessor  : Using 'application/json', given [*/*] and supported [application/json, application/*+json]
2026-06-29T14:47:25.997+07:00 DEBUG 31484 --- [io-3000-exec-10] o.s.w.s.m.m.a.HttpEntityMethodProcessor  : Writing [ApiResponse(success=true, message=Đăng nhập thành công, data=UserResponse[id=76adb4d4-f11d-4cdb-bd93 (truncated)...]
2026-06-29T14:47:25.997+07:00 DEBUG 31484 --- [io-3000-exec-10] o.s.web.servlet.DispatcherServlet        : Completed 200 OK
2026-06-29T14:47:26.243+07:00 DEBUG 31484 --- [nio-3000-exec-3] v.v.backend.security.JwtAuthFilter       : JWT hợp lệ — Đã xác thực user: customer@gmail.com
2026-06-29T14:47:26.245+07:00 DEBUG 31484 --- [nio-3000-exec-3] o.s.web.servlet.DispatcherServlet        : GET "/api/products?page=1&limit=20", parameters={masked}
2026-06-29T14:47:26.245+07:00 DEBUG 31484 --- [nio-3000-exec-3] s.w.s.m.m.a.RequestMappingHandlerMapping : Mapped to vn.vuavuive.backend.modules.product.ProductController#getProducts(String, String, int, Integer, Integer, String)
2026-06-29T14:47:30.484+07:00 DEBUG 31484 --- [nio-3000-exec-3] o.s.w.s.m.m.a.HttpEntityMethodProcessor  : Using 'application/json', given [*/*] and supported [application/json, application/*+json]
2026-06-29T14:47:30.485+07:00 DEBUG 31484 --- [nio-3000-exec-3] o.s.w.s.m.m.a.HttpEntityMethodProcessor  : Writing [ApiResponse(success=true, message=Thao tác thành công, data=[ProductResponse[id=3a81dace-b224-4a3d-b (truncated)...]
2026-06-29T14:47:30.485+07:00 DEBUG 31484 --- [nio-3000-exec-3] o.s.web.servlet.DispatcherServlet        : Completed 200 OK
2026-06-29T14:47:30.768+07:00 DEBUG 31484 --- [nio-3000-exec-9] v.v.backend.security.JwtAuthFilter       : JWT hợp lệ — Đã xác thực user: admin@vuavuive.vn
2026-06-29T14:47:30.768+07:00 DEBUG 31484 --- [nio-3000-exec-9] o.s.web.servlet.DispatcherServlet        : GET "/api/admin/shippers", parameters={}
2026-06-29T14:47:30.768+07:00 DEBUG 31484 --- [nio-3000-exec-9] s.w.s.m.m.a.RequestMappingHandlerMapping : Mapped to vn.vuavuive.backend.modules.order.AdminShipperController#getShippers()
2026-06-29T14:47:31.003+07:00 DEBUG 31484 --- [nio-3000-exec-9] o.s.w.s.m.m.a.HttpEntityMethodProcessor  : Using 'application/json', given [*/*] and supported [application/json, application/*+json]
2026-06-29T14:47:31.004+07:00 DEBUG 31484 --- [nio-3000-exec-9] o.s.w.s.m.m.a.HttpEntityMethodProcessor  : Writing [ApiResponse(success=true, message=Thao tác thành công, data=[ShipperResponse[id=0uZKhK1003dh5TjAGpde (truncated)...]
2026-06-29T14:47:31.004+07:00 DEBUG 31484 --- [nio-3000-exec-9] o.s.web.servlet.DispatcherServlet        : Completed 200 OK
2026-06-29T14:47:31.297+07:00 DEBUG 31484 --- [nio-3000-exec-5] v.v.backend.security.JwtAuthFilter       : JWT hợp lệ — Đã xác thực user: customer@gmail.com
2026-06-29T14:47:31.297+07:00 DEBUG 31484 --- [nio-3000-exec-5] o.s.web.servlet.DispatcherServlet        : GET "/api/auth/me", parameters={}
2026-06-29T14:47:31.297+07:00 DEBUG 31484 --- [nio-3000-exec-5] s.w.s.m.m.a.RequestMappingHandlerMapping : Mapped to vn.vuavuive.backend.modules.auth.AuthController#getMe()
2026-06-29T14:47:31.536+07:00 DEBUG 31484 --- [nio-3000-exec-5] o.s.w.s.m.m.a.HttpEntityMethodProcessor  : Using 'application/json', given [*/*] and supported [application/json, application/*+json]
2026-06-29T14:47:31.536+07:00 DEBUG 31484 --- [nio-3000-exec-5] o.s.w.s.m.m.a.HttpEntityMethodProcessor  : Writing [ApiResponse(success=true, message=Lấy thông tin người dùng thành công, data=UserResponse[id=22f857f6 (truncated)...]
2026-06-29T14:47:31.536+07:00 DEBUG 31484 --- [nio-3000-exec-5] o.s.web.servlet.DispatcherServlet        : Completed 200 OK
2026-06-29T14:47:31.783+07:00 DEBUG 31484 --- [nio-3000-exec-6] v.v.backend.security.JwtAuthFilter       : JWT hợp lệ — Đã xác thực user: customer@gmail.com
2026-06-29T14:47:31.783+07:00 DEBUG 31484 --- [nio-3000-exec-6] o.s.web.servlet.DispatcherServlet        : POST "/api/orders", parameters={}
2026-06-29T14:47:31.783+07:00 DEBUG 31484 --- [nio-3000-exec-6] s.w.s.m.m.a.RequestMappingHandlerMapping : Mapped to vn.vuavuive.backend.modules.order.OrderController#createOrder(CreateOrderRequest, HttpServletRequest)
2026-06-29T14:47:31.795+07:00 DEBUG 31484 --- [nio-3000-exec-6] m.m.a.RequestResponseBodyMethodProcessor : Read "application/json;charset=UTF-8" to [CreateOrderRequest(items=[OrderItemRequest[productId=50c5a84f-c596-415b-bd71-bc0d5b9a169c, quantity= (truncated)...]
2026-06-29T14:47:32.974+07:00  INFO 31484 --- [nio-3000-exec-6] v.v.backend.modules.order.OrderService   : Đơn hàng edd98dbe-eb0c-4ee2-87ca-63b8a4abff02 đã được tạo bởi user customer@gmail.com
2026-06-29T14:47:33.210+07:00 DEBUG 31484 --- [nio-3000-exec-6] o.s.w.s.m.m.a.HttpEntityMethodProcessor  : Using 'application/json', given [*/*] and supported [application/json, application/*+json]
2026-06-29T14:47:33.214+07:00 DEBUG 31484 --- [nio-3000-exec-6] o.s.w.s.m.m.a.HttpEntityMethodProcessor  : Writing [ApiResponse(success=true, message=Thao tác thành công, data=OrderResponse[orderId=edd98dbe-eb0c-4ee2 (truncated)...]
2026-06-29T14:47:33.218+07:00 DEBUG 31484 --- [nio-3000-exec-6] o.s.web.servlet.DispatcherServlet        : Completed 201 CREATED
2026-06-29T14:47:33.486+07:00 DEBUG 31484 --- [nio-3000-exec-2] v.v.backend.security.JwtAuthFilter       : JWT hợp lệ — Đã xác thực user: admin@vuavuive.vn
2026-06-29T14:47:33.486+07:00 DEBUG 31484 --- [nio-3000-exec-2] o.s.web.servlet.DispatcherServlet        : PATCH "/api/orders/edd98dbe-eb0c-4ee2-87ca-63b8a4abff02/status", parameters={}
2026-06-29T14:47:33.486+07:00 DEBUG 31484 --- [nio-3000-exec-2] s.w.s.m.m.a.RequestMappingHandlerMapping : Mapped to vn.vuavuive.backend.modules.order.OrderController#updateStatus(String, Map)
2026-06-29T14:47:33.491+07:00 DEBUG 31484 --- [nio-3000-exec-2] m.m.a.RequestResponseBodyMethodProcessor : Read "application/json;charset=UTF-8" to [{updatedBy=Admin Test, status=confirmed}]
2026-06-29T14:47:34.412+07:00 DEBUG 31484 --- [nio-3000-exec-2] o.s.w.s.m.m.a.HttpEntityMethodProcessor  : Using 'application/json', given [*/*] and supported [application/json, application/*+json]
2026-06-29T14:47:34.412+07:00 DEBUG 31484 --- [nio-3000-exec-2] o.s.w.s.m.m.a.HttpEntityMethodProcessor  : Writing [ApiResponse(success=true, message=Thao tác thành công, data=OrderResponse[orderId=edd98dbe-eb0c-4ee2 (truncated)...]
2026-06-29T14:47:34.413+07:00 DEBUG 31484 --- [nio-3000-exec-2] o.s.web.servlet.DispatcherServlet        : Completed 200 OK
2026-06-29T14:47:34.655+07:00 DEBUG 31484 --- [nio-3000-exec-1] v.v.backend.security.JwtAuthFilter       : JWT hợp lệ — Đã xác thực user: admin@vuavuive.vn
2026-06-29T14:47:34.655+07:00 DEBUG 31484 --- [nio-3000-exec-1] o.s.web.servlet.DispatcherServlet        : PATCH "/api/admin/orders/edd98dbe-eb0c-4ee2-87ca-63b8a4abff02/assign-shipper", parameters={}
2026-06-29T14:47:34.655+07:00 DEBUG 31484 --- [nio-3000-exec-1] s.w.s.m.m.a.RequestMappingHandlerMapping : Mapped to vn.vuavuive.backend.modules.order.AdminOrderController#assignShipper(String, Map)
2026-06-29T14:47:34.656+07:00 DEBUG 31484 --- [nio-3000-exec-1] m.m.a.RequestResponseBodyMethodProcessor : Read "application/json;charset=UTF-8" to [{shipperId=a28454d2-20df-4aa3-ada4-6a96544ae159}]
2026-06-29T14:47:35.713+07:00  INFO 31484 --- [nio-3000-exec-1] v.v.b.modules.shipper.ShipperService     : Gán shipper a28454d2-20df-4aa3-ada4-6a96544ae159 cho đơn hàng edd98dbe-eb0c-4ee2-87ca-63b8a4abff02 thành công
2026-06-29T14:47:35.719+07:00 DEBUG 31484 --- [nio-3000-exec-1] org.springframework.web.SimpLogging      : Processing MESSAGE destination=/topic/admin/orders session=null payload={"orderId":"edd98dbe-eb0c-4ee2-87ca-63b8a4abff02","message":"Đã gán tài xế...(truncated)
2026-06-29T14:47:35.958+07:00 DEBUG 31484 --- [nio-3000-exec-1] o.s.w.s.m.m.a.HttpEntityMethodProcessor  : Using 'application/json', given [*/*] and supported [application/json, application/*+json]
2026-06-29T14:47:35.958+07:00 DEBUG 31484 --- [nio-3000-exec-1] o.s.w.s.m.m.a.HttpEntityMethodProcessor  : Writing [ApiResponse(success=true, message=Thao tác thành công, data={shipperId=a28454d2-20df-4aa3-ada4-6a965 (truncated)...]
2026-06-29T14:47:35.958+07:00 DEBUG 31484 --- [nio-3000-exec-1] o.s.web.servlet.DispatcherServlet        : Completed 200 OK
2026-06-29T14:47:36.203+07:00 DEBUG 31484 --- [nio-3000-exec-4] v.v.backend.security.JwtAuthFilter       : JWT hợp lệ — Đã xác thực user: shipper@gmail.com
2026-06-29T14:47:36.203+07:00 DEBUG 31484 --- [nio-3000-exec-4] o.s.web.servlet.DispatcherServlet        : GET "/api/orders/shipper", parameters={}
2026-06-29T14:47:36.203+07:00 DEBUG 31484 --- [nio-3000-exec-4] s.w.s.m.m.a.RequestMappingHandlerMapping : Mapped to vn.vuavuive.backend.modules.order.OrderController#getShipperOrders(String, int, Integer, Integer)
2026-06-29T14:47:38.163+07:00 DEBUG 31484 --- [nio-3000-exec-4] o.s.w.s.m.m.a.HttpEntityMethodProcessor  : Using 'application/json', given [*/*] and supported [application/json, application/*+json]
2026-06-29T14:47:38.163+07:00 DEBUG 31484 --- [nio-3000-exec-4] o.s.w.s.m.m.a.HttpEntityMethodProcessor  : Writing [ApiResponse(success=true, message=Thao tác thành công, data=[OrderResponse[orderId=edd98dbe-eb0c-4ee (truncated)...]
2026-06-29T14:47:38.165+07:00 DEBUG 31484 --- [nio-3000-exec-4] o.s.web.servlet.DispatcherServlet        : Completed 200 OK
2026-06-29T14:47:38.425+07:00 DEBUG 31484 --- [nio-3000-exec-7] v.v.backend.security.JwtAuthFilter       : JWT hợp lệ — Đã xác thực user: admin@vuavuive.vn
2026-06-29T14:47:38.425+07:00 DEBUG 31484 --- [nio-3000-exec-7] o.s.web.servlet.DispatcherServlet        : PATCH "/api/orders/edd98dbe-eb0c-4ee2-87ca-63b8a4abff02/status", parameters={}
2026-06-29T14:47:38.426+07:00 DEBUG 31484 --- [nio-3000-exec-7] s.w.s.m.m.a.RequestMappingHandlerMapping : Mapped to vn.vuavuive.backend.modules.order.OrderController#updateStatus(String, Map)
2026-06-29T14:47:38.426+07:00 DEBUG 31484 --- [nio-3000-exec-7] m.m.a.RequestResponseBodyMethodProcessor : Read "application/json;charset=UTF-8" to [{updatedBy=Shipper Test, status=in_transit}]
2026-06-29T14:47:39.373+07:00 DEBUG 31484 --- [nio-3000-exec-7] o.s.w.s.m.m.a.HttpEntityMethodProcessor  : Using 'application/json', given [*/*] and supported [application/json, application/*+json]
2026-06-29T14:47:39.373+07:00 DEBUG 31484 --- [nio-3000-exec-7] o.s.w.s.m.m.a.HttpEntityMethodProcessor  : Writing [ApiResponse(success=true, message=Thao tác thành công, data=OrderResponse[orderId=edd98dbe-eb0c-4ee2 (truncated)...]
2026-06-29T14:47:39.373+07:00 DEBUG 31484 --- [nio-3000-exec-7] o.s.web.servlet.DispatcherServlet        : Completed 200 OK
2026-06-29T14:47:39.610+07:00 DEBUG 31484 --- [nio-3000-exec-8] v.v.backend.security.JwtAuthFilter       : JWT hợp lệ — Đã xác thực user: admin@vuavuive.vn
2026-06-29T14:47:39.610+07:00 DEBUG 31484 --- [nio-3000-exec-8] o.s.web.servlet.DispatcherServlet        : PATCH "/api/orders/edd98dbe-eb0c-4ee2-87ca-63b8a4abff02/status", parameters={}
2026-06-29T14:47:39.611+07:00 DEBUG 31484 --- [nio-3000-exec-8] s.w.s.m.m.a.RequestMappingHandlerMapping : Mapped to vn.vuavuive.backend.modules.order.OrderController#updateStatus(String, Map)
2026-06-29T14:47:39.612+07:00 DEBUG 31484 --- [nio-3000-exec-8] m.m.a.RequestResponseBodyMethodProcessor : Read "application/json;charset=UTF-8" to [{updatedBy=Shipper Test, status=delivered}]
2026-06-29T14:47:40.305+07:00  INFO 31484 --- [nio-3000-exec-8] v.v.backend.modules.order.OrderService   : Awarded 10 points to user customer@gmail.com for order edd98dbe-eb0c-4ee2-87ca-63b8a4abff02
2026-06-29T14:47:41.238+07:00 DEBUG 31484 --- [nio-3000-exec-8] o.s.w.s.m.m.a.HttpEntityMethodProcessor  : Using 'application/json', given [*/*] and supported [application/json, application/*+json]
2026-06-29T14:47:41.238+07:00 DEBUG 31484 --- [nio-3000-exec-8] o.s.w.s.m.m.a.HttpEntityMethodProcessor  : Writing [ApiResponse(success=true, message=Thao tác thành công, data=OrderResponse[orderId=edd98dbe-eb0c-4ee2 (truncated)...]
2026-06-29T14:47:41.239+07:00 DEBUG 31484 --- [nio-3000-exec-8] o.s.web.servlet.DispatcherServlet        : Completed 200 OK
2026-06-29T14:47:41.482+07:00 DEBUG 31484 --- [io-3000-exec-10] v.v.backend.security.JwtAuthFilter       : JWT hợp lệ — Đã xác thực user: customer@gmail.com
2026-06-29T14:47:41.482+07:00 DEBUG 31484 --- [io-3000-exec-10] o.s.web.servlet.DispatcherServlet        : GET "/api/auth/me", parameters={}
2026-06-29T14:47:41.482+07:00 DEBUG 31484 --- [io-3000-exec-10] s.w.s.m.m.a.RequestMappingHandlerMapping : Mapped to vn.vuavuive.backend.modules.auth.AuthController#getMe()
2026-06-29T14:47:41.715+07:00 DEBUG 31484 --- [io-3000-exec-10] o.s.w.s.m.m.a.HttpEntityMethodProcessor  : Using 'application/json', given [*/*] and supported [application/json, application/*+json]
2026-06-29T14:47:41.715+07:00 DEBUG 31484 --- [io-3000-exec-10] o.s.w.s.m.m.a.HttpEntityMethodProcessor  : Writing [ApiResponse(success=true, message=Lấy thông tin người dùng thành công, data=UserResponse[id=22f857f6 (truncated)...]
2026-06-29T14:47:41.715+07:00 DEBUG 31484 --- [io-3000-exec-10] o.s.web.servlet.DispatcherServlet        : Completed 200 OK
2026-06-29T14:47:41.972+07:00 DEBUG 31484 --- [nio-3000-exec-3] v.v.backend.security.JwtAuthFilter       : JWT hợp lệ — Đã xác thực user: customer@gmail.com
2026-06-29T14:47:41.973+07:00 DEBUG 31484 --- [nio-3000-exec-3] o.s.web.servlet.DispatcherServlet        : GET "/api/auth/me", parameters={}
2026-06-29T14:47:41.973+07:00 DEBUG 31484 --- [nio-3000-exec-3] s.w.s.m.m.a.RequestMappingHandlerMapping : Mapped to vn.vuavuive.backend.modules.auth.AuthController#getMe()
2026-06-29T14:47:42.217+07:00 DEBUG 31484 --- [nio-3000-exec-3] o.s.w.s.m.m.a.HttpEntityMethodProcessor  : Using 'application/json', given [*/*] and supported [application/json, application/*+json]
2026-06-29T14:47:42.217+07:00 DEBUG 31484 --- [nio-3000-exec-3] o.s.w.s.m.m.a.HttpEntityMethodProcessor  : Writing [ApiResponse(success=true, message=Lấy thông tin người dùng thành công, data=UserResponse[id=22f857f6 (truncated)...]
2026-06-29T14:47:42.217+07:00 DEBUG 31484 --- [nio-3000-exec-3] o.s.web.servlet.DispatcherServlet        : Completed 200 OK
2026-06-29T14:47:42.461+07:00 DEBUG 31484 --- [nio-3000-exec-9] v.v.backend.security.JwtAuthFilter       : JWT hợp lệ — Đã xác thực user: customer@gmail.com
2026-06-29T14:47:42.462+07:00 DEBUG 31484 --- [nio-3000-exec-9] o.s.web.servlet.DispatcherServlet        : GET "/api/products/50c5a84f-c596-415b-bd71-bc0d5b9a169c", parameters={}
2026-06-29T14:47:42.462+07:00 DEBUG 31484 --- [nio-3000-exec-9] s.w.s.m.m.a.RequestMappingHandlerMapping : Mapped to vn.vuavuive.backend.modules.product.ProductController#getProductById(String)
2026-06-29T14:47:42.924+07:00 DEBUG 31484 --- [nio-3000-exec-9] o.s.w.s.m.m.a.HttpEntityMethodProcessor  : Using 'application/json', given [*/*] and supported [application/json, application/*+json]
2026-06-29T14:47:42.925+07:00 DEBUG 31484 --- [nio-3000-exec-9] o.s.w.s.m.m.a.HttpEntityMethodProcessor  : Writing [ApiResponse(success=true, message=Thao tác thành công, data=ProductResponse[id=50c5a84f-c596-415b-bd (truncated)...]
2026-06-29T14:47:42.926+07:00 DEBUG 31484 --- [nio-3000-exec-9] o.s.web.servlet.DispatcherServlet        : Completed 200 OK
2026-06-29T14:47:43.170+07:00 DEBUG 31484 --- [nio-3000-exec-5] v.v.backend.security.JwtAuthFilter       : JWT hợp lệ — Đã xác thực user: customer@gmail.com
2026-06-29T14:47:43.170+07:00 DEBUG 31484 --- [nio-3000-exec-5] o.s.web.servlet.DispatcherServlet        : POST "/api/orders", parameters={}
2026-06-29T14:47:43.170+07:00 DEBUG 31484 --- [nio-3000-exec-5] s.w.s.m.m.a.RequestMappingHandlerMapping : Mapped to vn.vuavuive.backend.modules.order.OrderController#createOrder(CreateOrderRequest, HttpServletRequest)
2026-06-29T14:47:43.172+07:00 DEBUG 31484 --- [nio-3000-exec-5] m.m.a.RequestResponseBodyMethodProcessor : Read "application/json;charset=UTF-8" to [CreateOrderRequest(items=[OrderItemRequest[productId=50c5a84f-c596-415b-bd71-bc0d5b9a169c, quantity= (truncated)...]
2026-06-29T14:47:44.833+07:00  INFO 31484 --- [nio-3000-exec-5] v.v.backend.modules.payment.MoMoService  : MoMo create requestId=MOMO-1782719264831, orderId=140f0007-1749-44f8-86f5-92e232e4b226, amount=15000
2026-06-29T14:47:45.530+07:00  INFO 31484 --- [nio-3000-exec-5] v.v.backend.modules.order.OrderService   : Đơn hàng 140f0007-1749-44f8-86f5-92e232e4b226 đã được tạo bởi user customer@gmail.com
2026-06-29T14:47:45.762+07:00 DEBUG 31484 --- [nio-3000-exec-5] o.s.w.s.m.m.a.HttpEntityMethodProcessor  : Using 'application/json', given [*/*] and supported [application/json, application/*+json]
2026-06-29T14:47:45.762+07:00 DEBUG 31484 --- [nio-3000-exec-5] o.s.w.s.m.m.a.HttpEntityMethodProcessor  : Writing [ApiResponse(success=true, message=Thao tác thành công, data=OrderResponse[orderId=140f0007-1749-44f8 (truncated)...]
2026-06-29T14:47:45.762+07:00 DEBUG 31484 --- [nio-3000-exec-5] o.s.web.servlet.DispatcherServlet        : Completed 201 CREATED
2026-06-29T14:47:46.011+07:00 DEBUG 31484 --- [nio-3000-exec-6] v.v.backend.security.JwtAuthFilter       : JWT hợp lệ — Đã xác thực user: admin@vuavuive.vn
2026-06-29T14:47:46.011+07:00 DEBUG 31484 --- [nio-3000-exec-6] o.s.web.servlet.DispatcherServlet        : POST "/api/payments/momo/mock-success/140f0007-1749-44f8-86f5-92e232e4b226", parameters={masked}
2026-06-29T14:47:46.012+07:00 DEBUG 31484 --- [nio-3000-exec-6] s.w.s.m.m.a.RequestMappingHandlerMapping : Mapped to vn.vuavuive.backend.modules.payment.PaymentController#mockMomoSuccess(String)
2026-06-29T14:47:47.197+07:00  INFO 31484 --- [nio-3000-exec-6] v.v.backend.modules.payment.MoMoService  : MoMo mock result requestId=MOMO-1782719264831, orderId=140f0007-1749-44f8-86f5-92e232e4b226, amount=15000.0, resultCode=0
2026-06-29T14:47:47.899+07:00 DEBUG 31484 --- [nio-3000-exec-6] o.s.w.s.m.m.a.HttpEntityMethodProcessor  : Using 'application/json', given [*/*] and supported [application/json, application/*+json]
2026-06-29T14:47:47.899+07:00 DEBUG 31484 --- [nio-3000-exec-6] o.s.w.s.m.m.a.HttpEntityMethodProcessor  : Writing [ApiResponse(success=true, message=Thao tác thành công, data={amount=15000.0, orderId=140f0007-1749-4 (truncated)...]
2026-06-29T14:47:47.899+07:00 DEBUG 31484 --- [nio-3000-exec-6] o.s.web.servlet.DispatcherServlet        : Completed 200 OK
2026-06-29T14:47:48.142+07:00 DEBUG 31484 --- [nio-3000-exec-2] v.v.backend.security.JwtAuthFilter       : JWT hợp lệ — Đã xác thực user: admin@vuavuive.vn
2026-06-29T14:47:48.142+07:00 DEBUG 31484 --- [nio-3000-exec-2] o.s.web.servlet.DispatcherServlet        : PATCH "/api/admin/orders/140f0007-1749-44f8-86f5-92e232e4b226/assign-shipper", parameters={}
2026-06-29T14:47:48.142+07:00 DEBUG 31484 --- [nio-3000-exec-2] s.w.s.m.m.a.RequestMappingHandlerMapping : Mapped to vn.vuavuive.backend.modules.order.AdminOrderController#assignShipper(String, Map)
2026-06-29T14:47:48.143+07:00 DEBUG 31484 --- [nio-3000-exec-2] m.m.a.RequestResponseBodyMethodProcessor : Read "application/json;charset=UTF-8" to [{shipperId=a28454d2-20df-4aa3-ada4-6a96544ae159}]
2026-06-29T14:47:49.064+07:00  INFO 31484 --- [nio-3000-exec-2] v.v.b.modules.shipper.ShipperService     : Gán shipper a28454d2-20df-4aa3-ada4-6a96544ae159 cho đơn hàng 140f0007-1749-44f8-86f5-92e232e4b226 thành công
2026-06-29T14:47:49.064+07:00 DEBUG 31484 --- [nio-3000-exec-2] org.springframework.web.SimpLogging      : Processing MESSAGE destination=/topic/admin/orders session=null payload={"orderId":"140f0007-1749-44f8-86f5-92e232e4b226","message":"Đã gán tài xế...(truncated)
2026-06-29T14:47:49.293+07:00 DEBUG 31484 --- [nio-3000-exec-2] o.s.w.s.m.m.a.HttpEntityMethodProcessor  : Using 'application/json', given [*/*] and supported [application/json, application/*+json]
2026-06-29T14:47:49.294+07:00 DEBUG 31484 --- [nio-3000-exec-2] o.s.w.s.m.m.a.HttpEntityMethodProcessor  : Writing [ApiResponse(success=true, message=Thao tác thành công, data={shipperId=a28454d2-20df-4aa3-ada4-6a965 (truncated)...]
2026-06-29T14:47:49.294+07:00 DEBUG 31484 --- [nio-3000-exec-2] o.s.web.servlet.DispatcherServlet        : Completed 200 OK
2026-06-29T14:47:49.536+07:00 DEBUG 31484 --- [nio-3000-exec-1] v.v.backend.security.JwtAuthFilter       : JWT hợp lệ — Đã xác thực user: admin@vuavuive.vn
2026-06-29T14:47:49.536+07:00 DEBUG 31484 --- [nio-3000-exec-1] o.s.web.servlet.DispatcherServlet        : PATCH "/api/orders/140f0007-1749-44f8-86f5-92e232e4b226/status", parameters={}
2026-06-29T14:47:49.536+07:00 DEBUG 31484 --- [nio-3000-exec-1] s.w.s.m.m.a.RequestMappingHandlerMapping : Mapped to vn.vuavuive.backend.modules.order.OrderController#updateStatus(String, Map)
2026-06-29T14:47:49.537+07:00 DEBUG 31484 --- [nio-3000-exec-1] m.m.a.RequestResponseBodyMethodProcessor : Read "application/json;charset=UTF-8" to [{updatedBy=Shipper Test, status=in_transit}]
2026-06-29T14:47:50.462+07:00 DEBUG 31484 --- [nio-3000-exec-1] o.s.w.s.m.m.a.HttpEntityMethodProcessor  : Using 'application/json', given [*/*] and supported [application/json, application/*+json]
2026-06-29T14:47:50.462+07:00 DEBUG 31484 --- [nio-3000-exec-1] o.s.w.s.m.m.a.HttpEntityMethodProcessor  : Writing [ApiResponse(success=true, message=Thao tác thành công, data=OrderResponse[orderId=140f0007-1749-44f8 (truncated)...]
2026-06-29T14:47:50.463+07:00 DEBUG 31484 --- [nio-3000-exec-1] o.s.web.servlet.DispatcherServlet        : Completed 200 OK
2026-06-29T14:47:50.717+07:00 DEBUG 31484 --- [nio-3000-exec-4] v.v.backend.security.JwtAuthFilter       : JWT hợp lệ — Đã xác thực user: admin@vuavuive.vn
2026-06-29T14:47:50.718+07:00 DEBUG 31484 --- [nio-3000-exec-4] o.s.web.servlet.DispatcherServlet        : PATCH "/api/orders/140f0007-1749-44f8-86f5-92e232e4b226/status", parameters={}
2026-06-29T14:47:50.718+07:00 DEBUG 31484 --- [nio-3000-exec-4] s.w.s.m.m.a.RequestMappingHandlerMapping : Mapped to vn.vuavuive.backend.modules.order.OrderController#updateStatus(String, Map)
2026-06-29T14:47:50.719+07:00 DEBUG 31484 --- [nio-3000-exec-4] m.m.a.RequestResponseBodyMethodProcessor : Read "application/json;charset=UTF-8" to [{updatedBy=Shipper Test, status=delivered}]
2026-06-29T14:47:51.420+07:00  INFO 31484 --- [nio-3000-exec-4] v.v.backend.modules.order.OrderService   : Awarded 10 points to user customer@gmail.com for order 140f0007-1749-44f8-86f5-92e232e4b226
2026-06-29T14:47:52.350+07:00 DEBUG 31484 --- [nio-3000-exec-4] o.s.w.s.m.m.a.HttpEntityMethodProcessor  : Using 'application/json', given [*/*] and supported [application/json, application/*+json]
2026-06-29T14:47:52.350+07:00 DEBUG 31484 --- [nio-3000-exec-4] o.s.w.s.m.m.a.HttpEntityMethodProcessor  : Writing [ApiResponse(success=true, message=Thao tác thành công, data=OrderResponse[orderId=140f0007-1749-44f8 (truncated)...]
2026-06-29T14:47:52.350+07:00 DEBUG 31484 --- [nio-3000-exec-4] o.s.web.servlet.DispatcherServlet        : Completed 200 OK
2026-06-29T14:47:52.593+07:00 DEBUG 31484 --- [nio-3000-exec-7] v.v.backend.security.JwtAuthFilter       : JWT hợp lệ — Đã xác thực user: customer@gmail.com
2026-06-29T14:47:52.593+07:00 DEBUG 31484 --- [nio-3000-exec-7] o.s.web.servlet.DispatcherServlet        : GET "/api/auth/me", parameters={}
2026-06-29T14:47:52.593+07:00 DEBUG 31484 --- [nio-3000-exec-7] s.w.s.m.m.a.RequestMappingHandlerMapping : Mapped to vn.vuavuive.backend.modules.auth.AuthController#getMe()
2026-06-29T14:47:52.833+07:00 DEBUG 31484 --- [nio-3000-exec-7] o.s.w.s.m.m.a.HttpEntityMethodProcessor  : Using 'application/json', given [*/*] and supported [application/json, application/*+json]
2026-06-29T14:47:52.833+07:00 DEBUG 31484 --- [nio-3000-exec-7] o.s.w.s.m.m.a.HttpEntityMethodProcessor  : Writing [ApiResponse(success=true, message=Lấy thông tin người dùng thành công, data=UserResponse[id=22f857f6 (truncated)...]
2026-06-29T14:47:52.833+07:00 DEBUG 31484 --- [nio-3000-exec-7] o.s.web.servlet.DispatcherServlet        : Completed 200 OK
2026-06-29T14:47:53.080+07:00 DEBUG 31484 --- [nio-3000-exec-8] v.v.backend.security.JwtAuthFilter       : JWT hợp lệ — Đã xác thực user: customer@gmail.com
2026-06-29T14:47:53.080+07:00 DEBUG 31484 --- [nio-3000-exec-8] o.s.web.servlet.DispatcherServlet        : POST "/api/orders", parameters={}
2026-06-29T14:47:53.080+07:00 DEBUG 31484 --- [nio-3000-exec-8] s.w.s.m.m.a.RequestMappingHandlerMapping : Mapped to vn.vuavuive.backend.modules.order.OrderController#createOrder(CreateOrderRequest, HttpServletRequest)
2026-06-29T14:47:53.081+07:00 DEBUG 31484 --- [nio-3000-exec-8] m.m.a.RequestResponseBodyMethodProcessor : Read "application/json;charset=UTF-8" to [CreateOrderRequest(items=[OrderItemRequest[productId=50c5a84f-c596-415b-bd71-bc0d5b9a169c, quantity= (truncated)...]
2026-06-29T14:47:54.779+07:00  INFO 31484 --- [nio-3000-exec-8] v.v.backend.modules.payment.MoMoService  : MoMo create requestId=MOMO-1782719274779, orderId=849638e0-a73c-448b-b2d5-f7fb35bedb7f, amount=15000
2026-06-29T14:47:55.514+07:00  INFO 31484 --- [nio-3000-exec-8] v.v.backend.modules.order.OrderService   : Đơn hàng 849638e0-a73c-448b-b2d5-f7fb35bedb7f đã được tạo bởi user customer@gmail.com
2026-06-29T14:47:55.756+07:00 DEBUG 31484 --- [nio-3000-exec-8] o.s.w.s.m.m.a.HttpEntityMethodProcessor  : Using 'application/json', given [*/*] and supported [application/json, application/*+json]
2026-06-29T14:47:55.756+07:00 DEBUG 31484 --- [nio-3000-exec-8] o.s.w.s.m.m.a.HttpEntityMethodProcessor  : Writing [ApiResponse(success=true, message=Thao tác thành công, data=OrderResponse[orderId=849638e0-a73c-448b (truncated)...]
2026-06-29T14:47:55.757+07:00 DEBUG 31484 --- [nio-3000-exec-8] o.s.web.servlet.DispatcherServlet        : Completed 201 CREATED
2026-06-29T14:47:56.012+07:00 DEBUG 31484 --- [io-3000-exec-10] v.v.backend.security.JwtAuthFilter       : JWT hợp lệ — Đã xác thực user: admin@vuavuive.vn
2026-06-29T14:47:56.012+07:00 DEBUG 31484 --- [io-3000-exec-10] o.s.web.servlet.DispatcherServlet        : POST "/api/payments/momo/mock-fail/849638e0-a73c-448b-b2d5-f7fb35bedb7f", parameters={masked}
2026-06-29T14:47:56.013+07:00 DEBUG 31484 --- [io-3000-exec-10] s.w.s.m.m.a.RequestMappingHandlerMapping : Mapped to vn.vuavuive.backend.modules.payment.PaymentController#mockMomoFail(String)
2026-06-29T14:47:57.008+07:00  INFO 31484 --- [io-3000-exec-10] v.v.backend.modules.payment.MoMoService  : MoMo mock result requestId=MOMO-1782719274779, orderId=849638e0-a73c-448b-b2d5-f7fb35bedb7f, amount=15000.0, resultCode=1006
2026-06-29T14:47:57.753+07:00 DEBUG 31484 --- [io-3000-exec-10] o.s.w.s.m.m.a.HttpEntityMethodProcessor  : Using 'application/json', given [*/*] and supported [application/json, application/*+json]
2026-06-29T14:47:57.753+07:00 DEBUG 31484 --- [io-3000-exec-10] o.s.w.s.m.m.a.HttpEntityMethodProcessor  : Writing [ApiResponse(success=true, message=Thao tác thành công, data={amount=15000.0, orderId=849638e0-a73c-4 (truncated)...]
2026-06-29T14:47:57.754+07:00 DEBUG 31484 --- [io-3000-exec-10] o.s.web.servlet.DispatcherServlet        : Completed 200 OK
2026-06-29T14:47:58.011+07:00 DEBUG 31484 --- [nio-3000-exec-3] v.v.backend.security.JwtAuthFilter       : JWT hợp lệ — Đã xác thực user: customer@gmail.com
2026-06-29T14:47:58.011+07:00 DEBUG 31484 --- [nio-3000-exec-3] o.s.web.servlet.DispatcherServlet        : GET "/api/products/50c5a84f-c596-415b-bd71-bc0d5b9a169c", parameters={}
2026-06-29T14:47:58.011+07:00 DEBUG 31484 --- [nio-3000-exec-3] s.w.s.m.m.a.RequestMappingHandlerMapping : Mapped to vn.vuavuive.backend.modules.product.ProductController#getProductById(String)
2026-06-29T14:47:58.500+07:00 DEBUG 31484 --- [nio-3000-exec-3] o.s.w.s.m.m.a.HttpEntityMethodProcessor  : Using 'application/json', given [*/*] and supported [application/json, application/*+json]
2026-06-29T14:47:58.500+07:00 DEBUG 31484 --- [nio-3000-exec-3] o.s.w.s.m.m.a.HttpEntityMethodProcessor  : Writing [ApiResponse(success=true, message=Thao tác thành công, data=ProductResponse[id=50c5a84f-c596-415b-bd (truncated)...]
2026-06-29T14:47:58.501+07:00 DEBUG 31484 --- [nio-3000-exec-3] o.s.web.servlet.DispatcherServlet        : Completed 200 OK
2026-06-29T14:47:58.762+07:00 DEBUG 31484 --- [nio-3000-exec-9] v.v.backend.security.JwtAuthFilter       : JWT hợp lệ — Đã xác thực user: customer@gmail.com
2026-06-29T14:47:58.762+07:00 DEBUG 31484 --- [nio-3000-exec-9] o.s.web.servlet.DispatcherServlet        : GET "/api/auth/me", parameters={}
2026-06-29T14:47:58.762+07:00 DEBUG 31484 --- [nio-3000-exec-9] s.w.s.m.m.a.RequestMappingHandlerMapping : Mapped to vn.vuavuive.backend.modules.auth.AuthController#getMe()
2026-06-29T14:47:59.018+07:00 DEBUG 31484 --- [nio-3000-exec-9] o.s.w.s.m.m.a.HttpEntityMethodProcessor  : Using 'application/json', given [*/*] and supported [application/json, application/*+json]
2026-06-29T14:47:59.018+07:00 DEBUG 31484 --- [nio-3000-exec-9] o.s.w.s.m.m.a.HttpEntityMethodProcessor  : Writing [ApiResponse(success=true, message=Lấy thông tin người dùng thành công, data=UserResponse[id=22f857f6 (truncated)...]
2026-06-29T14:47:59.019+07:00 DEBUG 31484 --- [nio-3000-exec-9] o.s.web.servlet.DispatcherServlet        : Completed 200 OK
2026-06-29T14:47:59.277+07:00 DEBUG 31484 --- [nio-3000-exec-5] v.v.backend.security.JwtAuthFilter       : JWT hợp lệ — Đã xác thực user: customer@gmail.com
2026-06-29T14:47:59.277+07:00 DEBUG 31484 --- [nio-3000-exec-5] o.s.web.servlet.DispatcherServlet        : GET "/api/products/50c5a84f-c596-415b-bd71-bc0d5b9a169c", parameters={}
2026-06-29T14:47:59.278+07:00 DEBUG 31484 --- [nio-3000-exec-5] s.w.s.m.m.a.RequestMappingHandlerMapping : Mapped to vn.vuavuive.backend.modules.product.ProductController#getProductById(String)
2026-06-29T14:47:59.766+07:00 DEBUG 31484 --- [nio-3000-exec-5] o.s.w.s.m.m.a.HttpEntityMethodProcessor  : Using 'application/json', given [*/*] and supported [application/json, application/*+json]
2026-06-29T14:47:59.766+07:00 DEBUG 31484 --- [nio-3000-exec-5] o.s.w.s.m.m.a.HttpEntityMethodProcessor  : Writing [ApiResponse(success=true, message=Thao tác thành công, data=ProductResponse[id=50c5a84f-c596-415b-bd (truncated)...]
2026-06-29T14:47:59.766+07:00 DEBUG 31484 --- [nio-3000-exec-5] o.s.web.servlet.DispatcherServlet        : Completed 200 OK
2026-06-29T14:48:00.023+07:00 DEBUG 31484 --- [nio-3000-exec-6] v.v.backend.security.JwtAuthFilter       : JWT hợp lệ — Đã xác thực user: customer@gmail.com
2026-06-29T14:48:00.023+07:00 DEBUG 31484 --- [nio-3000-exec-6] o.s.web.servlet.DispatcherServlet        : POST "/api/orders", parameters={}
2026-06-29T14:48:00.023+07:00 DEBUG 31484 --- [nio-3000-exec-6] s.w.s.m.m.a.RequestMappingHandlerMapping : Mapped to vn.vuavuive.backend.modules.order.OrderController#createOrder(CreateOrderRequest, HttpServletRequest)
2026-06-29T14:48:00.025+07:00 DEBUG 31484 --- [nio-3000-exec-6] m.m.a.RequestResponseBodyMethodProcessor : Read "application/json;charset=UTF-8" to [CreateOrderRequest(items=[OrderItemRequest[productId=50c5a84f-c596-415b-bd71-bc0d5b9a169c, quantity= (truncated)...]
2026-06-29T14:48:02.517+07:00  INFO 31484 --- [nio-3000-exec-6] v.v.backend.modules.order.OrderService   : Đơn hàng 822041b6-83f2-43ed-9a55-13d1769b9cfd đã được tạo bởi user customer@gmail.com
2026-06-29T14:48:02.763+07:00 DEBUG 31484 --- [nio-3000-exec-6] o.s.w.s.m.m.a.HttpEntityMethodProcessor  : Using 'application/json', given [*/*] and supported [application/json, application/*+json]
2026-06-29T14:48:02.763+07:00 DEBUG 31484 --- [nio-3000-exec-6] o.s.w.s.m.m.a.HttpEntityMethodProcessor  : Writing [ApiResponse(success=true, message=Thao tác thành công, data=OrderResponse[orderId=822041b6-83f2-43ed (truncated)...]
2026-06-29T14:48:02.763+07:00 DEBUG 31484 --- [nio-3000-exec-6] o.s.web.servlet.DispatcherServlet        : Completed 201 CREATED
2026-06-29T14:48:03.017+07:00 DEBUG 31484 --- [nio-3000-exec-2] v.v.backend.security.JwtAuthFilter       : JWT hợp lệ — Đã xác thực user: admin@vuavuive.vn
2026-06-29T14:48:03.018+07:00 DEBUG 31484 --- [nio-3000-exec-2] o.s.web.servlet.DispatcherServlet        : POST "/api/payments/zalopay/mock-success/822041b6-83f2-43ed-9a55-13d1769b9cfd", parameters={masked}
2026-06-29T14:48:03.018+07:00 DEBUG 31484 --- [nio-3000-exec-2] s.w.s.m.m.a.RequestMappingHandlerMapping : Mapped to vn.vuavuive.backend.modules.payment.PaymentController#mockZaloPaySuccess(String)
2026-06-29T14:48:04.494+07:00 DEBUG 31484 --- [nio-3000-exec-2] o.s.w.s.m.m.a.HttpEntityMethodProcessor  : Using 'application/json', given [*/*] and supported [application/json, application/*+json]
2026-06-29T14:48:04.494+07:00 DEBUG 31484 --- [nio-3000-exec-2] o.s.w.s.m.m.a.HttpEntityMethodProcessor  : Writing [ApiResponse(success=true, message=Thao tác thành công, data={amount=15000.0, orderId=822041b6-83f2-4 (truncated)...]
2026-06-29T14:48:04.494+07:00 DEBUG 31484 --- [nio-3000-exec-2] o.s.web.servlet.DispatcherServlet        : Completed 200 OK
2026-06-29T14:48:04.751+07:00 DEBUG 31484 --- [nio-3000-exec-1] v.v.backend.security.JwtAuthFilter       : JWT hợp lệ — Đã xác thực user: admin@vuavuive.vn
2026-06-29T14:48:04.751+07:00 DEBUG 31484 --- [nio-3000-exec-1] o.s.web.servlet.DispatcherServlet        : PATCH "/api/admin/orders/822041b6-83f2-43ed-9a55-13d1769b9cfd/assign-shipper", parameters={}
2026-06-29T14:48:04.751+07:00 DEBUG 31484 --- [nio-3000-exec-1] s.w.s.m.m.a.RequestMappingHandlerMapping : Mapped to vn.vuavuive.backend.modules.order.AdminOrderController#assignShipper(String, Map)
2026-06-29T14:48:04.753+07:00 DEBUG 31484 --- [nio-3000-exec-1] m.m.a.RequestResponseBodyMethodProcessor : Read "application/json;charset=UTF-8" to [{shipperId=a28454d2-20df-4aa3-ada4-6a96544ae159}]
2026-06-29T14:48:05.703+07:00  INFO 31484 --- [nio-3000-exec-1] v.v.b.modules.shipper.ShipperService     : Gán shipper a28454d2-20df-4aa3-ada4-6a96544ae159 cho đơn hàng 822041b6-83f2-43ed-9a55-13d1769b9cfd thành công
2026-06-29T14:48:05.704+07:00 DEBUG 31484 --- [nio-3000-exec-1] org.springframework.web.SimpLogging      : Processing MESSAGE destination=/topic/admin/orders session=null payload={"orderId":"822041b6-83f2-43ed-9a55-13d1769b9cfd","message":"Đã gán tài xế...(truncated)
2026-06-29T14:48:05.937+07:00 DEBUG 31484 --- [nio-3000-exec-1] o.s.w.s.m.m.a.HttpEntityMethodProcessor  : Using 'application/json', given [*/*] and supported [application/json, application/*+json]
2026-06-29T14:48:05.937+07:00 DEBUG 31484 --- [nio-3000-exec-1] o.s.w.s.m.m.a.HttpEntityMethodProcessor  : Writing [ApiResponse(success=true, message=Thao tác thành công, data={shipperId=a28454d2-20df-4aa3-ada4-6a965 (truncated)...]
2026-06-29T14:48:05.938+07:00 DEBUG 31484 --- [nio-3000-exec-1] o.s.web.servlet.DispatcherServlet        : Completed 200 OK
2026-06-29T14:48:06.190+07:00 DEBUG 31484 --- [nio-3000-exec-4] v.v.backend.security.JwtAuthFilter       : JWT hợp lệ — Đã xác thực user: admin@vuavuive.vn
2026-06-29T14:48:06.191+07:00 DEBUG 31484 --- [nio-3000-exec-4] o.s.web.servlet.DispatcherServlet        : PATCH "/api/orders/822041b6-83f2-43ed-9a55-13d1769b9cfd/status", parameters={}
2026-06-29T14:48:06.191+07:00 DEBUG 31484 --- [nio-3000-exec-4] s.w.s.m.m.a.RequestMappingHandlerMapping : Mapped to vn.vuavuive.backend.modules.order.OrderController#updateStatus(String, Map)
2026-06-29T14:48:06.191+07:00 DEBUG 31484 --- [nio-3000-exec-4] m.m.a.RequestResponseBodyMethodProcessor : Read "application/json;charset=UTF-8" to [{updatedBy=Shipper Test, status=in_transit}]
2026-06-29T14:48:07.087+07:00 DEBUG 31484 --- [nio-3000-exec-4] o.s.w.s.m.m.a.HttpEntityMethodProcessor  : Using 'application/json', given [*/*] and supported [application/json, application/*+json]
2026-06-29T14:48:07.087+07:00 DEBUG 31484 --- [nio-3000-exec-4] o.s.w.s.m.m.a.HttpEntityMethodProcessor  : Writing [ApiResponse(success=true, message=Thao tác thành công, data=OrderResponse[orderId=822041b6-83f2-43ed (truncated)...]
2026-06-29T14:48:07.088+07:00 DEBUG 31484 --- [nio-3000-exec-4] o.s.web.servlet.DispatcherServlet        : Completed 200 OK
2026-06-29T14:48:07.335+07:00 DEBUG 31484 --- [nio-3000-exec-7] v.v.backend.security.JwtAuthFilter       : JWT hợp lệ — Đã xác thực user: admin@vuavuive.vn
2026-06-29T14:48:07.335+07:00 DEBUG 31484 --- [nio-3000-exec-7] o.s.web.servlet.DispatcherServlet        : PATCH "/api/orders/822041b6-83f2-43ed-9a55-13d1769b9cfd/status", parameters={}
2026-06-29T14:48:07.335+07:00 DEBUG 31484 --- [nio-3000-exec-7] s.w.s.m.m.a.RequestMappingHandlerMapping : Mapped to vn.vuavuive.backend.modules.order.OrderController#updateStatus(String, Map)
2026-06-29T14:48:07.337+07:00 DEBUG 31484 --- [nio-3000-exec-7] m.m.a.RequestResponseBodyMethodProcessor : Read "application/json;charset=UTF-8" to [{updatedBy=Shipper Test, status=delivered}]
2026-06-29T14:48:07.997+07:00  INFO 31484 --- [nio-3000-exec-7] v.v.backend.modules.order.OrderService   : Awarded 10 points to user customer@gmail.com for order 822041b6-83f2-43ed-9a55-13d1769b9cfd
2026-06-29T14:48:08.881+07:00 DEBUG 31484 --- [nio-3000-exec-7] o.s.w.s.m.m.a.HttpEntityMethodProcessor  : Using 'application/json', given [*/*] and supported [application/json, application/*+json]
2026-06-29T14:48:08.881+07:00 DEBUG 31484 --- [nio-3000-exec-7] o.s.w.s.m.m.a.HttpEntityMethodProcessor  : Writing [ApiResponse(success=true, message=Thao tác thành công, data=OrderResponse[orderId=822041b6-83f2-43ed (truncated)...]
2026-06-29T14:48:08.883+07:00 DEBUG 31484 --- [nio-3000-exec-7] o.s.web.servlet.DispatcherServlet        : Completed 200 OK
2026-06-29T14:48:09.120+07:00 DEBUG 31484 --- [nio-3000-exec-8] v.v.backend.security.JwtAuthFilter       : JWT hợp lệ — Đã xác thực user: customer@gmail.com
2026-06-29T14:48:09.120+07:00 DEBUG 31484 --- [nio-3000-exec-8] o.s.web.servlet.DispatcherServlet        : GET "/api/auth/me", parameters={}
2026-06-29T14:48:09.120+07:00 DEBUG 31484 --- [nio-3000-exec-8] s.w.s.m.m.a.RequestMappingHandlerMapping : Mapped to vn.vuavuive.backend.modules.auth.AuthController#getMe()
2026-06-29T14:48:09.352+07:00 DEBUG 31484 --- [nio-3000-exec-8] o.s.w.s.m.m.a.HttpEntityMethodProcessor  : Using 'application/json', given [*/*] and supported [application/json, application/*+json]
2026-06-29T14:48:09.352+07:00 DEBUG 31484 --- [nio-3000-exec-8] o.s.w.s.m.m.a.HttpEntityMethodProcessor  : Writing [ApiResponse(success=true, message=Lấy thông tin người dùng thành công, data=UserResponse[id=22f857f6 (truncated)...]
2026-06-29T14:48:09.352+07:00 DEBUG 31484 --- [nio-3000-exec-8] o.s.web.servlet.DispatcherServlet        : Completed 200 OK
2026-06-29T14:48:09.610+07:00 DEBUG 31484 --- [io-3000-exec-10] v.v.backend.security.JwtAuthFilter       : JWT hợp lệ — Đã xác thực user: customer@gmail.com
2026-06-29T14:48:09.611+07:00 DEBUG 31484 --- [io-3000-exec-10] o.s.web.servlet.DispatcherServlet        : POST "/api/orders", parameters={}
2026-06-29T14:48:09.611+07:00 DEBUG 31484 --- [io-3000-exec-10] s.w.s.m.m.a.RequestMappingHandlerMapping : Mapped to vn.vuavuive.backend.modules.order.OrderController#createOrder(CreateOrderRequest, HttpServletRequest)
2026-06-29T14:48:09.611+07:00 DEBUG 31484 --- [io-3000-exec-10] m.m.a.RequestResponseBodyMethodProcessor : Read "application/json;charset=UTF-8" to [CreateOrderRequest(items=[OrderItemRequest[productId=50c5a84f-c596-415b-bd71-bc0d5b9a169c, quantity= (truncated)...]
2026-06-29T14:48:11.841+07:00  INFO 31484 --- [io-3000-exec-10] v.v.backend.modules.order.OrderService   : Đơn hàng 26abf455-d982-41a4-8102-2420c987b256 đã được tạo bởi user customer@gmail.com
2026-06-29T14:48:12.062+07:00 DEBUG 31484 --- [io-3000-exec-10] o.s.w.s.m.m.a.HttpEntityMethodProcessor  : Using 'application/json', given [*/*] and supported [application/json, application/*+json]
2026-06-29T14:48:12.062+07:00 DEBUG 31484 --- [io-3000-exec-10] o.s.w.s.m.m.a.HttpEntityMethodProcessor  : Writing [ApiResponse(success=true, message=Thao tác thành công, data=OrderResponse[orderId=26abf455-d982-41a4 (truncated)...]
2026-06-29T14:48:12.063+07:00 DEBUG 31484 --- [io-3000-exec-10] o.s.web.servlet.DispatcherServlet        : Completed 201 CREATED
2026-06-29T14:48:12.291+07:00 DEBUG 31484 --- [nio-3000-exec-3] v.v.backend.security.JwtAuthFilter       : JWT hợp lệ — Đã xác thực user: admin@vuavuive.vn
2026-06-29T14:48:12.292+07:00 DEBUG 31484 --- [nio-3000-exec-3] o.s.web.servlet.DispatcherServlet        : POST "/api/payments/zalopay/mock-fail/26abf455-d982-41a4-8102-2420c987b256", parameters={masked}
2026-06-29T14:48:12.292+07:00 DEBUG 31484 --- [nio-3000-exec-3] s.w.s.m.m.a.RequestMappingHandlerMapping : Mapped to vn.vuavuive.backend.modules.payment.PaymentController#mockZaloPayFail(String)
2026-06-29T14:48:14.152+07:00 DEBUG 31484 --- [nio-3000-exec-3] o.s.w.s.m.m.a.HttpEntityMethodProcessor  : Using 'application/json', given [*/*] and supported [application/json, application/*+json]
2026-06-29T14:48:14.153+07:00 DEBUG 31484 --- [nio-3000-exec-3] o.s.w.s.m.m.a.HttpEntityMethodProcessor  : Writing [ApiResponse(success=true, message=Thao tác thành công, data={amount=15000.0, orderId=26abf455-d982-4 (truncated)...]
2026-06-29T14:48:14.153+07:00 DEBUG 31484 --- [nio-3000-exec-3] o.s.web.servlet.DispatcherServlet        : Completed 200 OK
2026-06-29T14:48:14.383+07:00 DEBUG 31484 --- [nio-3000-exec-9] v.v.backend.security.JwtAuthFilter       : JWT hợp lệ — Đã xác thực user: customer@gmail.com
2026-06-29T14:48:14.383+07:00 DEBUG 31484 --- [nio-3000-exec-9] o.s.web.servlet.DispatcherServlet        : GET "/api/products/50c5a84f-c596-415b-bd71-bc0d5b9a169c", parameters={}
2026-06-29T14:48:14.383+07:00 DEBUG 31484 --- [nio-3000-exec-9] s.w.s.m.m.a.RequestMappingHandlerMapping : Mapped to vn.vuavuive.backend.modules.product.ProductController#getProductById(String)
2026-06-29T14:48:14.821+07:00 DEBUG 31484 --- [nio-3000-exec-9] o.s.w.s.m.m.a.HttpEntityMethodProcessor  : Using 'application/json', given [*/*] and supported [application/json, application/*+json]
2026-06-29T14:48:14.821+07:00 DEBUG 31484 --- [nio-3000-exec-9] o.s.w.s.m.m.a.HttpEntityMethodProcessor  : Writing [ApiResponse(success=true, message=Thao tác thành công, data=ProductResponse[id=50c5a84f-c596-415b-bd (truncated)...]
2026-06-29T14:48:14.822+07:00 DEBUG 31484 --- [nio-3000-exec-9] o.s.web.servlet.DispatcherServlet        : Completed 200 OK
[INFO] ------------------------------------------------------------------------
[INFO] BUILD FAILURE
[INFO] ------------------------------------------------------------------------
[INFO] Total time:  06:14 min
[INFO] Finished at: 2026-06-29T14:49:44+07:00
[INFO] ------------------------------------------------------------------------
[ERROR] Failed to execute goal org.springframework.boot:spring-boot-maven-plugin:3.3.0:run (default-cli) on project backend: Process terminated with exit code: -1 -> [Help 1]
[ERROR] 
[ERROR] To see the full stack trace of the errors, re-run Maven with the -e switch.
[ERROR] Re-run Maven using the -X switch to enable full debug logging.
[ERROR] 
[ERROR] For more information about the errors and possible solutions, please read the following articles:
[ERROR] [Help 1] http://cwiki.apache.org/confluence/display/MAVEN/MojoExecutionException
Press any key to continue . . . 