=======================================================
   KHOI DONG VUAVUIVE BACKEND
=======================================================
[+] Kiem tra Java:

MoMo public base URL: https://lowell-intercerebral-monopodially.ngrok-free.dev
MoMo mock mode: false
[+] Dang khoi dong Spring Boot...
[INFO] Scanning for projects...
[INFO] 
[INFO] ------------------------< vn.vuavuive:backend >-------------------------
[INFO] Building Vựa Vui Vẻ Backend 1.0.0
[INFO]   from pom.xml
[INFO] --------------------------------[ jar ]---------------------------------
[INFO] 
[INFO] >>> spring-boot:3.3.0:run (default-cli) > test-compile @ backend >>>
[INFO] 
[INFO] --- resources:3.3.1:resources (default-resources) @ backend ---
[INFO] Copying 3 resources from src\main\resources to target\classes
[INFO] Copying 1 resource from src\main\resources to target\classes
[INFO] 
[INFO] --- compiler:3.13.0:compile (default-compile) @ backend ---
[INFO] Nothing to compile - all classes are up to date.
[INFO] 
[INFO] --- resources:3.3.1:testResources (default-testResources) @ backend ---
[INFO] skip non existing resourceDirectory E:\Nam3\TaiLieuHocKi8\APP\VuaVuiVe\app-backend\src\test\resources
[INFO] 
[INFO] --- compiler:3.13.0:testCompile (default-testCompile) @ backend ---
[INFO] No sources to compile
[INFO] 
[INFO] <<< spring-boot:3.3.0:run (default-cli) < test-compile @ backend <<<
[INFO] 
[INFO] 
[INFO] --- spring-boot:3.3.0:run (default-cli) @ backend ---
[INFO] Attaching agents: []
  .   ____          _            __ _ _
 /\\ / ___'_ __ _ _(_)_ __  __ _ \ \ \ \
( ( )\___ | '_ | '_| | '_ \/ _` | \ \ \ \
 \\/  ___)| |_)| | | | | || (_| |  ) ) ) )
  '  |____| .__|_| |_|_| |_\__, | / / / /
 =========|_|==============|___/=/_/_/_/

 :: Spring Boot ::                (v3.3.0)

2026-06-27T15:00:50.693+07:00  INFO 36572 --- [           main] v.v.backend.VuaVuiVeBackendApplication   : Starting VuaVuiVeBackendApplication using Java 21.0.10 with PID 36572 (E:\Nam3\TaiLieuHocKi8\APP\VuaVuiVe\app-backend\target\classes started by ADMIN in E:\Nam3\TaiLieuHocKi8\APP\VuaVuiVe\app-backend)
2026-06-27T15:00:50.694+07:00 DEBUG 36572 --- [           main] v.v.backend.VuaVuiVeBackendApplication   : Running with Spring Boot v3.3.0, Spring v6.1.8
2026-06-27T15:00:50.696+07:00  INFO 36572 --- [           main] v.v.backend.VuaVuiVeBackendApplication   : The following 1 profile is active: "dev"
2026-06-27T15:00:51.619+07:00  INFO 36572 --- [           main] o.s.b.w.embedded.tomcat.TomcatWebServer  : Tomcat initialized with port 3000 (http)
2026-06-27T15:00:51.630+07:00  INFO 36572 --- [           main] o.apache.catalina.core.StandardService   : Starting service [Tomcat]
2026-06-27T15:00:51.631+07:00  INFO 36572 --- [           main] o.apache.catalina.core.StandardEngine    : Starting Servlet engine: [Apache Tomcat/10.1.24]
2026-06-27T15:00:51.680+07:00  INFO 36572 --- [           main] o.a.c.c.C.[Tomcat].[localhost].[/]       : Initializing Spring embedded WebApplicationContext
2026-06-27T15:00:51.681+07:00  INFO 36572 --- [           main] w.s.c.ServletWebServerApplicationContext : Root WebApplicationContext: initialization completed in 957 ms
2026-06-27T15:00:51.841+07:00  INFO 36572 --- [           main] v.v.b.core.FirebaseRepositoryHelper      : Initialized REST-based FirebaseRepositoryHelper with URL: https://vua-vui-ve-default-rtdb.firebaseio.com
2026-06-27T15:00:51.882+07:00 DEBUG 36572 --- [           main] v.v.backend.security.JwtAuthFilter       : Filter 'jwtAuthFilter' configured for use
2026-06-27T15:00:51.992+07:00  INFO 36572 --- [           main] eAuthenticationProviderManagerConfigurer : Global AuthenticationManager configured with AuthenticationProvider bean with name authenticationProvider
2026-06-27T15:00:51.992+07:00  WARN 36572 --- [           main] r$InitializeUserDetailsManagerConfigurer : Global AuthenticationManager configured with an AuthenticationProvider bean. UserDetailsService beans will not be used for username/password login. Consider removing the AuthenticationProvider bean. Alternatively, consider using the UserDetailsService in a manually instantiated DaoAuthenticationProvider.
2026-06-27T15:00:52.144+07:00  INFO 36572 --- [           main] v.v.backend.config.FirebaseConfig        : Starting initialization of Firebase Admin SDK...
2026-06-27T15:00:52.179+07:00  INFO 36572 --- [           main] v.v.backend.config.FirebaseConfig        : Firebase Admin SDK initialized successfully for project: [DEFAULT]
2026-06-27T15:00:52.342+07:00 DEBUG 36572 --- [           main] o.s.w.s.s.s.WebSocketHandlerMapping      : Patterns [/ws, /ws/**] in 'stompWebSocketHandlerMapping'
2026-06-27T15:00:52.415+07:00 DEBUG 36572 --- [           main] s.w.s.m.m.a.RequestMappingHandlerMapping : 78 mappings in 'requestMappingHandlerMapping'
2026-06-27T15:00:52.449+07:00 DEBUG 36572 --- [           main] o.s.w.s.handler.SimpleUrlHandlerMapping  : Patterns [/webjars/**, /**, /uploads/**, /swagger-ui*/*swagger-initializer.js, /swagger-ui*/**] in 'resourceHandlerMapping'
2026-06-27T15:00:52.490+07:00  INFO 36572 --- [           main] o.s.s.web.DefaultSecurityFilterChain     : Will secure any request with [org.springframework.security.web.session.DisableEncodeUrlFilter@3b2db389, org.springframework.security.web.context.request.async.WebAsyncManagerIntegrationFilter@45f1413c, org.springframework.security.web.context.SecurityContextHolderFilter@8d810f2, org.springframework.security.web.header.HeaderWriterFilter@1b25d695, org.springframework.web.filter.CorsFilter@1a139347, org.springframework.security.web.authentication.logout.LogoutFilter@1a819901, vn.vuavuive.backend.security.JwtAuthFilter@20a3e10c, org.springframework.security.web.savedrequest.RequestCacheAwareFilter@15d58530, org.springframework.security.web.servletapi.SecurityContextHolderAwareRequestFilter@2acb1264, org.springframework.security.web.authentication.AnonymousAuthenticationFilter@186295cc, org.springframework.security.web.session.SessionManagementFilter@2f6e92ca, org.springframework.security.web.access.ExceptionTranslationFilter@58021c3c, org.springframework.security.web.access.intercept.AuthorizationFilter@dde6f87]
2026-06-27T15:00:52.542+07:00 DEBUG 36572 --- [           main] .WebSocketAnnotationMethodMessageHandler : 
	v.v.b.m.a.ChatController:
	
2026-06-27T15:00:52.542+07:00 DEBUG 36572 --- [           main] .WebSocketAnnotationMethodMessageHandler : 
	v.v.b.m.a.AuthController:
	
2026-06-27T15:00:52.542+07:00 DEBUG 36572 --- [           main] .WebSocketAnnotationMethodMessageHandler : 
	v.v.b.m.c.CartController:
	
2026-06-27T15:00:52.542+07:00 DEBUG 36572 --- [           main] .WebSocketAnnotationMethodMessageHandler : 
	v.v.b.m.c.CategoryController:
	
2026-06-27T15:00:52.542+07:00 DEBUG 36572 --- [           main] .WebSocketAnnotationMethodMessageHandler : 
	v.v.b.m.o.AdminOrderController:
	
2026-06-27T15:00:52.542+07:00 DEBUG 36572 --- [           main] .WebSocketAnnotationMethodMessageHandler : 
	v.v.b.m.o.OrderController:
	
2026-06-27T15:00:52.544+07:00 DEBUG 36572 --- [           main] .WebSocketAnnotationMethodMessageHandler : 
	v.v.b.m.p.MomoController:
	
2026-06-27T15:00:52.544+07:00 DEBUG 36572 --- [           main] .WebSocketAnnotationMethodMessageHandler : 
	v.v.b.m.p.PaymentController:
	
2026-06-27T15:00:52.544+07:00 DEBUG 36572 --- [           main] .WebSocketAnnotationMethodMessageHandler : 
	v.v.b.m.p.ProductController:
	
2026-06-27T15:00:52.544+07:00 DEBUG 36572 --- [           main] .WebSocketAnnotationMethodMessageHandler : 
	v.v.b.m.r.RecipeController:
	
2026-06-27T15:00:52.545+07:00 DEBUG 36572 --- [           main] .WebSocketAnnotationMethodMessageHandler : 
	v.v.b.m.r.RecommendController:
	
2026-06-27T15:00:52.545+07:00 DEBUG 36572 --- [           main] .WebSocketAnnotationMethodMessageHandler : 
	v.v.b.m.r.ReviewController:
	
2026-06-27T15:00:52.545+07:00 DEBUG 36572 --- [           main] .WebSocketAnnotationMethodMessageHandler : 
	v.v.b.m.s.ShipperController:
	
2026-06-27T15:00:52.545+07:00 DEBUG 36572 --- [           main] .WebSocketAnnotationMethodMessageHandler : 
	v.v.b.m.u.UploadController:
	
2026-06-27T15:00:52.546+07:00 DEBUG 36572 --- [           main] .WebSocketAnnotationMethodMessageHandler : 
	o.s.b.a.w.s.e.BasicErrorController:
	
2026-06-27T15:00:52.547+07:00 DEBUG 36572 --- [           main] .WebSocketAnnotationMethodMessageHandler : 
	o.s.w.a.OpenApiWebMvcResource:
	
2026-06-27T15:00:52.547+07:00 DEBUG 36572 --- [           main] .WebSocketAnnotationMethodMessageHandler : 
	o.s.w.u.SwaggerWelcomeWebMvc:
	
2026-06-27T15:00:52.548+07:00 DEBUG 36572 --- [           main] .WebSocketAnnotationMethodMessageHandler : 
	o.s.w.u.SwaggerConfigResource:
	
2026-06-27T15:00:52.602+07:00 DEBUG 36572 --- [           main] s.w.s.m.m.a.RequestMappingHandlerAdapter : ControllerAdvice beans: 0 @ModelAttribute, 0 @InitBinder, 1 RequestBodyAdvice, 2 ResponseBodyAdvice
2026-06-27T15:00:52.627+07:00 DEBUG 36572 --- [           main] .m.m.a.ExceptionHandlerExceptionResolver : ControllerAdvice beans: 2 @ExceptionHandler, 2 ResponseBodyAdvice
2026-06-27T15:00:52.764+07:00  INFO 36572 --- [           main] o.s.b.w.embedded.tomcat.TomcatWebServer  : Tomcat started on port 3000 (http) with context path '/'
2026-06-27T15:00:52.766+07:00 DEBUG 36572 --- [           main] org.springframework.web.SimpLogging      : clientOutboundChannel added SubProtocolWebSocketHandler[StompSubProtocolHandler[v10.stomp, v11.stomp, v12.stomp]]
2026-06-27T15:00:52.766+07:00 DEBUG 36572 --- [           main] org.springframework.web.SimpLogging      : clientInboundChannel added WebSocketAnnotationMethodMessageHandler[prefixes=[/app/]]
2026-06-27T15:00:52.766+07:00  INFO 36572 --- [           main] o.s.m.s.b.SimpleBrokerMessageHandler     : Starting...
2026-06-27T15:00:52.766+07:00 DEBUG 36572 --- [           main] org.springframework.web.SimpLogging      : clientInboundChannel added SimpleBrokerMessageHandler [org.springframework.messaging.simp.broker.DefaultSubscriptionRegistry@67b3960b]
2026-06-27T15:00:52.766+07:00 DEBUG 36572 --- [           main] org.springframework.web.SimpLogging      : brokerChannel added SimpleBrokerMessageHandler [org.springframework.messaging.simp.broker.DefaultSubscriptionRegistry@67b3960b]
2026-06-27T15:00:52.766+07:00  INFO 36572 --- [           main] o.s.m.s.b.SimpleBrokerMessageHandler     : BrokerAvailabilityEvent[available=true, SimpleBrokerMessageHandler [org.springframework.messaging.simp.broker.DefaultSubscriptionRegistry@67b3960b]]
2026-06-27T15:00:52.768+07:00  INFO 36572 --- [           main] o.s.m.s.b.SimpleBrokerMessageHandler     : Started.
2026-06-27T15:00:52.768+07:00 DEBUG 36572 --- [           main] org.springframework.web.SimpLogging      : clientInboundChannel added UserDestinationMessageHandler[DefaultUserDestinationResolver[prefix=/user/]]
2026-06-27T15:00:52.768+07:00 DEBUG 36572 --- [           main] org.springframework.web.SimpLogging      : brokerChannel added UserDestinationMessageHandler[DefaultUserDestinationResolver[prefix=/user/]]
2026-06-27T15:00:52.774+07:00  INFO 36572 --- [           main] v.v.backend.VuaVuiVeBackendApplication   : Started VuaVuiVeBackendApplication in 2.351 seconds (process running for 2.684)
2026-06-27T15:00:59.813+07:00  INFO 36572 --- [nio-3000-exec-1] o.a.c.c.C.[Tomcat].[localhost].[/]       : Initializing Spring DispatcherServlet 'dispatcherServlet'
2026-06-27T15:00:59.814+07:00  INFO 36572 --- [nio-3000-exec-1] o.s.web.servlet.DispatcherServlet        : Initializing Servlet 'dispatcherServlet'
2026-06-27T15:00:59.814+07:00 DEBUG 36572 --- [nio-3000-exec-1] o.s.web.servlet.DispatcherServlet        : Detected StandardServletMultipartResolver
2026-06-27T15:00:59.814+07:00 DEBUG 36572 --- [nio-3000-exec-1] o.s.web.servlet.DispatcherServlet        : Detected AcceptHeaderLocaleResolver
2026-06-27T15:00:59.814+07:00 DEBUG 36572 --- [nio-3000-exec-1] o.s.web.servlet.DispatcherServlet        : Detected FixedThemeResolver
2026-06-27T15:00:59.814+07:00 DEBUG 36572 --- [nio-3000-exec-1] o.s.web.servlet.DispatcherServlet        : Detected org.springframework.web.servlet.view.DefaultRequestToViewNameTranslator@3639b04
2026-06-27T15:00:59.815+07:00 DEBUG 36572 --- [nio-3000-exec-1] o.s.web.servlet.DispatcherServlet        : Detected org.springframework.web.servlet.support.SessionFlashMapManager@f44d033
2026-06-27T15:00:59.815+07:00 DEBUG 36572 --- [nio-3000-exec-1] o.s.web.servlet.DispatcherServlet        : enableLoggingRequestDetails='false': request parameters and headers will be masked to prevent unsafe logging of potentially sensitive data
2026-06-27T15:00:59.815+07:00  INFO 36572 --- [nio-3000-exec-1] o.s.web.servlet.DispatcherServlet        : Completed initialization in 1 ms
2026-06-27T15:00:59.829+07:00 DEBUG 36572 --- [nio-3000-exec-1] o.s.web.servlet.DispatcherServlet        : GET "/swagger-ui.html", parameters={}
2026-06-27T15:00:59.830+07:00 DEBUG 36572 --- [nio-3000-exec-1] s.w.s.m.m.a.RequestMappingHandlerMapping : Mapped to org.springdoc.webmvc.ui.SwaggerWelcomeWebMvc#redirectToUi(HttpServletRequest)
2026-06-27T15:00:59.849+07:00 DEBUG 36572 --- [nio-3000-exec-1] o.s.w.s.m.m.a.HttpEntityMethodProcessor  : Using 'application/json', given [*/*] and supported [application/json, application/*+json]
2026-06-27T15:00:59.849+07:00 DEBUG 36572 --- [nio-3000-exec-1] o.s.w.s.m.m.a.HttpEntityMethodProcessor  : Nothing to write: null body
2026-06-27T15:00:59.850+07:00 DEBUG 36572 --- [nio-3000-exec-1] o.s.web.servlet.DispatcherServlet        : Completed 302 FOUND
2026-06-27T15:00:59.854+07:00 DEBUG 36572 --- [nio-3000-exec-2] o.s.web.servlet.DispatcherServlet        : GET "/swagger-ui/index.html", parameters={}
2026-06-27T15:00:59.855+07:00 DEBUG 36572 --- [nio-3000-exec-2] o.s.w.s.handler.SimpleUrlHandlerMapping  : Mapped to ResourceHttpRequestHandler [classpath [META-INF/resources/webjars/]]
2026-06-27T15:00:59.858+07:00 DEBUG 36572 --- [nio-3000-exec-2] o.s.web.servlet.DispatcherServlet        : Completed 200 OK
2026-06-27T15:01:15.102+07:00 DEBUG 36572 --- [nio-3000-exec-4] o.s.web.servlet.DispatcherServlet        : POST "/api/auth/login", parameters={}
2026-06-27T15:01:15.103+07:00 DEBUG 36572 --- [nio-3000-exec-4] s.w.s.m.m.a.RequestMappingHandlerMapping : Mapped to vn.vuavuive.backend.modules.auth.AuthController#login(LoginRequest, HttpServletResponse)
2026-06-27T15:01:15.114+07:00 DEBUG 36572 --- [nio-3000-exec-4] m.m.a.RequestResponseBodyMethodProcessor : Read "application/json;charset=UTF-8" to [LoginRequest[identifier=0912345678, password=Customer@123]]
2026-06-27T15:01:16.870+07:00 DEBUG 36572 --- [nio-3000-exec-4] o.s.w.s.m.m.a.HttpEntityMethodProcessor  : Using 'application/json', given [*/*] and supported [application/json, application/*+json]
2026-06-27T15:01:16.877+07:00 DEBUG 36572 --- [nio-3000-exec-4] o.s.w.s.m.m.a.HttpEntityMethodProcessor  : Writing [ApiResponse(success=true, message=Đăng nhập thành công, data=UserResponse[id=11884dad-80ef-4088-9518 (truncated)...]
2026-06-27T15:01:16.880+07:00 DEBUG 36572 --- [nio-3000-exec-4] o.s.web.servlet.DispatcherServlet        : Completed 200 OK
2026-06-27T15:01:17.145+07:00 DEBUG 36572 --- [nio-3000-exec-7] v.v.backend.security.JwtAuthFilter       : JWT hợp lệ — Đã xác thực user: customer@gmail.com
2026-06-27T15:01:17.149+07:00 DEBUG 36572 --- [nio-3000-exec-7] o.s.web.servlet.DispatcherServlet        : POST "/api/orders", parameters={}
2026-06-27T15:01:17.149+07:00 DEBUG 36572 --- [nio-3000-exec-7] s.w.s.m.m.a.RequestMappingHandlerMapping : Mapped to vn.vuavuive.backend.modules.order.OrderController#createOrder(CreateOrderRequest, HttpServletRequest)
2026-06-27T15:01:17.159+07:00 DEBUG 36572 --- [nio-3000-exec-7] m.m.a.RequestResponseBodyMethodProcessor : Read "application/json;charset=UTF-8" to [CreateOrderRequest(items=[OrderItemRequest[productId=prod-23df57f5-8571-424b-9c97-937681d03381, quan (truncated)...]
2026-06-27T15:01:17.621+07:00 DEBUG 36572 --- [nio-3000-exec-7] .m.m.a.ExceptionHandlerExceptionResolver : Using @ExceptionHandler vn.vuavuive.backend.exception.GlobalExceptionHandler#handleAppException(AppException)
2026-06-27T15:01:17.622+07:00  WARN 36572 --- [nio-3000-exec-7] v.v.b.exception.GlobalExceptionHandler   : AppException: 404 NOT_FOUND - Sản phẩm prod-23df57f5-8571-424b-9c97-937681d03381 không tồn tại
2026-06-27T15:01:17.624+07:00 DEBUG 36572 --- [nio-3000-exec-7] o.s.w.s.m.m.a.HttpEntityMethodProcessor  : Using 'application/json', given [*/*] and supported [application/json, application/*+json]
2026-06-27T15:01:17.626+07:00 DEBUG 36572 --- [nio-3000-exec-7] o.s.w.s.m.m.a.HttpEntityMethodProcessor  : Writing [ErrorResponse[status=404, message=Sản phẩm prod-23df57f5-8571-424b-9c97-937681d03381 không tồn tại,  (truncated)...]
2026-06-27T15:01:17.627+07:00 DEBUG 36572 --- [nio-3000-exec-7] .m.m.a.ExceptionHandlerExceptionResolver : Resolved [vn.vuavuive.backend.exception.AppException: Sản phẩm prod-23df57f5-8571-424b-9c97-937681d03381 không tồn tại]
2026-06-27T15:01:17.627+07:00 DEBUG 36572 --- [nio-3000-exec-7] o.s.web.servlet.DispatcherServlet        : Completed 404 NOT_FOUND
2026-06-27T15:01:52.758+07:00  INFO 36572 --- [MessageBroker-2] o.s.w.s.c.WebSocketMessageBrokerStats    : WebSocketSession[0 current WS(0)-HttpStream(0)-HttpPoll(0), 0 total, 0 closed abnormally (0 connect failure, 0 send limit, 0 transport error)], stompSubProtocol[processed CONNECT(0)-CONNECTED(0)-DISCONNECT(0)], stompBrokerRelay[null], inboundChannel[pool size = 0, active threads = 0, queued tasks = 0, completed tasks = 0], outboundChannel[pool size = 0, active threads = 0, queued tasks = 0, completed tasks = 0], sockJsScheduler[pool size = 3, active threads = 1, queued tasks = 1, completed tasks = 1]
2026-06-27T15:04:37.933+07:00 DEBUG 36572 --- [nio-3000-exec-5] o.s.web.servlet.DispatcherServlet        : GET "/swagger-ui.html", parameters={}
2026-06-27T15:04:37.934+07:00 DEBUG 36572 --- [nio-3000-exec-5] s.w.s.m.m.a.RequestMappingHandlerMapping : Mapped to org.springdoc.webmvc.ui.SwaggerWelcomeWebMvc#redirectToUi(HttpServletRequest)
2026-06-27T15:04:37.935+07:00 DEBUG 36572 --- [nio-3000-exec-5] o.s.w.s.m.m.a.HttpEntityMethodProcessor  : Using 'application/json', given [*/*] and supported [application/json, application/*+json]
2026-06-27T15:04:37.935+07:00 DEBUG 36572 --- [nio-3000-exec-5] o.s.w.s.m.m.a.HttpEntityMethodProcessor  : Nothing to write: null body
2026-06-27T15:04:37.935+07:00 DEBUG 36572 --- [nio-3000-exec-5] o.s.web.servlet.DispatcherServlet        : Completed 302 FOUND
2026-06-27T15:04:37.938+07:00 DEBUG 36572 --- [nio-3000-exec-8] o.s.web.servlet.DispatcherServlet        : GET "/swagger-ui/index.html", parameters={}
2026-06-27T15:04:37.938+07:00 DEBUG 36572 --- [nio-3000-exec-8] o.s.w.s.handler.SimpleUrlHandlerMapping  : Mapped to ResourceHttpRequestHandler [classpath [META-INF/resources/webjars/]]
2026-06-27T15:04:37.941+07:00 DEBUG 36572 --- [nio-3000-exec-8] o.s.web.servlet.DispatcherServlet        : Completed 200 OK
2026-06-27T15:05:12.561+07:00 DEBUG 36572 --- [io-3000-exec-10] v.v.backend.security.JwtAuthFilter       : JWT hợp lệ — Đã xác thực user: customer@gmail.com
2026-06-27T15:05:12.562+07:00 DEBUG 36572 --- [io-3000-exec-10] o.s.web.servlet.DispatcherServlet        : POST "/api/auth/login", parameters={}
2026-06-27T15:05:12.562+07:00 DEBUG 36572 --- [io-3000-exec-10] s.w.s.m.m.a.RequestMappingHandlerMapping : Mapped to vn.vuavuive.backend.modules.auth.AuthController#login(LoginRequest, HttpServletResponse)
2026-06-27T15:05:12.564+07:00 DEBUG 36572 --- [io-3000-exec-10] m.m.a.RequestResponseBodyMethodProcessor : Read "application/json;charset=UTF-8" to [LoginRequest[identifier=0912345678, password=Customer@123]]
2026-06-27T15:05:13.921+07:00 DEBUG 36572 --- [io-3000-exec-10] o.s.w.s.m.m.a.HttpEntityMethodProcessor  : Using 'application/json', given [*/*] and supported [application/json, application/*+json]
2026-06-27T15:05:13.926+07:00 DEBUG 36572 --- [io-3000-exec-10] o.s.w.s.m.m.a.HttpEntityMethodProcessor  : Writing [ApiResponse(success=true, message=Đăng nhập thành công, data=UserResponse[id=11884dad-80ef-4088-9518 (truncated)...]
2026-06-27T15:05:13.927+07:00 DEBUG 36572 --- [io-3000-exec-10] o.s.web.servlet.DispatcherServlet        : Completed 200 OK
2026-06-27T15:05:14.349+07:00 DEBUG 36572 --- [nio-3000-exec-1] v.v.backend.security.JwtAuthFilter       : JWT hợp lệ — Đã xác thực user: customer@gmail.com
2026-06-27T15:05:14.349+07:00 DEBUG 36572 --- [nio-3000-exec-1] o.s.web.servlet.DispatcherServlet        : GET "/api/auth/me", parameters={}
2026-06-27T15:05:14.349+07:00 DEBUG 36572 --- [nio-3000-exec-1] s.w.s.m.m.a.RequestMappingHandlerMapping : Mapped to vn.vuavuive.backend.modules.auth.AuthController#getMe()
2026-06-27T15:05:14.582+07:00 DEBUG 36572 --- [nio-3000-exec-1] o.s.w.s.m.m.a.HttpEntityMethodProcessor  : Using 'application/json', given [*/*] and supported [application/json, application/*+json]
2026-06-27T15:05:14.582+07:00 DEBUG 36572 --- [nio-3000-exec-1] o.s.w.s.m.m.a.HttpEntityMethodProcessor  : Writing [ApiResponse(success=true, message=Lấy thông tin người dùng thành công, data=UserResponse[id=11884dad (truncated)...]
2026-06-27T15:05:14.582+07:00 DEBUG 36572 --- [nio-3000-exec-1] o.s.web.servlet.DispatcherServlet        : Completed 200 OK
2026-06-27T15:06:39.934+07:00 DEBUG 36572 --- [nio-3000-exec-3] o.s.web.servlet.DispatcherServlet        : POST "/api/auth/login", parameters={}
2026-06-27T15:06:39.935+07:00 DEBUG 36572 --- [nio-3000-exec-3] s.w.s.m.m.a.RequestMappingHandlerMapping : Mapped to vn.vuavuive.backend.modules.auth.AuthController#login(LoginRequest, HttpServletResponse)
2026-06-27T15:06:39.936+07:00 DEBUG 36572 --- [nio-3000-exec-3] m.m.a.RequestResponseBodyMethodProcessor : Read "application/json;charset=UTF-8" to [LoginRequest[identifier=customer@gmail.com, password=Customer@123]]
2026-06-27T15:06:41.172+07:00 DEBUG 36572 --- [nio-3000-exec-3] o.s.w.s.m.m.a.HttpEntityMethodProcessor  : Using 'application/json', given [*/*] and supported [application/json, application/*+json]
2026-06-27T15:06:41.173+07:00 DEBUG 36572 --- [nio-3000-exec-3] o.s.w.s.m.m.a.HttpEntityMethodProcessor  : Writing [ApiResponse(success=true, message=Đăng nhập thành công, data=UserResponse[id=11884dad-80ef-4088-9518 (truncated)...]
2026-06-27T15:06:41.173+07:00 DEBUG 36572 --- [nio-3000-exec-3] o.s.web.servlet.DispatcherServlet        : Completed 200 OK
2026-06-27T15:06:52.980+07:00 DEBUG 36572 --- [nio-3000-exec-6] o.s.web.servlet.DispatcherServlet        : POST "/api/auth/login", parameters={}
2026-06-27T15:06:52.981+07:00 DEBUG 36572 --- [nio-3000-exec-6] s.w.s.m.m.a.RequestMappingHandlerMapping : Mapped to vn.vuavuive.backend.modules.auth.AuthController#login(LoginRequest, HttpServletResponse)
2026-06-27T15:06:52.982+07:00 DEBUG 36572 --- [nio-3000-exec-6] m.m.a.RequestResponseBodyMethodProcessor : Read "application/json;charset=UTF-8" to [LoginRequest[identifier=customer@gmail.com, password=Customer@123]]
2026-06-27T15:06:53.923+07:00 DEBUG 36572 --- [nio-3000-exec-6] o.s.w.s.m.m.a.HttpEntityMethodProcessor  : Using 'application/json', given [*/*] and supported [application/json, application/*+json]
2026-06-27T15:06:53.924+07:00 DEBUG 36572 --- [nio-3000-exec-6] o.s.w.s.m.m.a.HttpEntityMethodProcessor  : Writing [ApiResponse(success=true, message=Đăng nhập thành công, data=UserResponse[id=11884dad-80ef-4088-9518 (truncated)...]
2026-06-27T15:06:53.924+07:00 DEBUG 36572 --- [nio-3000-exec-6] o.s.web.servlet.DispatcherServlet        : Completed 200 OK
2026-06-27T15:07:01.246+07:00 DEBUG 36572 --- [nio-3000-exec-9] o.s.web.servlet.DispatcherServlet        : POST "/api/auth/login", parameters={}
2026-06-27T15:07:01.254+07:00 DEBUG 36572 --- [nio-3000-exec-9] s.w.s.m.m.a.RequestMappingHandlerMapping : Mapped to vn.vuavuive.backend.modules.auth.AuthController#login(LoginRequest, HttpServletResponse)
2026-06-27T15:07:01.254+07:00 DEBUG 36572 --- [nio-3000-exec-9] m.m.a.RequestResponseBodyMethodProcessor : Read "application/json;charset=UTF-8" to [LoginRequest[identifier=customer@gmail.com, password=Customer@123]]
2026-06-27T15:07:02.197+07:00 DEBUG 36572 --- [nio-3000-exec-9] o.s.w.s.m.m.a.HttpEntityMethodProcessor  : Using 'application/json', given [*/*] and supported [application/json, application/*+json]
2026-06-27T15:07:02.197+07:00 DEBUG 36572 --- [nio-3000-exec-9] o.s.w.s.m.m.a.HttpEntityMethodProcessor  : Writing [ApiResponse(success=true, message=Đăng nhập thành công, data=UserResponse[id=11884dad-80ef-4088-9518 (truncated)...]
2026-06-27T15:07:02.198+07:00 DEBUG 36572 --- [nio-3000-exec-9] o.s.web.servlet.DispatcherServlet        : Completed 200 OK
2026-06-27T15:07:10.860+07:00 DEBUG 36572 --- [nio-3000-exec-1] o.s.web.servlet.DispatcherServlet        : POST "/api/auth/login", parameters={}
2026-06-27T15:07:10.860+07:00 DEBUG 36572 --- [nio-3000-exec-1] s.w.s.m.m.a.RequestMappingHandlerMapping : Mapped to vn.vuavuive.backend.modules.auth.AuthController#login(LoginRequest, HttpServletResponse)
2026-06-27T15:07:10.861+07:00 DEBUG 36572 --- [nio-3000-exec-1] o.s.web.method.HandlerMethod             : Could not resolve parameter [0] in public org.springframework.http.ResponseEntity<vn.vuavuive.backend.core.ApiResponse<vn.vuavuive.backend.modules.auth.dto.UserResponse>> vn.vuavuive.backend.modules.auth.AuthController.login(vn.vuavuive.backend.modules.auth.dto.LoginRequest,jakarta.servlet.http.HttpServletResponse): JSON parse error: Unexpected character ('i' (code 105)): was expecting double-quote to start field name
2026-06-27T15:07:10.862+07:00 DEBUG 36572 --- [nio-3000-exec-1] .m.m.a.ExceptionHandlerExceptionResolver : Using @ExceptionHandler vn.vuavuive.backend.exception.GlobalExceptionHandler#handleGenericException(Exception)
2026-06-27T15:07:10.862+07:00 ERROR 36572 --- [nio-3000-exec-1] v.v.b.exception.GlobalExceptionHandler   : Lỗi không xác định: 

org.springframework.http.converter.HttpMessageNotReadableException: JSON parse error: Unexpected character ('i' (code 105)): was expecting double-quote to start field name
	at org.springframework.http.converter.json.AbstractJackson2HttpMessageConverter.readJavaType(AbstractJackson2HttpMessageConverter.java:406) ~[spring-web-6.1.8.jar:6.1.8]
	at org.springframework.http.converter.json.AbstractJackson2HttpMessageConverter.read(AbstractJackson2HttpMessageConverter.java:354) ~[spring-web-6.1.8.jar:6.1.8]
	at org.springframework.web.servlet.mvc.method.annotation.AbstractMessageConverterMethodArgumentResolver.readWithMessageConverters(AbstractMessageConverterMethodArgumentResolver.java:184) ~[spring-webmvc-6.1.8.jar:6.1.8]
	at org.springframework.web.servlet.mvc.method.annotation.RequestResponseBodyMethodProcessor.readWithMessageConverters(RequestResponseBodyMethodProcessor.java:161) ~[spring-webmvc-6.1.8.jar:6.1.8]
	at org.springframework.web.servlet.mvc.method.annotation.RequestResponseBodyMethodProcessor.resolveArgument(RequestResponseBodyMethodProcessor.java:135) ~[spring-webmvc-6.1.8.jar:6.1.8]
	at org.springframework.web.method.support.HandlerMethodArgumentResolverComposite.resolveArgument(HandlerMethodArgumentResolverComposite.java:122) ~[spring-web-6.1.8.jar:6.1.8]
	at org.springframework.web.method.support.InvocableHandlerMethod.getMethodArgumentValues(InvocableHandlerMethod.java:224) ~[spring-web-6.1.8.jar:6.1.8]
	at org.springframework.web.method.support.InvocableHandlerMethod.invokeForRequest(InvocableHandlerMethod.java:178) ~[spring-web-6.1.8.jar:6.1.8]
	at org.springframework.web.servlet.mvc.method.annotation.ServletInvocableHandlerMethod.invokeAndHandle(ServletInvocableHandlerMethod.java:118) ~[spring-webmvc-6.1.8.jar:6.1.8]
	at org.springframework.web.servlet.mvc.method.annotation.RequestMappingHandlerAdapter.invokeHandlerMethod(RequestMappingHandlerAdapter.java:926) ~[spring-webmvc-6.1.8.jar:6.1.8]
	at org.springframework.web.servlet.mvc.method.annotation.RequestMappingHandlerAdapter.handleInternal(RequestMappingHandlerAdapter.java:831) ~[spring-webmvc-6.1.8.jar:6.1.8]
	at org.springframework.web.servlet.mvc.method.AbstractHandlerMethodAdapter.handle(AbstractHandlerMethodAdapter.java:87) ~[spring-webmvc-6.1.8.jar:6.1.8]
	at org.springframework.web.servlet.DispatcherServlet.doDispatch(DispatcherServlet.java:1089) ~[spring-webmvc-6.1.8.jar:6.1.8]
	at org.springframework.web.servlet.DispatcherServlet.doService(DispatcherServlet.java:979) ~[spring-webmvc-6.1.8.jar:6.1.8]
	at org.springframework.web.servlet.FrameworkServlet.processRequest(FrameworkServlet.java:1014) ~[spring-webmvc-6.1.8.jar:6.1.8]
	at org.springframework.web.servlet.FrameworkServlet.doPost(FrameworkServlet.java:914) ~[spring-webmvc-6.1.8.jar:6.1.8]
	at jakarta.servlet.http.HttpServlet.service(HttpServlet.java:590) ~[tomcat-embed-core-10.1.24.jar:6.0]
	at org.springframework.web.servlet.FrameworkServlet.service(FrameworkServlet.java:885) ~[spring-webmvc-6.1.8.jar:6.1.8]
	at jakarta.servlet.http.HttpServlet.service(HttpServlet.java:658) ~[tomcat-embed-core-10.1.24.jar:6.0]
	at org.apache.catalina.core.ApplicationFilterChain.internalDoFilter(ApplicationFilterChain.java:195) ~[tomcat-embed-core-10.1.24.jar:10.1.24]
	at org.apache.catalina.core.ApplicationFilterChain.doFilter(ApplicationFilterChain.java:140) ~[tomcat-embed-core-10.1.24.jar:10.1.24]
	at org.apache.tomcat.websocket.server.WsFilter.doFilter(WsFilter.java:51) ~[tomcat-embed-websocket-10.1.24.jar:10.1.24]
	at org.apache.catalina.core.ApplicationFilterChain.internalDoFilter(ApplicationFilterChain.java:164) ~[tomcat-embed-core-10.1.24.jar:10.1.24]
	at org.apache.catalina.core.ApplicationFilterChain.doFilter(ApplicationFilterChain.java:140) ~[tomcat-embed-core-10.1.24.jar:10.1.24]
	at org.springframework.web.filter.OncePerRequestFilter.doFilter(OncePerRequestFilter.java:110) ~[spring-web-6.1.8.jar:6.1.8]
	at org.apache.catalina.core.ApplicationFilterChain.internalDoFilter(ApplicationFilterChain.java:164) ~[tomcat-embed-core-10.1.24.jar:10.1.24]
	at org.apache.catalina.core.ApplicationFilterChain.doFilter(ApplicationFilterChain.java:140) ~[tomcat-embed-core-10.1.24.jar:10.1.24]
	at org.springframework.web.filter.CompositeFilter$VirtualFilterChain.doFilter(CompositeFilter.java:108) ~[spring-web-6.1.8.jar:6.1.8]
	at org.springframework.security.web.FilterChainProxy.lambda$doFilterInternal$3(FilterChainProxy.java:231) ~[spring-security-web-6.3.0.jar:6.3.0]
	at org.springframework.security.web.FilterChainProxy$VirtualFilterChain.doFilter(FilterChainProxy.java:365) ~[spring-security-web-6.3.0.jar:6.3.0]
	at org.springframework.security.web.access.intercept.AuthorizationFilter.doFilter(AuthorizationFilter.java:100) ~[spring-security-web-6.3.0.jar:6.3.0]
	at org.springframework.security.web.FilterChainProxy$VirtualFilterChain.doFilter(FilterChainProxy.java:374) ~[spring-security-web-6.3.0.jar:6.3.0]
	at org.springframework.security.web.access.ExceptionTranslationFilter.doFilter(ExceptionTranslationFilter.java:126) ~[spring-security-web-6.3.0.jar:6.3.0]
	at org.springframework.security.web.access.ExceptionTranslationFilter.doFilter(ExceptionTranslationFilter.java:120) ~[spring-security-web-6.3.0.jar:6.3.0]
	at org.springframework.security.web.FilterChainProxy$VirtualFilterChain.doFilter(FilterChainProxy.java:374) ~[spring-security-web-6.3.0.jar:6.3.0]
	at org.springframework.security.web.session.SessionManagementFilter.doFilter(SessionManagementFilter.java:131) ~[spring-security-web-6.3.0.jar:6.3.0]
	at org.springframework.security.web.session.SessionManagementFilter.doFilter(SessionManagementFilter.java:85) ~[spring-security-web-6.3.0.jar:6.3.0]
	at org.springframework.security.web.FilterChainProxy$VirtualFilterChain.doFilter(FilterChainProxy.java:374) ~[spring-security-web-6.3.0.jar:6.3.0]
	at org.springframework.security.web.authentication.AnonymousAuthenticationFilter.doFilter(AnonymousAuthenticationFilter.java:100) ~[spring-security-web-6.3.0.jar:6.3.0]
	at org.springframework.security.web.FilterChainProxy$VirtualFilterChain.doFilter(FilterChainProxy.java:374) ~[spring-security-web-6.3.0.jar:6.3.0]
	at org.springframework.security.web.servletapi.SecurityContextHolderAwareRequestFilter.doFilter(SecurityContextHolderAwareRequestFilter.java:179) ~[spring-security-web-6.3.0.jar:6.3.0]
	at org.springframework.security.web.FilterChainProxy$VirtualFilterChain.doFilter(FilterChainProxy.java:374) ~[spring-security-web-6.3.0.jar:6.3.0]
	at org.springframework.security.web.savedrequest.RequestCacheAwareFilter.doFilter(RequestCacheAwareFilter.java:63) ~[spring-security-web-6.3.0.jar:6.3.0]
	at org.springframework.security.web.FilterChainProxy$VirtualFilterChain.doFilter(FilterChainProxy.java:374) ~[spring-security-web-6.3.0.jar:6.3.0]
	at vn.vuavuive.backend.security.JwtAuthFilter.doFilterInternal(JwtAuthFilter.java:60) ~[classes/:na]
	at org.springframework.web.filter.OncePerRequestFilter.doFilter(OncePerRequestFilter.java:116) ~[spring-web-6.1.8.jar:6.1.8]
	at org.springframework.security.web.FilterChainProxy$VirtualFilterChain.doFilter(FilterChainProxy.java:374) ~[spring-security-web-6.3.0.jar:6.3.0]
	at org.springframework.security.web.authentication.logout.LogoutFilter.doFilter(LogoutFilter.java:107) ~[spring-security-web-6.3.0.jar:6.3.0]
	at org.springframework.security.web.authentication.logout.LogoutFilter.doFilter(LogoutFilter.java:93) ~[spring-security-web-6.3.0.jar:6.3.0]
	at org.springframework.security.web.FilterChainProxy$VirtualFilterChain.doFilter(FilterChainProxy.java:374) ~[spring-security-web-6.3.0.jar:6.3.0]
	at org.springframework.web.filter.CorsFilter.doFilterInternal(CorsFilter.java:91) ~[spring-web-6.1.8.jar:6.1.8]
	at org.springframework.web.filter.OncePerRequestFilter.doFilter(OncePerRequestFilter.java:116) ~[spring-web-6.1.8.jar:6.1.8]
	at org.springframework.security.web.FilterChainProxy$VirtualFilterChain.doFilter(FilterChainProxy.java:374) ~[spring-security-web-6.3.0.jar:6.3.0]
	at org.springframework.security.web.header.HeaderWriterFilter.doHeadersAfter(HeaderWriterFilter.java:90) ~[spring-security-web-6.3.0.jar:6.3.0]
	at org.springframework.security.web.header.HeaderWriterFilter.doFilterInternal(HeaderWriterFilter.java:75) ~[spring-security-web-6.3.0.jar:6.3.0]
	at org.springframework.web.filter.OncePerRequestFilter.doFilter(OncePerRequestFilter.java:116) ~[spring-web-6.1.8.jar:6.1.8]
	at org.springframework.security.web.FilterChainProxy$VirtualFilterChain.doFilter(FilterChainProxy.java:374) ~[spring-security-web-6.3.0.jar:6.3.0]
	at org.springframework.security.web.context.SecurityContextHolderFilter.doFilter(SecurityContextHolderFilter.java:82) ~[spring-security-web-6.3.0.jar:6.3.0]
	at org.springframework.security.web.context.SecurityContextHolderFilter.doFilter(SecurityContextHolderFilter.java:69) ~[spring-security-web-6.3.0.jar:6.3.0]
	at org.springframework.security.web.FilterChainProxy$VirtualFilterChain.doFilter(FilterChainProxy.java:374) ~[spring-security-web-6.3.0.jar:6.3.0]
	at org.springframework.security.web.context.request.async.WebAsyncManagerIntegrationFilter.doFilterInternal(WebAsyncManagerIntegrationFilter.java:62) ~[spring-security-web-6.3.0.jar:6.3.0]
	at org.springframework.web.filter.OncePerRequestFilter.doFilter(OncePerRequestFilter.java:116) ~[spring-web-6.1.8.jar:6.1.8]
	at org.springframework.security.web.FilterChainProxy$VirtualFilterChain.doFilter(FilterChainProxy.java:374) ~[spring-security-web-6.3.0.jar:6.3.0]
	at org.springframework.security.web.session.DisableEncodeUrlFilter.doFilterInternal(DisableEncodeUrlFilter.java:42) ~[spring-security-web-6.3.0.jar:6.3.0]
	at org.springframework.web.filter.OncePerRequestFilter.doFilter(OncePerRequestFilter.java:116) ~[spring-web-6.1.8.jar:6.1.8]
	at org.springframework.security.web.FilterChainProxy$VirtualFilterChain.doFilter(FilterChainProxy.java:374) ~[spring-security-web-6.3.0.jar:6.3.0]
	at org.springframework.security.web.FilterChainProxy.doFilterInternal(FilterChainProxy.java:233) ~[spring-security-web-6.3.0.jar:6.3.0]
	at org.springframework.security.web.FilterChainProxy.doFilter(FilterChainProxy.java:191) ~[spring-security-web-6.3.0.jar:6.3.0]
	at org.springframework.web.filter.CompositeFilter$VirtualFilterChain.doFilter(CompositeFilter.java:113) ~[spring-web-6.1.8.jar:6.1.8]
	at org.springframework.web.servlet.handler.HandlerMappingIntrospector.lambda$createCacheFilter$3(HandlerMappingIntrospector.java:195) ~[spring-webmvc-6.1.8.jar:6.1.8]
	at org.springframework.web.filter.CompositeFilter$VirtualFilterChain.doFilter(CompositeFilter.java:113) ~[spring-web-6.1.8.jar:6.1.8]
	at org.springframework.web.filter.CompositeFilter.doFilter(CompositeFilter.java:74) ~[spring-web-6.1.8.jar:6.1.8]
	at org.springframework.security.config.annotation.web.configuration.WebMvcSecurityConfiguration$CompositeFilterChainProxy.doFilter(WebMvcSecurityConfiguration.java:230) ~[spring-security-config-6.3.0.jar:6.3.0]
	at org.springframework.web.filter.DelegatingFilterProxy.invokeDelegate(DelegatingFilterProxy.java:352) ~[spring-web-6.1.8.jar:6.1.8]
	at org.springframework.web.filter.DelegatingFilterProxy.doFilter(DelegatingFilterProxy.java:268) ~[spring-web-6.1.8.jar:6.1.8]
	at org.apache.catalina.core.ApplicationFilterChain.internalDoFilter(ApplicationFilterChain.java:164) ~[tomcat-embed-core-10.1.24.jar:10.1.24]
	at org.apache.catalina.core.ApplicationFilterChain.doFilter(ApplicationFilterChain.java:140) ~[tomcat-embed-core-10.1.24.jar:10.1.24]
	at org.springframework.web.filter.RequestContextFilter.doFilterInternal(RequestContextFilter.java:100) ~[spring-web-6.1.8.jar:6.1.8]
	at org.springframework.web.filter.OncePerRequestFilter.doFilter(OncePerRequestFilter.java:116) ~[spring-web-6.1.8.jar:6.1.8]
	at org.apache.catalina.core.ApplicationFilterChain.internalDoFilter(ApplicationFilterChain.java:164) ~[tomcat-embed-core-10.1.24.jar:10.1.24]
	at org.apache.catalina.core.ApplicationFilterChain.doFilter(ApplicationFilterChain.java:140) ~[tomcat-embed-core-10.1.24.jar:10.1.24]
	at org.springframework.web.filter.FormContentFilter.doFilterInternal(FormContentFilter.java:93) ~[spring-web-6.1.8.jar:6.1.8]
	at org.springframework.web.filter.OncePerRequestFilter.doFilter(OncePerRequestFilter.java:116) ~[spring-web-6.1.8.jar:6.1.8]
	at org.apache.catalina.core.ApplicationFilterChain.internalDoFilter(ApplicationFilterChain.java:164) ~[tomcat-embed-core-10.1.24.jar:10.1.24]
	at org.apache.catalina.core.ApplicationFilterChain.doFilter(ApplicationFilterChain.java:140) ~[tomcat-embed-core-10.1.24.jar:10.1.24]
	at org.springframework.web.filter.CharacterEncodingFilter.doFilterInternal(CharacterEncodingFilter.java:201) ~[spring-web-6.1.8.jar:6.1.8]
	at org.springframework.web.filter.OncePerRequestFilter.doFilter(OncePerRequestFilter.java:116) ~[spring-web-6.1.8.jar:6.1.8]
	at org.apache.catalina.core.ApplicationFilterChain.internalDoFilter(ApplicationFilterChain.java:164) ~[tomcat-embed-core-10.1.24.jar:10.1.24]
	at org.apache.catalina.core.ApplicationFilterChain.doFilter(ApplicationFilterChain.java:140) ~[tomcat-embed-core-10.1.24.jar:10.1.24]
	at org.apache.catalina.core.StandardWrapperValve.invoke(StandardWrapperValve.java:167) ~[tomcat-embed-core-10.1.24.jar:10.1.24]
	at org.apache.catalina.core.StandardContextValve.invoke(StandardContextValve.java:90) ~[tomcat-embed-core-10.1.24.jar:10.1.24]
	at org.apache.catalina.authenticator.AuthenticatorBase.invoke(AuthenticatorBase.java:482) ~[tomcat-embed-core-10.1.24.jar:10.1.24]
	at org.apache.catalina.core.StandardHostValve.invoke(StandardHostValve.java:115) ~[tomcat-embed-core-10.1.24.jar:10.1.24]
	at org.apache.catalina.valves.ErrorReportValve.invoke(ErrorReportValve.java:93) ~[tomcat-embed-core-10.1.24.jar:10.1.24]
	at org.apache.catalina.core.StandardEngineValve.invoke(StandardEngineValve.java:74) ~[tomcat-embed-core-10.1.24.jar:10.1.24]
	at org.apache.catalina.connector.CoyoteAdapter.service(CoyoteAdapter.java:344) ~[tomcat-embed-core-10.1.24.jar:10.1.24]
	at org.apache.coyote.http11.Http11Processor.service(Http11Processor.java:389) ~[tomcat-embed-core-10.1.24.jar:10.1.24]
	at org.apache.coyote.AbstractProcessorLight.process(AbstractProcessorLight.java:63) ~[tomcat-embed-core-10.1.24.jar:10.1.24]
	at org.apache.coyote.AbstractProtocol$ConnectionHandler.process(AbstractProtocol.java:896) ~[tomcat-embed-core-10.1.24.jar:10.1.24]
	at org.apache.tomcat.util.net.NioEndpoint$SocketProcessor.doRun(NioEndpoint.java:1741) ~[tomcat-embed-core-10.1.24.jar:10.1.24]
	at org.apache.tomcat.util.net.SocketProcessorBase.run(SocketProcessorBase.java:52) ~[tomcat-embed-core-10.1.24.jar:10.1.24]
	at org.apache.tomcat.util.threads.ThreadPoolExecutor.runWorker(ThreadPoolExecutor.java:1190) ~[tomcat-embed-core-10.1.24.jar:10.1.24]
	at org.apache.tomcat.util.threads.ThreadPoolExecutor$Worker.run(ThreadPoolExecutor.java:659) ~[tomcat-embed-core-10.1.24.jar:10.1.24]
	at org.apache.tomcat.util.threads.TaskThread$WrappingRunnable.run(TaskThread.java:63) ~[tomcat-embed-core-10.1.24.jar:10.1.24]
	at java.base/java.lang.Thread.run(Unknown Source) ~[na:na]
Caused by: com.fasterxml.jackson.core.JsonParseException: Unexpected character ('i' (code 105)): was expecting double-quote to start field name
 at [Source: REDACTED (`StreamReadFeature.INCLUDE_SOURCE_IN_LOCATION` disabled); line: 1, column: 2]
	at com.fasterxml.jackson.core.JsonParser._constructReadException(JsonParser.java:2643) ~[jackson-core-2.17.1.jar:2.17.1]
	at com.fasterxml.jackson.core.base.ParserMinimalBase._reportUnexpectedChar(ParserMinimalBase.java:685) ~[jackson-core-2.17.1.jar:2.17.1]
	at com.fasterxml.jackson.core.json.UTF8StreamJsonParser._handleOddName(UTF8StreamJsonParser.java:2103) ~[jackson-core-2.17.1.jar:2.17.1]
	at com.fasterxml.jackson.core.json.UTF8StreamJsonParser._parseName(UTF8StreamJsonParser.java:1753) ~[jackson-core-2.17.1.jar:2.17.1]
	at com.fasterxml.jackson.core.json.UTF8StreamJsonParser.nextToken(UTF8StreamJsonParser.java:757) ~[jackson-core-2.17.1.jar:2.17.1]
	at com.fasterxml.jackson.databind.deser.BeanDeserializer.deserialize(BeanDeserializer.java:181) ~[jackson-databind-2.17.1.jar:2.17.1]
	at com.fasterxml.jackson.databind.deser.DefaultDeserializationContext.readRootValue(DefaultDeserializationContext.java:342) ~[jackson-databind-2.17.1.jar:2.17.1]
	at com.fasterxml.jackson.databind.ObjectReader._bindAndClose(ObjectReader.java:2125) ~[jackson-databind-2.17.1.jar:2.17.1]
	at com.fasterxml.jackson.databind.ObjectReader.readValue(ObjectReader.java:1501) ~[jackson-databind-2.17.1.jar:2.17.1]
	at org.springframework.http.converter.json.AbstractJackson2HttpMessageConverter.readJavaType(AbstractJackson2HttpMessageConverter.java:395) ~[spring-web-6.1.8.jar:6.1.8]
	... 104 common frames omitted

2026-06-27T15:07:10.866+07:00 DEBUG 36572 --- [nio-3000-exec-1] o.s.w.s.m.m.a.HttpEntityMethodProcessor  : Using 'application/json', given [*/*] and supported [application/json, application/*+json]
2026-06-27T15:07:10.866+07:00 DEBUG 36572 --- [nio-3000-exec-1] o.s.w.s.m.m.a.HttpEntityMethodProcessor  : Writing [ErrorResponse[status=500, message=Lỗi máy chủ nội bộ, vui lòng thử lại sau, errors=null, timestamp=2 (truncated)...]
2026-06-27T15:07:10.866+07:00 DEBUG 36572 --- [nio-3000-exec-1] .m.m.a.ExceptionHandlerExceptionResolver : Resolved [org.springframework.http.converter.HttpMessageNotReadableException: JSON parse error: Unexpected character ('i' (code 105)): was expecting double-quote to start field name]
2026-06-27T15:07:10.868+07:00 DEBUG 36572 --- [nio-3000-exec-1] o.s.web.servlet.DispatcherServlet        : Completed 500 INTERNAL_SERVER_ERROR
2026-06-27T15:10:30.336+07:00 DEBUG 36572 --- [nio-3000-exec-4] v.v.backend.security.JwtAuthFilter       : JWT hợp lệ — Đã xác thực user: customer@gmail.com
2026-06-27T15:10:30.337+07:00 DEBUG 36572 --- [nio-3000-exec-4] o.s.web.servlet.DispatcherServlet        : GET "/api/recipes", parameters={}
2026-06-27T15:10:30.337+07:00 DEBUG 36572 --- [nio-3000-exec-4] s.w.s.m.m.a.RequestMappingHandlerMapping : Mapped to vn.vuavuive.backend.modules.recipe.RecipeController#getRecipes()
2026-06-27T15:10:30.413+07:00 DEBUG 36572 --- [nio-3000-exec-7] v.v.backend.security.JwtAuthFilter       : JWT hợp lệ — Đã xác thực user: customer@gmail.com
2026-06-27T15:10:30.414+07:00 DEBUG 36572 --- [nio-3000-exec-7] o.s.web.servlet.DispatcherServlet        : GET "/api/auth/me", parameters={}
2026-06-27T15:10:30.414+07:00 DEBUG 36572 --- [nio-3000-exec-7] s.w.s.m.m.a.RequestMappingHandlerMapping : Mapped to vn.vuavuive.backend.modules.auth.AuthController#getMe()
2026-06-27T15:10:30.648+07:00 DEBUG 36572 --- [nio-3000-exec-4] m.m.a.RequestResponseBodyMethodProcessor : Using 'application/json', given [*/*] and supported [application/json, application/*+json]
2026-06-27T15:10:30.650+07:00 DEBUG 36572 --- [nio-3000-exec-4] m.m.a.RequestResponseBodyMethodProcessor : Writing [ApiResponse(success=true, message=Thao tác thành công, data=[{difficulty=Dễ, image=https://images.un (truncated)...]
2026-06-27T15:10:30.653+07:00 DEBUG 36572 --- [nio-3000-exec-4] o.s.web.servlet.DispatcherServlet        : Completed 200 OK
2026-06-27T15:10:30.660+07:00 DEBUG 36572 --- [nio-3000-exec-7] o.s.w.s.m.m.a.HttpEntityMethodProcessor  : Using 'application/json', given [*/*] and supported [application/json, application/*+json]
2026-06-27T15:10:30.660+07:00 DEBUG 36572 --- [nio-3000-exec-7] o.s.w.s.m.m.a.HttpEntityMethodProcessor  : Writing [ApiResponse(success=true, message=Lấy thông tin người dùng thành công, data=UserResponse[id=11884dad (truncated)...]
2026-06-27T15:10:30.660+07:00 DEBUG 36572 --- [nio-3000-exec-7] o.s.web.servlet.DispatcherServlet        : Completed 200 OK
2026-06-27T15:12:51.502+07:00 DEBUG 36572 --- [nio-3000-exec-8] v.v.backend.security.JwtAuthFilter       : JWT hợp lệ — Đã xác thực user: customer@gmail.com
2026-06-27T15:12:51.507+07:00 DEBUG 36572 --- [nio-3000-exec-8] o.s.web.servlet.DispatcherServlet        : POST "/api/auth/login", parameters={}
2026-06-27T15:12:51.507+07:00 DEBUG 36572 --- [nio-3000-exec-8] s.w.s.m.m.a.RequestMappingHandlerMapping : Mapped to vn.vuavuive.backend.modules.auth.AuthController#login(LoginRequest, HttpServletResponse)
2026-06-27T15:12:51.508+07:00 DEBUG 36572 --- [nio-3000-exec-8] m.m.a.RequestResponseBodyMethodProcessor : Read "application/json;charset=UTF-8" to [LoginRequest[identifier=0912345678, password=Customer@123]]
2026-06-27T15:12:53.058+07:00 DEBUG 36572 --- [nio-3000-exec-8] o.s.w.s.m.m.a.HttpEntityMethodProcessor  : Using 'application/json', given [*/*] and supported [application/json, application/*+json]
2026-06-27T15:12:53.062+07:00 DEBUG 36572 --- [nio-3000-exec-8] o.s.w.s.m.m.a.HttpEntityMethodProcessor  : Writing [ApiResponse(success=true, message=Đăng nhập thành công, data=UserResponse[id=11884dad-80ef-4088-9518 (truncated)...]
2026-06-27T15:12:53.063+07:00 DEBUG 36572 --- [nio-3000-exec-8] o.s.web.servlet.DispatcherServlet        : Completed 200 OK
2026-06-27T15:12:53.426+07:00 DEBUG 36572 --- [nio-3000-exec-9] v.v.backend.security.JwtAuthFilter       : JWT hợp lệ — Đã xác thực user: customer@gmail.com
2026-06-27T15:12:53.427+07:00 DEBUG 36572 --- [nio-3000-exec-9] o.s.web.servlet.DispatcherServlet        : GET "/api/auth/me", parameters={}
2026-06-27T15:12:53.427+07:00 DEBUG 36572 --- [nio-3000-exec-9] s.w.s.m.m.a.RequestMappingHandlerMapping : Mapped to vn.vuavuive.backend.modules.auth.AuthController#getMe()
2026-06-27T15:12:53.690+07:00 DEBUG 36572 --- [nio-3000-exec-9] o.s.w.s.m.m.a.HttpEntityMethodProcessor  : Using 'application/json', given [*/*] and supported [application/json, application/*+json]
2026-06-27T15:12:53.690+07:00 DEBUG 36572 --- [nio-3000-exec-9] o.s.w.s.m.m.a.HttpEntityMethodProcessor  : Writing [ApiResponse(success=true, message=Lấy thông tin người dùng thành công, data=UserResponse[id=11884dad (truncated)...]
2026-06-27T15:12:53.691+07:00 DEBUG 36572 --- [nio-3000-exec-9] o.s.web.servlet.DispatcherServlet        : Completed 200 OK
2026-06-27T15:24:54.166+07:00 DEBUG 36572 --- [nio-3000-exec-1] v.v.backend.security.JwtAuthFilter       : JWT hợp lệ — Đã xác thực user: customer@gmail.com
2026-06-27T15:24:54.176+07:00 DEBUG 36572 --- [nio-3000-exec-1] o.s.web.servlet.DispatcherServlet        : POST "/api/orders", parameters={}
2026-06-27T15:24:54.179+07:00 DEBUG 36572 --- [nio-3000-exec-1] s.w.s.m.m.a.RequestMappingHandlerMapping : Mapped to vn.vuavuive.backend.modules.order.OrderController#createOrder(CreateOrderRequest, HttpServletRequest)
2026-06-27T15:24:54.257+07:00 DEBUG 36572 --- [nio-3000-exec-1] m.m.a.RequestResponseBodyMethodProcessor : Read "application/json;charset=UTF-8" to [CreateOrderRequest(items=[OrderItemRequest[productId=90000000-0000-0000-0000-000000000110, quantity= (truncated)...]
2026-06-27T15:24:55.638+07:00  INFO 36572 --- [nio-3000-exec-1] v.v.backend.modules.order.OrderService   : Đơn hàng 8d1d4b40-69f3-418d-8cc5-d40f88d2bc3e đã được tạo bởi user customer@gmail.com
2026-06-27T15:24:55.884+07:00 DEBUG 36572 --- [nio-3000-exec-1] o.s.w.s.m.m.a.HttpEntityMethodProcessor  : Using 'application/json', given [*/*] and supported [application/json, application/*+json]
2026-06-27T15:24:55.900+07:00 DEBUG 36572 --- [nio-3000-exec-1] o.s.w.s.m.m.a.HttpEntityMethodProcessor  : Writing [ApiResponse(success=true, message=Thao tác thành công, data=OrderResponse[orderId=8d1d4b40-69f3-418d (truncated)...]
2026-06-27T15:24:55.909+07:00 DEBUG 36572 --- [nio-3000-exec-1] o.s.web.servlet.DispatcherServlet        : Completed 201 CREATED
2026-06-27T15:24:56.169+07:00 DEBUG 36572 --- [nio-3000-exec-2] v.v.backend.security.JwtAuthFilter       : JWT hợp lệ — Đã xác thực user: customer@gmail.com
2026-06-27T15:24:56.173+07:00 DEBUG 36572 --- [nio-3000-exec-2] o.s.web.servlet.DispatcherServlet        : POST "/api/payments/momo", parameters={}
2026-06-27T15:24:56.173+07:00 DEBUG 36572 --- [nio-3000-exec-2] s.w.s.m.m.a.RequestMappingHandlerMapping : Mapped to vn.vuavuive.backend.modules.payment.PaymentController#createMomoPayment(CreateMomoPaymentRequest)
2026-06-27T15:24:56.185+07:00 DEBUG 36572 --- [nio-3000-exec-2] m.m.a.RequestResponseBodyMethodProcessor : Read "application/json;charset=UTF-8" to [CreateMomoPaymentRequest[orderId=8d1d4b40-69f3-418d-8cc5-d40f88d2bc3e, amount=60000.0, orderInfo=Tha (truncated)...]
2026-06-27T15:24:56.683+07:00  INFO 36572 --- [nio-3000-exec-2] v.v.backend.modules.payment.MoMoService  : MoMo create requestId=MOMO-1782548696681, orderId=8d1d4b40-69f3-418d-8cc5-d40f88d2bc3e, amount=60000
2026-06-27T15:24:56.721+07:00 DEBUG 36572 --- [nio-3000-exec-2] o.s.web.client.RestTemplate              : HTTP POST https://test-payment.momo.vn/v2/gateway/api/create
2026-06-27T15:24:56.728+07:00 DEBUG 36572 --- [nio-3000-exec-2] o.s.web.client.RestTemplate              : Accept=[application/json, application/*+json]
2026-06-27T15:24:56.734+07:00 DEBUG 36572 --- [nio-3000-exec-2] o.s.web.client.RestTemplate              : Writing [MomoCreateRequest[partnerCode=MOMO, accessKey=F8BBA842ECF85, requestId=MOMO-1782548696681, amount=60000, orderId=8d1d4b40-69f3-418d-8cc5-d40f88d2bc3e, orderInfo=Thanh toan don hang Vua Vui Ve: 8d1d4b40-69f3-418d-8cc5-d40f88d2bc3e, redirectUrl=https://lowell-intercerebral-monopodially.ngrok-free.dev/api/payments/momo/return, ipnUrl=https://lowell-intercerebral-monopodially.ngrok-free.dev/api/payments/momo/ipn, extraData=, requestType=captureWallet, lang=vi, signature=f5393ee36b1ece9c759fb449304fd3aa89b0178277dcedc494623c2844d7e895]] as "application/json"
2026-06-27T15:24:56.866+07:00 DEBUG 36572 --- [nio-3000-exec-2] o.s.web.client.RestTemplate              : Response 200 OK
2026-06-27T15:24:56.868+07:00 DEBUG 36572 --- [nio-3000-exec-2] o.s.web.client.RestTemplate              : Reading to [vn.vuavuive.backend.modules.payment.dto.MomoCreateResponse]
2026-06-27T15:24:57.375+07:00 DEBUG 36572 --- [nio-3000-exec-2] o.s.w.s.m.m.a.HttpEntityMethodProcessor  : Using 'application/json', given [*/*] and supported [application/json, application/*+json]
2026-06-27T15:24:57.382+07:00 DEBUG 36572 --- [nio-3000-exec-2] o.s.w.s.m.m.a.HttpEntityMethodProcessor  : Writing [ApiResponse(success=true, message=Thao tác thành công, data=CreateMomoPaymentResponse[orderId=8d1d4b (truncated)...]
2026-06-27T15:24:57.385+07:00 DEBUG 36572 --- [nio-3000-exec-2] o.s.web.servlet.DispatcherServlet        : Completed 200 OK
2026-06-27T15:24:57.669+07:00 DEBUG 36572 --- [nio-3000-exec-3] v.v.backend.security.JwtAuthFilter       : JWT hợp lệ — Đã xác thực user: customer@gmail.com
2026-06-27T15:24:57.671+07:00 DEBUG 36572 --- [nio-3000-exec-3] o.s.web.servlet.DispatcherServlet        : POST "/api/orders", parameters={}
2026-06-27T15:24:57.671+07:00 DEBUG 36572 --- [nio-3000-exec-3] s.w.s.m.m.a.RequestMappingHandlerMapping : Mapped to vn.vuavuive.backend.modules.order.OrderController#createOrder(CreateOrderRequest, HttpServletRequest)
2026-06-27T15:24:57.672+07:00 DEBUG 36572 --- [nio-3000-exec-3] m.m.a.RequestResponseBodyMethodProcessor : Read "application/json;charset=UTF-8" to [CreateOrderRequest(items=[OrderItemRequest[productId=90000000-0000-0000-0000-000000000110, quantity= (truncated)...]
2026-06-27T15:24:57.955+07:00 DEBUG 36572 --- [nio-3000-exec-4] v.v.backend.security.JwtAuthFilter       : JWT hợp lệ — Đã xác thực user: customer@gmail.com
2026-06-27T15:24:57.960+07:00 DEBUG 36572 --- [nio-3000-exec-4] o.s.web.servlet.DispatcherServlet        : GET "/api/payments/8d1d4b40-69f3-418d-8cc5-d40f88d2bc3e/status", parameters={}
2026-06-27T15:24:57.981+07:00 DEBUG 36572 --- [nio-3000-exec-4] s.w.s.m.m.a.RequestMappingHandlerMapping : Mapped to vn.vuavuive.backend.modules.payment.PaymentController#paymentStatus(String)
2026-06-27T15:24:58.769+07:00 DEBUG 36572 --- [nio-3000-exec-4] o.s.w.s.m.m.a.HttpEntityMethodProcessor  : Using 'application/json', given [*/*] and supported [application/json, application/*+json]
2026-06-27T15:24:58.771+07:00 DEBUG 36572 --- [nio-3000-exec-4] o.s.w.s.m.m.a.HttpEntityMethodProcessor  : Writing [ApiResponse(success=true, message=Thao tác thành công, data=PaymentStatusResponse[orderId=8d1d4b40-6 (truncated)...]
2026-06-27T15:24:58.772+07:00 DEBUG 36572 --- [nio-3000-exec-4] o.s.web.servlet.DispatcherServlet        : Completed 200 OK
2026-06-27T15:24:58.873+07:00  INFO 36572 --- [nio-3000-exec-3] v.v.backend.modules.order.OrderService   : Đơn hàng 621f1307-8ef7-425f-b0c4-e68c3843a7ff đã được tạo bởi user customer@gmail.com
2026-06-27T15:24:59.112+07:00 DEBUG 36572 --- [nio-3000-exec-3] o.s.w.s.m.m.a.HttpEntityMethodProcessor  : Using 'application/json', given [*/*] and supported [application/json, application/*+json]
2026-06-27T15:24:59.113+07:00 DEBUG 36572 --- [nio-3000-exec-3] o.s.w.s.m.m.a.HttpEntityMethodProcessor  : Writing [ApiResponse(success=true, message=Thao tác thành công, data=OrderResponse[orderId=621f1307-8ef7-425f (truncated)...]
2026-06-27T15:24:59.113+07:00 DEBUG 36572 --- [nio-3000-exec-3] o.s.web.servlet.DispatcherServlet        : Completed 201 CREATED
2026-06-27T15:24:59.366+07:00 DEBUG 36572 --- [nio-3000-exec-7] v.v.backend.security.JwtAuthFilter       : JWT hợp lệ — Đã xác thực user: customer@gmail.com
2026-06-27T15:24:59.367+07:00 DEBUG 36572 --- [nio-3000-exec-7] o.s.web.servlet.DispatcherServlet        : POST "/api/payments/momo", parameters={}
2026-06-27T15:24:59.367+07:00 DEBUG 36572 --- [nio-3000-exec-7] s.w.s.m.m.a.RequestMappingHandlerMapping : Mapped to vn.vuavuive.backend.modules.payment.PaymentController#createMomoPayment(CreateMomoPaymentRequest)
2026-06-27T15:24:59.368+07:00 DEBUG 36572 --- [nio-3000-exec-7] m.m.a.RequestResponseBodyMethodProcessor : Read "application/json;charset=UTF-8" to [CreateMomoPaymentRequest[orderId=621f1307-8ef7-425f-b0c4-e68c3843a7ff, amount=60000.0, orderInfo=Tha (truncated)...]
2026-06-27T15:24:59.848+07:00  INFO 36572 --- [nio-3000-exec-7] v.v.backend.modules.payment.MoMoService  : MoMo create requestId=MOMO-1782548699848, orderId=621f1307-8ef7-425f-b0c4-e68c3843a7ff, amount=60000
2026-06-27T15:24:59.849+07:00 DEBUG 36572 --- [nio-3000-exec-7] o.s.web.client.RestTemplate              : HTTP POST https://test-payment.momo.vn/v2/gateway/api/create
2026-06-27T15:24:59.849+07:00 DEBUG 36572 --- [nio-3000-exec-7] o.s.web.client.RestTemplate              : Accept=[application/json, application/*+json]
2026-06-27T15:24:59.850+07:00 DEBUG 36572 --- [nio-3000-exec-7] o.s.web.client.RestTemplate              : Writing [MomoCreateRequest[partnerCode=MOMO, accessKey=F8BBA842ECF85, requestId=MOMO-1782548699848, amount=60000, orderId=621f1307-8ef7-425f-b0c4-e68c3843a7ff, orderInfo=Thanh toan don hang Vua Vui Ve: 621f1307-8ef7-425f-b0c4-e68c3843a7ff, redirectUrl=https://lowell-intercerebral-monopodially.ngrok-free.dev/api/payments/momo/return, ipnUrl=https://lowell-intercerebral-monopodially.ngrok-free.dev/api/payments/momo/ipn, extraData=, requestType=captureWallet, lang=vi, signature=7b7d35c685cff8f60bb0aa0d2bb3fed4eeb7274c9975bc159a94140c700a4a2d]] as "application/json"
2026-06-27T15:24:59.881+07:00 DEBUG 36572 --- [nio-3000-exec-7] o.s.web.client.RestTemplate              : Response 200 OK
2026-06-27T15:24:59.883+07:00 DEBUG 36572 --- [nio-3000-exec-7] o.s.web.client.RestTemplate              : Reading to [vn.vuavuive.backend.modules.payment.dto.MomoCreateResponse]
2026-06-27T15:25:00.345+07:00 DEBUG 36572 --- [nio-3000-exec-7] o.s.w.s.m.m.a.HttpEntityMethodProcessor  : Using 'application/json', given [*/*] and supported [application/json, application/*+json]
2026-06-27T15:25:00.346+07:00 DEBUG 36572 --- [nio-3000-exec-7] o.s.w.s.m.m.a.HttpEntityMethodProcessor  : Writing [ApiResponse(success=true, message=Thao tác thành công, data=CreateMomoPaymentResponse[orderId=621f13 (truncated)...]
2026-06-27T15:25:00.347+07:00 DEBUG 36572 --- [nio-3000-exec-7] o.s.web.servlet.DispatcherServlet        : Completed 200 OK
2026-06-27T15:25:07.017+07:00  INFO 36572 --- [MessageBroker-8] v.v.b.modules.order.OrderScheduler       : Quét phát hiện 2 đơn hàng chưa thanh toán quá 15 phút. Bắt đầu tự động hủy...
2026-06-27T15:25:07.480+07:00  INFO 36572 --- [MessageBroker-8] v.v.b.modules.order.OrderScheduler       : Hoàn trả tồn kho cho SP: Cà rốt Firebase Test (+2)
2026-06-27T15:25:07.948+07:00  INFO 36572 --- [MessageBroker-8] v.v.b.modules.order.OrderScheduler       : Hủy đơn hàng quá hạn thành công: 621f1307-8ef7-425f-b0c4-e68c3843a7ff
2026-06-27T15:25:08.417+07:00  INFO 36572 --- [MessageBroker-8] v.v.b.modules.order.OrderScheduler       : Hoàn trả tồn kho cho SP: Cà rốt Firebase Test (+2)
2026-06-27T15:25:08.888+07:00  INFO 36572 --- [MessageBroker-8] v.v.b.modules.order.OrderScheduler       : Hủy đơn hàng quá hạn thành công: 8d1d4b40-69f3-418d-8cc5-d40f88d2bc3e
2026-06-27T15:25:14.101+07:00 DEBUG 36572 --- [nio-3000-exec-8] v.v.backend.security.JwtAuthFilter       : JWT hợp lệ — Đã xác thực user: customer@gmail.com
2026-06-27T15:25:14.101+07:00 DEBUG 36572 --- [nio-3000-exec-8] o.s.web.servlet.DispatcherServlet        : GET "/api/payments/8d1d4b40-69f3-418d-8cc5-d40f88d2bc3e/status", parameters={}
2026-06-27T15:25:14.102+07:00 DEBUG 36572 --- [nio-3000-exec-8] s.w.s.m.m.a.RequestMappingHandlerMapping : Mapped to vn.vuavuive.backend.modules.payment.PaymentController#paymentStatus(String)
2026-06-27T15:25:14.838+07:00 DEBUG 36572 --- [nio-3000-exec-8] o.s.w.s.m.m.a.HttpEntityMethodProcessor  : Using 'application/json', given [*/*] and supported [application/json, application/*+json]
2026-06-27T15:25:14.838+07:00 DEBUG 36572 --- [nio-3000-exec-8] o.s.w.s.m.m.a.HttpEntityMethodProcessor  : Writing [ApiResponse(success=true, message=Thao tác thành công, data=PaymentStatusResponse[orderId=8d1d4b40-6 (truncated)...]
2026-06-27T15:25:14.839+07:00 DEBUG 36572 --- [nio-3000-exec-8] o.s.web.servlet.DispatcherServlet        : Completed 200 OK
2026-06-27T15:25:30.568+07:00 DEBUG 36572 --- [io-3000-exec-10] v.v.backend.security.JwtAuthFilter       : JWT hợp lệ — Đã xác thực user: customer@gmail.com
2026-06-27T15:25:30.569+07:00 DEBUG 36572 --- [io-3000-exec-10] o.s.web.servlet.DispatcherServlet        : GET "/api/payments/8d1d4b40-69f3-418d-8cc5-d40f88d2bc3e/status", parameters={}
2026-06-27T15:25:30.570+07:00 DEBUG 36572 --- [io-3000-exec-10] s.w.s.m.m.a.RequestMappingHandlerMapping : Mapped to vn.vuavuive.backend.modules.payment.PaymentController#paymentStatus(String)
2026-06-27T15:25:31.248+07:00 DEBUG 36572 --- [io-3000-exec-10] o.s.w.s.m.m.a.HttpEntityMethodProcessor  : Using 'application/json', given [*/*] and supported [application/json, application/*+json]
2026-06-27T15:25:31.249+07:00 DEBUG 36572 --- [io-3000-exec-10] o.s.w.s.m.m.a.HttpEntityMethodProcessor  : Writing [ApiResponse(success=true, message=Thao tác thành công, data=PaymentStatusResponse[orderId=8d1d4b40-6 (truncated)...]
2026-06-27T15:25:31.249+07:00 DEBUG 36572 --- [io-3000-exec-10] o.s.web.servlet.DispatcherServlet        : Completed 200 OK
2026-06-27T15:25:33.690+07:00 DEBUG 36572 --- [nio-3000-exec-1] v.v.backend.security.JwtAuthFilter       : JWT hợp lệ — Đã xác thực user: customer@gmail.com
2026-06-27T15:25:33.691+07:00 DEBUG 36572 --- [nio-3000-exec-1] o.s.web.servlet.DispatcherServlet        : POST "/api/payments/momo/mock-success/8d1d4b40-69f3-418d-8cc5-d40f88d2bc3e", parameters={}
2026-06-27T15:25:33.692+07:00 DEBUG 36572 --- [nio-3000-exec-1] s.w.s.m.m.a.RequestMappingHandlerMapping : Mapped to vn.vuavuive.backend.modules.payment.PaymentController#mockMomoSuccess(String)
2026-06-27T15:25:34.819+07:00  INFO 36572 --- [nio-3000-exec-1] v.v.backend.modules.payment.MoMoService  : MoMo mock result requestId=MOMO-1782548696681, orderId=8d1d4b40-69f3-418d-8cc5-d40f88d2bc3e, amount=60000.0, resultCode=0
2026-06-27T15:25:35.981+07:00 DEBUG 36572 --- [nio-3000-exec-1] o.s.w.s.m.m.a.HttpEntityMethodProcessor  : Using 'application/json', given [*/*] and supported [application/json, application/*+json]
2026-06-27T15:25:35.983+07:00 DEBUG 36572 --- [nio-3000-exec-1] o.s.w.s.m.m.a.HttpEntityMethodProcessor  : Writing [ApiResponse(success=true, message=Thao tác thành công, data=PaymentStatusResponse[orderId=8d1d4b40-6 (truncated)...]
2026-06-27T15:25:35.983+07:00 DEBUG 36572 --- [nio-3000-exec-1] o.s.web.servlet.DispatcherServlet        : Completed 200 OK
2026-06-27T15:25:36.235+07:00 DEBUG 36572 --- [nio-3000-exec-2] v.v.backend.security.JwtAuthFilter       : JWT hợp lệ — Đã xác thực user: customer@gmail.com
2026-06-27T15:25:36.236+07:00 DEBUG 36572 --- [nio-3000-exec-2] o.s.web.servlet.DispatcherServlet        : GET "/api/payments/8d1d4b40-69f3-418d-8cc5-d40f88d2bc3e/status", parameters={}
2026-06-27T15:25:36.236+07:00 DEBUG 36572 --- [nio-3000-exec-2] s.w.s.m.m.a.RequestMappingHandlerMapping : Mapped to vn.vuavuive.backend.modules.payment.PaymentController#paymentStatus(String)
2026-06-27T15:25:36.947+07:00 DEBUG 36572 --- [nio-3000-exec-2] o.s.w.s.m.m.a.HttpEntityMethodProcessor  : Using 'application/json', given [*/*] and supported [application/json, application/*+json]
2026-06-27T15:25:36.947+07:00 DEBUG 36572 --- [nio-3000-exec-2] o.s.w.s.m.m.a.HttpEntityMethodProcessor  : Writing [ApiResponse(success=true, message=Thao tác thành công, data=PaymentStatusResponse[orderId=8d1d4b40-6 (truncated)...]
2026-06-27T15:25:36.949+07:00 DEBUG 36572 --- [nio-3000-exec-2] o.s.web.servlet.DispatcherServlet        : Completed 200 OK
2026-06-27T15:31:52.773+07:00  INFO 36572 --- [essageBroker-20] o.s.w.s.c.WebSocketMessageBrokerStats    : WebSocketSession[0 current WS(0)-HttpStream(0)-HttpPoll(0), 0 total, 0 closed abnormally (0 connect failure, 0 send limit, 0 transport error)], stompSubProtocol[processed CONNECT(0)-CONNECTED(0)-DISCONNECT(0)], stompBrokerRelay[null], inboundChannel[pool size = 0, active threads = 0, queued tasks = 0, completed tasks = 0], outboundChannel[pool size = 0, active threads = 0, queued tasks = 0, completed tasks = 0], sockJsScheduler[pool size = 24, active threads = 1, queued tasks = 1, completed tasks = 32]
[INFO] ------------------------------------------------------------------------
[INFO] BUILD FAILURE
[INFO] ------------------------------------------------------------------------
[INFO] Total time:  42:48 min
[INFO] Finished at: 2026-06-27T15:43:35+07:00
[INFO] ------------------------------------------------------------------------
[ERROR] Failed to execute goal org.springframework.boot:spring-boot-maven-plugin:3.3.0:run (default-cli) on project backend: Process terminated with exit code: -1 -> [Help 1]
[ERROR] 
[ERROR] To see the full stack trace of the errors, re-run Maven with the -e switch.
[ERROR] Re-run Maven using the -X switch to enable full debug logging.
[ERROR] 
[ERROR] For more information about the errors and possible solutions, please read the following articles:
[ERROR] [Help 1] http://cwiki.apache.org/confluence/display/MAVEN/MojoExecutionException
Press any key to continue . . . 
